------------------------------------------------------------
TimeQuest Timing Analyzer Summary
------------------------------------------------------------

Type  : Slow Model Setup 'inst4|altpll_component|pll|clk[0]'
Slack : -19.937
TNS   : -19.937

Type  : Slow Model Setup 'inst4|altpll_component|pll|clk[1]'
Slack : -19.465
TNS   : -19.465

Type  : Slow Model Setup 'reloj_ADS9223:inst2|EA[0]'
Slack : -14.958
TNS   : -132.242

Type  : Slow Model Setup 'reloj_ADS9223:inst2|clkSig'
Slack : -14.911
TNS   : -130.228

Type  : Slow Model Setup 'Retrasar_entrada:inst3|q5_Entrada'
Slack : -4.910
TNS   : -2103.746

Type  : Slow Model Setup 'ifclk'
Slack : -2.454
TNS   : -4.683

Type  : Slow Model Hold 'reloj_ADS9223:inst2|EA[0]'
Slack : -13.589
TNS   : -127.167

Type  : Slow Model Hold 'reloj_ADS9223:inst2|clkSig'
Slack : -2.337
TNS   : -13.777

Type  : Slow Model Hold 'inst4|altpll_component|pll|clk[0]'
Slack : 0.092
TNS   : 0.000

Type  : Slow Model Hold 'Retrasar_entrada:inst3|q5_Entrada'
Slack : 0.445
TNS   : 0.000

Type  : Slow Model Hold 'ifclk'
Slack : 0.445
TNS   : 0.000

Type  : Slow Model Hold 'inst4|altpll_component|pll|clk[1]'
Slack : 0.612
TNS   : 0.000

Type  : Slow Model Recovery 'ifclk'
Slack : 7.712
TNS   : 0.000

Type  : Slow Model Removal 'ifclk'
Slack : 11.586
TNS   : 0.000

Type  : Slow Model Minimum Pulse Width 'reloj_ADS9223:inst2|EA[0]'
Slack : -8.358
TNS   : -461.698

Type  : Slow Model Minimum Pulse Width 'Retrasar_entrada:inst3|q5_Entrada'
Slack : -2.064
TNS   : -2047.428

Type  : Slow Model Minimum Pulse Width 'reloj_ADS9223:inst2|clkSig'
Slack : 0.500
TNS   : 0.000

Type  : Slow Model Minimum Pulse Width 'inst4|altpll_component|pll|clk[0]'
Slack : 3.888
TNS   : 0.000

Type  : Slow Model Minimum Pulse Width 'ifclk'
Slack : 7.852
TNS   : 0.000

Type  : Slow Model Minimum Pulse Width 'inst4|altpll_component|pll|clk[1]'
Slack : 8.888
TNS   : 0.000

Type  : Fast Model Setup 'inst4|altpll_component|pll|clk[0]'
Slack : -7.962
TNS   : -7.962

Type  : Fast Model Setup 'inst4|altpll_component|pll|clk[1]'
Slack : -7.797
TNS   : -7.797

Type  : Fast Model Setup 'reloj_ADS9223:inst2|EA[0]'
Slack : -4.935
TNS   : -43.124

Type  : Fast Model Setup 'reloj_ADS9223:inst2|clkSig'
Slack : -4.620
TNS   : -40.074

Type  : Fast Model Setup 'Retrasar_entrada:inst3|q5_Entrada'
Slack : -1.457
TNS   : -564.994

Type  : Fast Model Setup 'ifclk'
Slack : -0.824
TNS   : -1.578

Type  : Fast Model Hold 'reloj_ADS9223:inst2|EA[0]'
Slack : -5.336
TNS   : -49.577

Type  : Fast Model Hold 'reloj_ADS9223:inst2|clkSig'
Slack : -1.367
TNS   : -9.573

Type  : Fast Model Hold 'ifclk'
Slack : 0.161
TNS   : 0.000

Type  : Fast Model Hold 'Retrasar_entrada:inst3|q5_Entrada'
Slack : 0.215
TNS   : 0.000

Type  : Fast Model Hold 'inst4|altpll_component|pll|clk[1]'
Slack : 0.236
TNS   : 0.000

Type  : Fast Model Hold 'inst4|altpll_component|pll|clk[0]'
Slack : 0.367
TNS   : 0.000

Type  : Fast Model Recovery 'ifclk'
Slack : 9.207
TNS   : 0.000

Type  : Fast Model Removal 'ifclk'
Slack : 10.996
TNS   : 0.000

Type  : Fast Model Minimum Pulse Width 'reloj_ADS9223:inst2|EA[0]'
Slack : -2.581
TNS   : -142.896

Type  : Fast Model Minimum Pulse Width 'Retrasar_entrada:inst3|q5_Entrada'
Slack : -1.880
TNS   : -1858.800

Type  : Fast Model Minimum Pulse Width 'reloj_ADS9223:inst2|clkSig'
Slack : 0.500
TNS   : 0.000

Type  : Fast Model Minimum Pulse Width 'inst4|altpll_component|pll|clk[0]'
Slack : 3.999
TNS   : 0.000

Type  : Fast Model Minimum Pulse Width 'ifclk'
Slack : 8.036
TNS   : 0.000

Type  : Fast Model Minimum Pulse Width 'inst4|altpll_component|pll|clk[1]'
Slack : 8.999
TNS   : 0.000

------------------------------------------------------------
