------------------------------------------------------------
TimeQuest Timing Analyzer Summary
------------------------------------------------------------

Type  : Slow Model Setup 'ifclk'
Slack : -5.407
TNS   : -10.436

Type  : Slow Model Setup 'IO_E3'
Slack : -4.929
TNS   : -2122.647

Type  : Slow Model Setup 'inst1|altpll_component|pll|clk[0]'
Slack : -2.328
TNS   : -4.653

Type  : Slow Model Setup 'inst1|altpll_component|pll|clk[1]'
Slack : 18.961
TNS   : 0.000

Type  : Slow Model Hold 'IO_E3'
Slack : -0.844
TNS   : -1.486

Type  : Slow Model Hold 'ifclk'
Slack : 0.445
TNS   : 0.000

Type  : Slow Model Hold 'inst1|altpll_component|pll|clk[0]'
Slack : 0.445
TNS   : 0.000

Type  : Slow Model Hold 'inst1|altpll_component|pll|clk[1]'
Slack : 0.628
TNS   : 0.000

Type  : Slow Model Recovery 'ifclk'
Slack : 8.819
TNS   : 0.000

Type  : Slow Model Removal 'ifclk'
Slack : 11.758
TNS   : 0.000

Type  : Slow Model Minimum Pulse Width 'IO_E3'
Slack : -2.064
TNS   : -2050.119

Type  : Slow Model Minimum Pulse Width 'ifclk'
Slack : 7.852
TNS   : 0.000

Type  : Slow Model Minimum Pulse Width 'inst1|altpll_component|pll|clk[1]'
Slack : 8.888
TNS   : 0.000

Type  : Slow Model Minimum Pulse Width 'inst1|altpll_component|pll|clk[0]'
Slack : 32.221
TNS   : 0.000

Type  : Fast Model Setup 'ifclk'
Slack : -2.172
TNS   : -4.194

Type  : Fast Model Setup 'IO_E3'
Slack : -1.457
TNS   : -561.616

Type  : Fast Model Setup 'inst1|altpll_component|pll|clk[0]'
Slack : -1.363
TNS   : -2.722

Type  : Fast Model Setup 'inst1|altpll_component|pll|clk[1]'
Slack : 19.537
TNS   : 0.000

Type  : Fast Model Hold 'IO_E3'
Slack : -0.427
TNS   : -0.807

Type  : Fast Model Hold 'ifclk'
Slack : 0.215
TNS   : 0.000

Type  : Fast Model Hold 'inst1|altpll_component|pll|clk[0]'
Slack : 0.215
TNS   : 0.000

Type  : Fast Model Hold 'inst1|altpll_component|pll|clk[1]'
Slack : 0.246
TNS   : 0.000

Type  : Fast Model Recovery 'ifclk'
Slack : 9.639
TNS   : 0.000

Type  : Fast Model Removal 'ifclk'
Slack : 11.070
TNS   : 0.000

Type  : Fast Model Minimum Pulse Width 'IO_E3'
Slack : -1.880
TNS   : -1861.022

Type  : Fast Model Minimum Pulse Width 'ifclk'
Slack : 8.036
TNS   : 0.000

Type  : Fast Model Minimum Pulse Width 'inst1|altpll_component|pll|clk[1]'
Slack : 8.999
TNS   : 0.000

Type  : Fast Model Minimum Pulse Width 'inst1|altpll_component|pll|clk[0]'
Slack : 32.332
TNS   : 0.000

------------------------------------------------------------
