------------------------------------------------------------
TimeQuest Timing Analyzer Summary
------------------------------------------------------------

Type  : Slow Model Setup 'ifclk'
Slack : -6.810
TNS   : -13.346

Type  : Slow Model Setup 'IO_E1'
Slack : -5.369
TNS   : -2141.589

Type  : Slow Model Setup 'inst1|altpll_component|pll|clk[0]'
Slack : -2.505
TNS   : -7.452

Type  : Slow Model Hold 'IO_E1'
Slack : -2.400
TNS   : -4.408

Type  : Slow Model Hold 'ifclk'
Slack : 0.445
TNS   : 0.000

Type  : Slow Model Hold 'inst1|altpll_component|pll|clk[0]'
Slack : 0.445
TNS   : 0.000

Type  : Slow Model Recovery 'ifclk'
Slack : 8.408
TNS   : 0.000

Type  : Slow Model Removal 'ifclk'
Slack : 11.588
TNS   : 0.000

Type  : Slow Model Minimum Pulse Width 'IO_E1'
Slack : -2.403
TNS   : -2407.149

Type  : Slow Model Minimum Pulse Width 'ifclk'
Slack : 7.852
TNS   : 0.000

Type  : Slow Model Minimum Pulse Width 'inst1|altpll_component|pll|clk[0]'
Slack : 32.221
TNS   : 0.000

Type  : Fast Model Setup 'ifclk'
Slack : -2.743
TNS   : -5.315

Type  : Fast Model Setup 'IO_E1'
Slack : -1.592
TNS   : -572.244

Type  : Fast Model Setup 'inst1|altpll_component|pll|clk[0]'
Slack : -1.428
TNS   : -4.258

Type  : Fast Model Hold 'IO_E1'
Slack : -1.022
TNS   : -1.864

Type  : Fast Model Hold 'ifclk'
Slack : 0.215
TNS   : 0.000

Type  : Fast Model Hold 'inst1|altpll_component|pll|clk[0]'
Slack : 0.215
TNS   : 0.000

Type  : Fast Model Recovery 'ifclk'
Slack : 9.485
TNS   : 0.000

Type  : Fast Model Removal 'ifclk'
Slack : 10.998
TNS   : 0.000

Type  : Fast Model Minimum Pulse Width 'IO_E1'
Slack : -2.015
TNS   : -2001.662

Type  : Fast Model Minimum Pulse Width 'ifclk'
Slack : 8.036
TNS   : 0.000

Type  : Fast Model Minimum Pulse Width 'inst1|altpll_component|pll|clk[0]'
Slack : 32.332
TNS   : 0.000

------------------------------------------------------------
