------------------------------------------------------------
TimeQuest Timing Analyzer Summary
------------------------------------------------------------

Type  : Slow Model Setup 'ifclk'
Slack : -5.846
TNS   : -11.495

Type  : Slow Model Setup 'IO_E1'
Slack : -4.938
TNS   : -2088.136

Type  : Slow Model Setup 'inst1|altpll_component|pll|clk[0]'
Slack : -2.266
TNS   : -4.063

Type  : Slow Model Hold 'IO_E1'
Slack : -1.335
TNS   : -2.548

Type  : Slow Model Hold 'ifclk'
Slack : 0.445
TNS   : 0.000

Type  : Slow Model Hold 'inst1|altpll_component|pll|clk[0]'
Slack : 0.445
TNS   : 0.000

Type  : Slow Model Recovery 'ifclk'
Slack : 8.208
TNS   : 0.000

Type  : Slow Model Removal 'ifclk'
Slack : 11.587
TNS   : 0.000

Type  : Slow Model Minimum Pulse Width 'IO_E1'
Slack : -2.414
TNS   : -2418.853

Type  : Slow Model Minimum Pulse Width 'ifclk'
Slack : 7.852
TNS   : 0.000

Type  : Slow Model Minimum Pulse Width 'inst1|altpll_component|pll|clk[0]'
Slack : 32.221
TNS   : 0.000

Type  : Fast Model Setup 'ifclk'
Slack : -2.338
TNS   : -4.611

Type  : Fast Model Setup 'IO_E1'
Slack : -1.577
TNS   : -550.511

Type  : Fast Model Setup 'inst1|altpll_component|pll|clk[0]'
Slack : -1.347
TNS   : -2.530

Type  : Fast Model Hold 'IO_E1'
Slack : -0.607
TNS   : -1.167

Type  : Fast Model Hold 'ifclk'
Slack : 0.215
TNS   : 0.000

Type  : Fast Model Hold 'inst1|altpll_component|pll|clk[0]'
Slack : 0.215
TNS   : 0.000

Type  : Fast Model Recovery 'ifclk'
Slack : 9.426
TNS   : 0.000

Type  : Fast Model Removal 'ifclk'
Slack : 10.997
TNS   : 0.000

Type  : Fast Model Minimum Pulse Width 'IO_E1'
Slack : -2.000
TNS   : -1985.702

Type  : Fast Model Minimum Pulse Width 'ifclk'
Slack : 8.036
TNS   : 0.000

Type  : Fast Model Minimum Pulse Width 'inst1|altpll_component|pll|clk[0]'
Slack : 32.332
TNS   : 0.000

------------------------------------------------------------
