******************************************************************************
                  TI ARM Linker PC v5.2.2                      
******************************************************************************
>> Linked Wed Apr 20 12:42:58 2016

OUTPUT FILE NAME:   <booster_C11204_4fuentes.out>
ENTRY POINT SYMBOL: "_c_int00"  address: 00002229


MEMORY CONFIGURATION

         name            origin    length      used     unused   attr    fill
----------------------  --------  ---------  --------  --------  ----  --------
  FLASH                 00000000   00040000  000027e6  0003d81a  R  X
  SRAM                  20000000   00008000  00000240  00007dc0  RW X


SEGMENT ALLOCATION MAP

run origin  load origin   length   init length attrs members
----------  ----------- ---------- ----------- ----- -------
00000000    00000000    000027e8   000027e8    r-x
  00000000    00000000    0000026c   0000026c    r-- .intvecs
  0000026c    0000026c    00002342   00002342    r-x .text
  000025b0    000025b0    00000200   00000200    r-- .const
  000027b0    000027b0    00000038   00000038    r-- .cinit
20000000    20000000    00000240   00000000    rw-
  20000000    20000000    00000200   00000000    rw- .stack
  20000200    20000200    00000028   00000000    rw- .bss
  20000228    20000228    00000018   00000000    rw- .data


SECTION ALLOCATION MAP

 output                                  attributes/
section   page    origin      length       input sections
--------  ----  ----------  ----------   ----------------
.intvecs   0    00000000    0000026c     
                  00000000    0000026c     tm4c123gh6pm_startup_ccs.obj (.intvecs)

.text      0    0000026c    00002342     
                  0000026c    000010be     C11204PS.obj (.text)
                  0000132a    00000002     --HOLE-- [fill = 0]
                  0000132c    00000464     main.obj (.text)
                  00001790    000001b6     rtsv7M4_T_le_v4SPD16_eabi.lib : fd_add_t2.obj (.text)
                  00001946    00000136                                   : fd_div_t2.obj (.text)
                  00001a7c    00000134                                   : strtol.obj (.text)
                  00001bb0    00000130     driverlib.lib : gpio.obj (.text:GPIOPadConfigSet)
                  00001ce0    00000118                   : sysctl.obj (.text:SysCtlClockGet)
                  00001df8    000000fc     rtsv7M4_T_le_v4SPD16_eabi.lib : fd_mul_t2.obj (.text)
                  00001ef4    000000f0     driverlib.lib : sysctl.obj (.text:SysCtlClockSet)
                  00001fe4    0000009c     rtsv7M4_T_le_v4SPD16_eabi.lib : memcpy_t2.obj (.text)
                  00002080    0000007a                                   : memset_t2.obj (.text)
                  000020fa    00000002     --HOLE-- [fill = 0]
                  000020fc    0000006c                                   : autoinit.obj (.text)
                  00002168    0000006a                                   : copy_decompress_rle.obj (.text)
                  000021d2    00000056                                   : ltoa.obj (.text)
                  00002228    00000050                                   : boot.obj (.text)
                  00002278    0000004c                                   : cpy_tbl.obj (.text)
                  000022c4    0000004a                                   : fd_tos_t2.obj (.text)
                  0000230e    00000002     --HOLE-- [fill = 0]
                  00002310    00000048     driverlib.lib : gpio.obj (.text:GPIOPinConfigure)
                  00002358    00000048     rtsv7M4_T_le_v4SPD16_eabi.lib : fd_toi_t2.obj (.text)
                  000023a0    00000044                                   : exit.obj (.text)
                  000023e4    00000040     driverlib.lib : uart.obj (.text:UARTConfigSetExpClk)
                  00002424    00000038     rtsv7M4_T_le_v4SPD16_eabi.lib : fs_tod_t2.obj (.text)
                  0000245c    00000034     driverlib.lib : sysctl.obj (.text:SysCtlPeripheralEnable)
                  00002490    0000002a                   : gpio.obj (.text:GPIODirModeSet)
                  000024ba    00000002     --HOLE-- [fill = 0]
                  000024bc    0000001c                   : uart.obj (.text:UARTDisable)
                  000024d8    00000018                   : gpio.obj (.text:GPIOPinTypeGPIOOutput)
                  000024f0    00000018     rtsv7M4_T_le_v4SPD16_eabi.lib : args_main.obj (.text)
                  00002508    00000014     driverlib.lib : uart.obj (.text:UARTEnable)
                  0000251c    00000014     rtsv7M4_T_le_v4SPD16_eabi.lib : _lock.obj (.text)
                  00002530    00000012     driverlib.lib : gpio.obj (.text:GPIOPinTypeUART)
                  00002542    0000000e                   : uart.obj (.text:UARTCharGetNonBlocking)
                  00002550    0000000e     rtsv7M4_T_le_v4SPD16_eabi.lib : copy_decompress_none.obj (.text:decompress:none)
                  0000255e    0000000c     driverlib.lib : uart.obj (.text:UARTCharsAvail)
                  0000256a    0000000c     rtsv7M4_T_le_v4SPD16_eabi.lib : copy_zero_init.obj (.text:decompress:ZI)
                  00002576    0000000c     tm4c123gh6pm_startup_ccs.obj (.text)
                  00002582    0000000a     driverlib.lib : uart.obj (.text:UARTCharGet)
                  0000258c    0000000a                   : uart.obj (.text:UARTCharPut)
                  00002596    00000008                   : uart.obj (.text:UARTBusy)
                  0000259e    00000006                   : sysctl.obj (.text:SysCtlDelay)
                  000025a4    00000006     rtsv7M4_T_le_v4SPD16_eabi.lib : copy_decompress_rle.obj (.text:decompress:rle24)
                  000025aa    00000004                                   : pre_init.obj (.text)

.const     0    000025b0    00000200     
                  000025b0    00000101     rtsv7M4_T_le_v4SPD16_eabi.lib : ctype.obj (.const:.string:_ctypes_)
                  000026b1    00000003     --HOLE-- [fill = 0]
                  000026b4    00000090     driverlib.lib : gpio.obj (.const:g_pui32GPIOBaseAddrs)
                  00002744    0000006c                   : sysctl.obj (.const:g_pui32Xtals)

.cinit     0    000027b0    00000038     
                  000027b0    0000000f     (.cinit..data.load) [load image, compression = rle]
                  000027bf    00000001     --HOLE-- [fill = 0]
                  000027c0    0000000c     (__TI_handler_table)
                  000027cc    00000004     --HOLE-- [fill = 0]
                  000027d0    00000008     (.cinit..bss.load) [load image, compression = zero_init]
                  000027d8    00000010     (__TI_cinit_table)

.init_array 
*          0    00000000    00000000     UNINITIALIZED

.stack     0    20000000    00000200     UNINITIALIZED
                  20000000    00000200     --HOLE--

.bss       0    20000200    00000028     UNINITIALIZED
                  20000200    00000018     (.common:tempCorrs)
                  20000218    0000000c     (.common:buffIn)
                  20000224    00000004     (.common:HVset)

.TI.noinit 
*          0    20000200    00000000     UNINITIALIZED

.data      0    20000228    00000018     UNINITIALIZED
                  20000228    00000008     rtsv7M4_T_le_v4SPD16_eabi.lib : _lock.obj (.data)
                  20000230    00000008                                   : exit.obj (.data)
                  20000238    00000004                                   : errno.obj (.data)
                  2000023c    00000004                                   : stkdepth_vars.obj (.data)

.TI.persistent 
*          0    20000228    00000000     UNINITIALIZED


LINKER GENERATED COPY TABLES

__TI_cinit_table @ 000027d8 records: 2, size/record: 8, table size: 16
	.data: load addr=000027b0, load size=0000000f bytes, run addr=20000228, run size=00000018 bytes, compression=rle
	.bss: load addr=000027d0, load size=00000008 bytes, run addr=20000200, run size=00000028 bytes, compression=zero_init


LINKER GENERATED HANDLER TABLE

__TI_handler_table @ 000027c0 records: 3, size/record: 4, table size: 12
	index: 0, handler: __TI_decompress_rle24
	index: 1, handler: __TI_decompress_none
	index: 2, handler: __TI_zero_init


GLOBAL SYMBOLS: SORTED ALPHABETICALLY BY Name 

address   name                    
-------   ----                    
000023a1  C$$EXIT                 
00002491  GPIODirModeSet          
00001bb1  GPIOPadConfigSet        
00002311  GPIOPinConfigure        
000024d9  GPIOPinTypeGPIOOutput   
00002531  GPIOPinTypeUART         
20000224  HVset                   
00002577  ResetISR                
UNDEFED   SHT$$INIT_ARRAY$$Base   
UNDEFED   SHT$$INIT_ARRAY$$Limit  
00001ce1  SysCtlClockGet          
00001ef5  SysCtlClockSet          
0000259f  SysCtlDelay             
0000245d  SysCtlPeripheralEnable  
00002597  UARTBusy                
00002583  UARTCharGet             
00002543  UARTCharGetNonBlocking  
0000258d  UARTCharPut             
0000255f  UARTCharsAvail          
000023e5  UARTConfigSetExpClk     
000024bd  UARTDisable             
00002509  UARTEnable              
20000238  _Errno                  
00000359  _Z11decimal_hexiPh      
00000431  _Z8charConvfcPh         
20000200  __STACK_END             
00000200  __STACK_SIZE            
20000200  __STACK_TOP             
000027d8  __TI_CINIT_Base         
000027e8  __TI_CINIT_Limit        
000027c0  __TI_Handler_Table_Base 
000027cc  __TI_Handler_Table_Limit
000020fd  __TI_auto_init          
20000230  __TI_cleanup_ptr        
00002551  __TI_decompress_none    
000025a5  __TI_decompress_rle24   
20000234  __TI_dtors_ptr          
00000000  __TI_static_base__      
0000256b  __TI_zero_init          
000022c5  __aeabi_d2f             
00002359  __aeabi_d2iz            
0000179b  __aeabi_dadd            
00001947  __aeabi_ddiv            
00001df9  __aeabi_dmul            
00001791  __aeabi_dsub            
00002425  __aeabi_f2d             
00002081  __aeabi_memclr          
00002081  __aeabi_memclr4         
00002081  __aeabi_memclr8         
00001fe5  __aeabi_memcpy          
00001fe5  __aeabi_memcpy4         
00001fe5  __aeabi_memcpy8         
00002083  __aeabi_memset          
00002083  __aeabi_memset4         
00002083  __aeabi_memset8         
ffffffff  __binit__               
ffffffff  __c_args__              
20000000  __stack                 
000024f1  _args_main              
00002229  _c_int00                
000025b0  _ctypes_                
20000228  _lock                   
0000252b  _nop                    
00002523  _register_lock          
0000251d  _register_unlock        
000025ab  _system_pre_init        
2000022c  _unlock                 
000023a5  abort                   
ffffffff  binit                   
20000218  buffIn                  
000005c5  checkCRC                
0000053d  computeCRC              
00002279  copy_in                 
0000132d  decimal_hex             
000023ad  exit                    
00000000  g_pfnVectors            
000008b9  getInfoAndStatus        
00001061  getMPPCTemp             
000011c1  getOutputCurrent        
00001111  getOutputHV             
00001271  getStatus               
000021d3  ltoa                    
000013df  main                    
2000023c  main_func_sp            
00001fe5  memcpy                  
00002089  memset                  
0000161d  msgProc                 
00000f49  pSReset                 
0000072d  readAnswer              
00000a65  readTempCorrFact        
00000e47  setHVOff                
00000dd3  setHVOn                 
00000c49  setTempCorrFact         
00000fbd  setTempHV               
000005fd  startCommunication      
00000645  startCommunicationUART1 
0000067b  startCommunicationUART2 
000006c1  startCommunicationUART3 
000006f7  startCommunicationUART5 
00001a7d  strtol                  
00000ebb  switchTempComp          
20000200  tempCorrs               
0000026d  unitConv                


GLOBAL SYMBOLS: SORTED BY Symbol Address 

address   name                    
-------   ----                    
00000000  __TI_static_base__      
00000000  g_pfnVectors            
00000200  __STACK_SIZE            
0000026d  unitConv                
00000359  _Z11decimal_hexiPh      
00000431  _Z8charConvfcPh         
0000053d  computeCRC              
000005c5  checkCRC                
000005fd  startCommunication      
00000645  startCommunicationUART1 
0000067b  startCommunicationUART2 
000006c1  startCommunicationUART3 
000006f7  startCommunicationUART5 
0000072d  readAnswer              
000008b9  getInfoAndStatus        
00000a65  readTempCorrFact        
00000c49  setTempCorrFact         
00000dd3  setHVOn                 
00000e47  setHVOff                
00000ebb  switchTempComp          
00000f49  pSReset                 
00000fbd  setTempHV               
00001061  getMPPCTemp             
00001111  getOutputHV             
000011c1  getOutputCurrent        
00001271  getStatus               
0000132d  decimal_hex             
000013df  main                    
0000161d  msgProc                 
00001791  __aeabi_dsub            
0000179b  __aeabi_dadd            
00001947  __aeabi_ddiv            
00001a7d  strtol                  
00001bb1  GPIOPadConfigSet        
00001ce1  SysCtlClockGet          
00001df9  __aeabi_dmul            
00001ef5  SysCtlClockSet          
00001fe5  __aeabi_memcpy          
00001fe5  __aeabi_memcpy4         
00001fe5  __aeabi_memcpy8         
00001fe5  memcpy                  
00002081  __aeabi_memclr          
00002081  __aeabi_memclr4         
00002081  __aeabi_memclr8         
00002083  __aeabi_memset          
00002083  __aeabi_memset4         
00002083  __aeabi_memset8         
00002089  memset                  
000020fd  __TI_auto_init          
000021d3  ltoa                    
00002229  _c_int00                
00002279  copy_in                 
000022c5  __aeabi_d2f             
00002311  GPIOPinConfigure        
00002359  __aeabi_d2iz            
000023a1  C$$EXIT                 
000023a5  abort                   
000023ad  exit                    
000023e5  UARTConfigSetExpClk     
00002425  __aeabi_f2d             
0000245d  SysCtlPeripheralEnable  
00002491  GPIODirModeSet          
000024bd  UARTDisable             
000024d9  GPIOPinTypeGPIOOutput   
000024f1  _args_main              
00002509  UARTEnable              
0000251d  _register_unlock        
00002523  _register_lock          
0000252b  _nop                    
00002531  GPIOPinTypeUART         
00002543  UARTCharGetNonBlocking  
00002551  __TI_decompress_none    
0000255f  UARTCharsAvail          
0000256b  __TI_zero_init          
00002577  ResetISR                
00002583  UARTCharGet             
0000258d  UARTCharPut             
00002597  UARTBusy                
0000259f  SysCtlDelay             
000025a5  __TI_decompress_rle24   
000025ab  _system_pre_init        
000025b0  _ctypes_                
000027c0  __TI_Handler_Table_Base 
000027cc  __TI_Handler_Table_Limit
000027d8  __TI_CINIT_Base         
000027e8  __TI_CINIT_Limit        
20000000  __stack                 
20000200  __STACK_END             
20000200  __STACK_TOP             
20000200  tempCorrs               
20000218  buffIn                  
20000224  HVset                   
20000228  _lock                   
2000022c  _unlock                 
20000230  __TI_cleanup_ptr        
20000234  __TI_dtors_ptr          
20000238  _Errno                  
2000023c  main_func_sp            
ffffffff  __binit__               
ffffffff  __c_args__              
ffffffff  binit                   
UNDEFED   SHT$$INIT_ARRAY$$Base   
UNDEFED   SHT$$INIT_ARRAY$$Limit  

[103 symbols]
