******************************************************************************
                  TI ARM Linker PC v5.2.2                      
******************************************************************************
>> Linked Fri May 08 14:15:44 2015

OUTPUT FILE NAME:   <booster_C11204_test.out>
ENTRY POINT SYMBOL: "_c_int00"  address: 00002245


MEMORY CONFIGURATION

         name            origin    length      used     unused   attr    fill
----------------------  --------  ---------  --------  --------  ----  --------
  FLASH                 00000000   00040000  00002802  0003d7fe  R  X
  SRAM                  20000000   00008000  00002248  00005db8  RW X


SEGMENT ALLOCATION MAP

run origin  load origin   length   init length attrs members
----------  ----------- ---------- ----------- ----- -------
00000000    00000000    00002808   00002808    r-x
  00000000    00000000    0000026c   0000026c    r-- .intvecs
  0000026c    0000026c    0000235e   0000235e    r-x .text
  000025cc    000025cc    00000200   00000200    r-- .const
  000027d0    000027d0    00000038   00000038    r-- .cinit
20000000    20000000    00002248   00000000    rw-
  20000000    20000000    00002028   00000000    rw- .bss
  20002028    20002028    00000200   00000000    rw- .stack
  20002228    20002228    00000020   00000000    rw- .data


SECTION ALLOCATION MAP

 output                                  attributes/
section   page    origin      length       input sections
--------  ----  ----------  ----------   ----------------
.intvecs   0    00000000    0000026c     
                  00000000    0000026c     tm4c123gh6pm_startup_ccs.obj (.intvecs)

.text      0    0000026c    0000235e     
                  0000026c    000010b2     C11204PS.obj (.text)
                  0000131e    00000002     --HOLE-- [fill = 0]
                  00001320    0000048c     main.obj (.text)
                  000017ac    000001b6     rtsv7M4_T_le_v4SPD16_eabi.lib : fd_add_t2.obj (.text)
                  00001962    00000136                                   : fd_div_t2.obj (.text)
                  00001a98    00000134                                   : strtol.obj (.text)
                  00001bcc    00000130     driverlib.lib : gpio.obj (.text:GPIOPadConfigSet)
                  00001cfc    00000118                   : sysctl.obj (.text:SysCtlClockGet)
                  00001e14    000000fc     rtsv7M4_T_le_v4SPD16_eabi.lib : fd_mul_t2.obj (.text)
                  00001f10    000000f0     driverlib.lib : sysctl.obj (.text:SysCtlClockSet)
                  00002000    0000009c     rtsv7M4_T_le_v4SPD16_eabi.lib : memcpy_t2.obj (.text)
                  0000209c    0000007a                                   : memset_t2.obj (.text)
                  00002116    00000002     --HOLE-- [fill = 0]
                  00002118    0000006c                                   : autoinit.obj (.text)
                  00002184    0000006a                                   : copy_decompress_rle.obj (.text)
                  000021ee    00000056                                   : ltoa.obj (.text)
                  00002244    00000050                                   : boot.obj (.text)
                  00002294    0000004c                                   : cpy_tbl.obj (.text)
                  000022e0    0000004a                                   : fd_tos_t2.obj (.text)
                  0000232a    00000002     --HOLE-- [fill = 0]
                  0000232c    00000048     driverlib.lib : gpio.obj (.text:GPIOPinConfigure)
                  00002374    00000048     rtsv7M4_T_le_v4SPD16_eabi.lib : fd_toi_t2.obj (.text)
                  000023bc    00000044                                   : exit.obj (.text)
                  00002400    00000040     driverlib.lib : uart.obj (.text:UARTConfigSetExpClk)
                  00002440    00000038     rtsv7M4_T_le_v4SPD16_eabi.lib : fs_tod_t2.obj (.text)
                  00002478    00000034     driverlib.lib : sysctl.obj (.text:SysCtlPeripheralEnable)
                  000024ac    0000002a                   : gpio.obj (.text:GPIODirModeSet)
                  000024d6    00000002     --HOLE-- [fill = 0]
                  000024d8    0000001c                   : uart.obj (.text:UARTDisable)
                  000024f4    00000018                   : gpio.obj (.text:GPIOPinTypeGPIOOutput)
                  0000250c    00000018     rtsv7M4_T_le_v4SPD16_eabi.lib : args_main.obj (.text)
                  00002524    00000014     driverlib.lib : uart.obj (.text:UARTEnable)
                  00002538    00000014     rtsv7M4_T_le_v4SPD16_eabi.lib : _lock.obj (.text)
                  0000254c    00000012     driverlib.lib : gpio.obj (.text:GPIOPinTypeUART)
                  0000255e    0000000e                   : uart.obj (.text:UARTCharGetNonBlocking)
                  0000256c    0000000e     rtsv7M4_T_le_v4SPD16_eabi.lib : copy_decompress_none.obj (.text:decompress:none)
                  0000257a    0000000c     driverlib.lib : uart.obj (.text:UARTCharsAvail)
                  00002586    0000000c     rtsv7M4_T_le_v4SPD16_eabi.lib : copy_zero_init.obj (.text:decompress:ZI)
                  00002592    0000000c     tm4c123gh6pm_startup_ccs.obj (.text)
                  0000259e    0000000a     driverlib.lib : uart.obj (.text:UARTCharGet)
                  000025a8    0000000a                   : uart.obj (.text:UARTCharPut)
                  000025b2    00000008                   : uart.obj (.text:UARTBusy)
                  000025ba    00000006                   : sysctl.obj (.text:SysCtlDelay)
                  000025c0    00000006     rtsv7M4_T_le_v4SPD16_eabi.lib : copy_decompress_rle.obj (.text:decompress:rle24)
                  000025c6    00000004                                   : pre_init.obj (.text)

.const     0    000025cc    00000200     
                  000025cc    00000101     rtsv7M4_T_le_v4SPD16_eabi.lib : ctype.obj (.const:.string:_ctypes_)
                  000026cd    00000003     --HOLE-- [fill = 0]
                  000026d0    00000090     driverlib.lib : gpio.obj (.const:g_pui32GPIOBaseAddrs)
                  00002760    0000006c                   : sysctl.obj (.const:g_pui32Xtals)

.cinit     0    000027d0    00000038     
                  000027d0    0000000f     (.cinit..data.load) [load image, compression = rle]
                  000027df    00000001     --HOLE-- [fill = 0]
                  000027e0    0000000c     (__TI_handler_table)
                  000027ec    00000004     --HOLE-- [fill = 0]
                  000027f0    00000008     (.cinit..bss.load) [load image, compression = zero_init]
                  000027f8    00000010     (__TI_cinit_table)

.init_array 
*          0    00000000    00000000     UNINITIALIZED

.bss       0    20000000    00002028     UNINITIALIZED
                  20000000    00002000     main.obj (.bss:histBuff)
                  20002000    00000018     (.common:tempCorrs)
                  20002018    0000000c     (.common:buffIn)
                  20002024    00000004     (.common:HVset)

.TI.noinit 
*          0    20000000    00000000     UNINITIALIZED

.stack     0    20002028    00000200     UNINITIALIZED
                  20002028    00000200     --HOLE--

.data      0    20002228    00000020     UNINITIALIZED
                  20002228    00000008     rtsv7M4_T_le_v4SPD16_eabi.lib : _lock.obj (.data)
                  20002230    00000008                                   : exit.obj (.data)
                  20002238    00000005     main.obj (.data)
                  2000223d    00000003     --HOLE--
                  20002240    00000004     rtsv7M4_T_le_v4SPD16_eabi.lib : errno.obj (.data)
                  20002244    00000004                                   : stkdepth_vars.obj (.data)

.TI.persistent 
*          0    20002228    00000000     UNINITIALIZED


LINKER GENERATED COPY TABLES

__TI_cinit_table @ 000027f8 records: 2, size/record: 8, table size: 16
	.data: load addr=000027d0, load size=0000000f bytes, run addr=20002228, run size=00000020 bytes, compression=rle
	.bss: load addr=000027f0, load size=00000008 bytes, run addr=20000000, run size=00002028 bytes, compression=zero_init


LINKER GENERATED HANDLER TABLE

__TI_handler_table @ 000027e0 records: 3, size/record: 4, table size: 12
	index: 0, handler: __TI_decompress_rle24
	index: 1, handler: __TI_decompress_none
	index: 2, handler: __TI_zero_init


GLOBAL SYMBOLS: SORTED ALPHABETICALLY BY Name 

address   name                    
-------   ----                    
000023bd  C$$EXIT                 
000024ad  GPIODirModeSet          
00001bcd  GPIOPadConfigSet        
0000232d  GPIOPinConfigure        
000024f5  GPIOPinTypeGPIOOutput   
0000254d  GPIOPinTypeUART         
20002024  HVset                   
00002593  ResetISR                
UNDEFED   SHT$$INIT_ARRAY$$Base   
UNDEFED   SHT$$INIT_ARRAY$$Limit  
00001cfd  SysCtlClockGet          
00001f11  SysCtlClockSet          
000025bb  SysCtlDelay             
00002479  SysCtlPeripheralEnable  
000025b3  UARTBusy                
0000259f  UARTCharGet             
0000255f  UARTCharGetNonBlocking  
000025a9  UARTCharPut             
0000257b  UARTCharsAvail          
00002401  UARTConfigSetExpClk     
000024d9  UARTDisable             
00002525  UARTEnable              
20002240  _Errno                  
00000359  _Z11decimal_hexiPh      
00000431  _Z8charConvfcPh         
20002228  __STACK_END             
00000200  __STACK_SIZE            
20002228  __STACK_TOP             
000027f8  __TI_CINIT_Base         
00002808  __TI_CINIT_Limit        
000027e0  __TI_Handler_Table_Base 
000027ec  __TI_Handler_Table_Limit
00002119  __TI_auto_init          
20002230  __TI_cleanup_ptr        
0000256d  __TI_decompress_none    
000025c1  __TI_decompress_rle24   
20002234  __TI_dtors_ptr          
00000000  __TI_static_base__      
00002587  __TI_zero_init          
000022e1  __aeabi_d2f             
00002375  __aeabi_d2iz            
000017b7  __aeabi_dadd            
00001963  __aeabi_ddiv            
00001e15  __aeabi_dmul            
000017ad  __aeabi_dsub            
00002441  __aeabi_f2d             
0000209d  __aeabi_memclr          
0000209d  __aeabi_memclr4         
0000209d  __aeabi_memclr8         
00002001  __aeabi_memcpy          
00002001  __aeabi_memcpy4         
00002001  __aeabi_memcpy8         
0000209f  __aeabi_memset          
0000209f  __aeabi_memset4         
0000209f  __aeabi_memset8         
ffffffff  __binit__               
ffffffff  __c_args__              
20002028  __stack                 
0000250d  _args_main              
00002245  _c_int00                
000025cc  _ctypes_                
20002228  _lock                   
00002547  _nop                    
0000253f  _register_lock          
00002539  _register_unlock        
000025c7  _system_pre_init        
2000222c  _unlock                 
000023c1  abort                   
ffffffff  binit                   
20002018  buffIn                  
000005c5  checkCRC                
0000053d  computeCRC              
00002295  copy_in                 
2000223c  datFull                 
00001321  decimal_hex             
000023c9  exit                    
00000000  g_pfnVectors            
20002238  g_ulFlags               
000008b1  getInfoAndStatus        
00001055  getMPPCTemp             
000011b5  getOutputCurrent        
00001105  getOutputHV             
00001265  getStatus               
20000000  histBuff                
000021ef  ltoa                    
000013d3  main                    
20002244  main_func_sp            
00002001  memcpy                  
000020a5  memset                  
000015a1  msgProc                 
00000f3d  pSReset                 
0000072d  readAnswer              
00000a57  readTempCorrFact        
00000e3b  setHVOff                
00000dc7  setHVOn                 
00000c3d  setTempCorrFact         
00000fb1  setTempHV               
000005fd  startCommunication      
00000645  startCommunicationUART1 
0000067b  startCommunicationUART2 
000006c1  startCommunicationUART3 
000006f7  startCommunicationUART5 
00001a99  strtol                  
00000eaf  switchTempComp          
20002000  tempCorrs               
0000026d  unitConv                


GLOBAL SYMBOLS: SORTED BY Symbol Address 

address   name                    
-------   ----                    
00000000  __TI_static_base__      
00000000  g_pfnVectors            
00000200  __STACK_SIZE            
0000026d  unitConv                
00000359  _Z11decimal_hexiPh      
00000431  _Z8charConvfcPh         
0000053d  computeCRC              
000005c5  checkCRC                
000005fd  startCommunication      
00000645  startCommunicationUART1 
0000067b  startCommunicationUART2 
000006c1  startCommunicationUART3 
000006f7  startCommunicationUART5 
0000072d  readAnswer              
000008b1  getInfoAndStatus        
00000a57  readTempCorrFact        
00000c3d  setTempCorrFact         
00000dc7  setHVOn                 
00000e3b  setHVOff                
00000eaf  switchTempComp          
00000f3d  pSReset                 
00000fb1  setTempHV               
00001055  getMPPCTemp             
00001105  getOutputHV             
000011b5  getOutputCurrent        
00001265  getStatus               
00001321  decimal_hex             
000013d3  main                    
000015a1  msgProc                 
000017ad  __aeabi_dsub            
000017b7  __aeabi_dadd            
00001963  __aeabi_ddiv            
00001a99  strtol                  
00001bcd  GPIOPadConfigSet        
00001cfd  SysCtlClockGet          
00001e15  __aeabi_dmul            
00001f11  SysCtlClockSet          
00002001  __aeabi_memcpy          
00002001  __aeabi_memcpy4         
00002001  __aeabi_memcpy8         
00002001  memcpy                  
0000209d  __aeabi_memclr          
0000209d  __aeabi_memclr4         
0000209d  __aeabi_memclr8         
0000209f  __aeabi_memset          
0000209f  __aeabi_memset4         
0000209f  __aeabi_memset8         
000020a5  memset                  
00002119  __TI_auto_init          
000021ef  ltoa                    
00002245  _c_int00                
00002295  copy_in                 
000022e1  __aeabi_d2f             
0000232d  GPIOPinConfigure        
00002375  __aeabi_d2iz            
000023bd  C$$EXIT                 
000023c1  abort                   
000023c9  exit                    
00002401  UARTConfigSetExpClk     
00002441  __aeabi_f2d             
00002479  SysCtlPeripheralEnable  
000024ad  GPIODirModeSet          
000024d9  UARTDisable             
000024f5  GPIOPinTypeGPIOOutput   
0000250d  _args_main              
00002525  UARTEnable              
00002539  _register_unlock        
0000253f  _register_lock          
00002547  _nop                    
0000254d  GPIOPinTypeUART         
0000255f  UARTCharGetNonBlocking  
0000256d  __TI_decompress_none    
0000257b  UARTCharsAvail          
00002587  __TI_zero_init          
00002593  ResetISR                
0000259f  UARTCharGet             
000025a9  UARTCharPut             
000025b3  UARTBusy                
000025bb  SysCtlDelay             
000025c1  __TI_decompress_rle24   
000025c7  _system_pre_init        
000025cc  _ctypes_                
000027e0  __TI_Handler_Table_Base 
000027ec  __TI_Handler_Table_Limit
000027f8  __TI_CINIT_Base         
00002808  __TI_CINIT_Limit        
20000000  histBuff                
20002000  tempCorrs               
20002018  buffIn                  
20002024  HVset                   
20002028  __stack                 
20002228  __STACK_END             
20002228  __STACK_TOP             
20002228  _lock                   
2000222c  _unlock                 
20002230  __TI_cleanup_ptr        
20002234  __TI_dtors_ptr          
20002238  g_ulFlags               
2000223c  datFull                 
20002240  _Errno                  
20002244  main_func_sp            
ffffffff  __binit__               
ffffffff  __c_args__              
ffffffff  binit                   
UNDEFED   SHT$$INIT_ARRAY$$Base   
UNDEFED   SHT$$INIT_ARRAY$$Limit  

[106 symbols]
