Flow report for QUSBEVB_REVA_EP2C20_Template
Mon Jul 30 11:57:55 2012
Quartus II 32-bit Version 11.1 Build 173 11/01/2011 SJ Web Edition


---------------------
; Table of Contents ;
---------------------
  1. Legal Notice
  2. Flow Summary
  3. Flow Settings
  4. Flow Non-Default Global Settings
  5. Flow Elapsed Time
  6. Flow OS Summary
  7. Flow Log



----------------
; Legal Notice ;
----------------
Copyright (C) 1991-2011 Altera Corporation
Your use of Altera Corporation's design tools, logic functions 
and other software and tools, and its AMPP partner logic 
functions, and any output files from any of the foregoing 
(including device programming or simulation files), and any 
associated documentation or information are expressly subject 
to the terms and conditions of the Altera Program License 
Subscription Agreement, Altera MegaCore Function License 
Agreement, or other applicable license agreement, including, 
without limitation, that your use is for the sole purpose of 
programming logic devices manufactured by Altera and sold by 
Altera or its authorized distributors.  Please refer to the 
applicable agreement for further details.



+-------------------------------------------------------------------------------+
; Flow Summary                                                                  ;
+------------------------------------+------------------------------------------+
; Flow Status                        ; Successful - Mon Jul 30 11:57:55 2012    ;
; Quartus II 32-bit Version          ; 11.1 Build 173 11/01/2011 SJ Web Edition ;
; Revision Name                      ; QUSBEVB_REVA_EP2C20_Template             ;
; Top-level Entity Name              ; Template                                 ;
; Family                             ; Cyclone II                               ;
; Device                             ; EP2C20F256C7                             ;
; Timing Models                      ; Final                                    ;
; Total logic elements               ; 223 / 18,752 ( 1 % )                     ;
;     Total combinational functions  ; 217 / 18,752 ( 1 % )                     ;
;     Dedicated logic registers      ; 110 / 18,752 ( < 1 % )                   ;
; Total registers                    ; 110                                      ;
; Total pins                         ; 34 / 152 ( 22 % )                        ;
; Total virtual pins                 ; 0                                        ;
; Total memory bits                  ; 131,072 / 239,616 ( 55 % )               ;
; Embedded Multiplier 9-bit elements ; 0 / 52 ( 0 % )                           ;
; Total PLLs                         ; 1 / 2 ( 50 % )                           ;
+------------------------------------+------------------------------------------+


+--------------------------------------------------+
; Flow Settings                                    ;
+-------------------+------------------------------+
; Option            ; Setting                      ;
+-------------------+------------------------------+
; Start date & time ; 07/30/2012 11:56:05          ;
; Main task         ; Compilation                  ;
; Revision Name     ; QUSBEVB_REVA_EP2C20_Template ;
+-------------------+------------------------------+


+---------------------------------------------------------------------------------------------------------------------------------------------------------+
; Flow Non-Default Global Settings                                                                                                                        ;
+---------------------------------------------------+---------------------------------------+------------------------------+-------------+----------------+
; Assignment Name                                   ; Value                                 ; Default Value                ; Entity Name ; Section Id     ;
+---------------------------------------------------+---------------------------------------+------------------------------+-------------+----------------+
; ADV_NETLIST_OPT_SYNTH_GATE_RETIME                 ; On                                    ; Off                          ; --          ; --             ;
; COMPILER_SIGNATURE_ID                             ; 105417262079.134364216503788          ; --                           ; --          ; --             ;
; EDA_OUTPUT_DATA_FORMAT                            ; Vhdl                                  ; --                           ; --          ; eda_simulation ;
; EDA_SIMULATION_TOOL                               ; ModelSim-Altera (VHDL)                ; <None>                       ; --          ; --             ;
; IP_TOOL_NAME                                      ; FIFO                                  ; --                           ; --          ; --             ;
; IP_TOOL_VERSION                                   ; 11.1                                  ; --                           ; --          ; --             ;
; MAX_CORE_JUNCTION_TEMP                            ; 85                                    ; --                           ; --          ; --             ;
; MIN_CORE_JUNCTION_TEMP                            ; 0                                     ; --                           ; --          ; --             ;
; MISC_FILE                                         ; fifo0.bsf                             ; --                           ; --          ; --             ;
; MISC_FILE                                         ; fifo0.cmp                             ; --                           ; --          ; --             ;
; PARTITION_COLOR                                   ; 16764057                              ; --                           ; Template    ; Top            ;
; PARTITION_FITTER_PRESERVATION_LEVEL               ; PLACEMENT_AND_ROUTING                 ; --                           ; Template    ; Top            ;
; PARTITION_NETLIST_TYPE                            ; SOURCE                                ; --                           ; Template    ; Top            ;
; PHYSICAL_SYNTHESIS_ASYNCHRONOUS_SIGNAL_PIPELINING ; On                                    ; Off                          ; --          ; --             ;
; PHYSICAL_SYNTHESIS_COMBO_LOGIC                    ; On                                    ; Off                          ; --          ; --             ;
; PHYSICAL_SYNTHESIS_REGISTER_DUPLICATION           ; On                                    ; Off                          ; --          ; --             ;
; PHYSICAL_SYNTHESIS_REGISTER_RETIMING              ; On                                    ; Off                          ; --          ; --             ;
; POWER_BOARD_THERMAL_MODEL                         ; None (CONSERVATIVE)                   ; --                           ; --          ; --             ;
; POWER_PRESET_COOLING_SOLUTION                     ; 23 MM HEAT SINK WITH 200 LFPM AIRFLOW ; --                           ; --          ; --             ;
; SMART_RECOMPILE                                   ; On                                    ; Off                          ; --          ; --             ;
; TOP_LEVEL_ENTITY                                  ; Template                              ; QUSBEVB_REVA_EP2C20_Template ; --          ; --             ;
+---------------------------------------------------+---------------------------------------+------------------------------+-------------+----------------+


+-------------------------------------------------------------------------------------------------------------------------------+
; Flow Elapsed Time                                                                                                             ;
+---------------------------+--------------+-------------------------+---------------------+------------------------------------+
; Module Name               ; Elapsed Time ; Average Processors Used ; Peak Virtual Memory ; Total CPU Time (on all processors) ;
+---------------------------+--------------+-------------------------+---------------------+------------------------------------+
; Analysis & Synthesis      ; 00:00:18     ; 1.0                     ; 298 MB              ; 00:00:15                           ;
; Fitter                    ; 00:00:35     ; 1.0                     ; 329 MB              ; 00:00:25                           ;
; Assembler                 ; 00:00:24     ; 1.0                     ; 263 MB              ; 00:00:11                           ;
; TimeQuest Timing Analyzer ; 00:00:30     ; 1.0                     ; 239 MB              ; 00:00:13                           ;
; EDA Netlist Writer        ; 00:00:20     ; 1.0                     ; 214 MB              ; 00:00:09                           ;
; Total                     ; 00:02:07     ; --                      ; --                  ; 00:01:13                           ;
+---------------------------+--------------+-------------------------+---------------------+------------------------------------+


+-----------------------------------------------------------------------------------------+
; Flow OS Summary                                                                         ;
+---------------------------+------------------+------------+------------+----------------+
; Module Name               ; Machine Hostname ; OS Name    ; OS Version ; Processor type ;
+---------------------------+------------------+------------+------------+----------------+
; Analysis & Synthesis      ; c3po             ; Windows XP ; 5.1        ; i686           ;
; Fitter                    ; c3po             ; Windows XP ; 5.1        ; i686           ;
; Assembler                 ; c3po             ; Windows XP ; 5.1        ; i686           ;
; TimeQuest Timing Analyzer ; c3po             ; Windows XP ; 5.1        ; i686           ;
; EDA Netlist Writer        ; c3po             ; Windows XP ; 5.1        ; i686           ;
+---------------------------+------------------+------------+------------+----------------+


------------
; Flow Log ;
------------
quartus_map --read_settings_files=on --write_settings_files=off daq_fpga_ads9223 -c QUSBEVB_REVA_EP2C20_Template
quartus_fit --read_settings_files=off --write_settings_files=off daq_fpga_ads9223 -c QUSBEVB_REVA_EP2C20_Template
quartus_asm --read_settings_files=off --write_settings_files=off daq_fpga_ads9223 -c QUSBEVB_REVA_EP2C20_Template
quartus_sta daq_fpga_ads9223 -c QUSBEVB_REVA_EP2C20_Template
quartus_eda --read_settings_files=off --write_settings_files=off daq_fpga_ads9223 -c QUSBEVB_REVA_EP2C20_Template



