------------------------------------------------------------
TimeQuest Timing Analyzer Summary
------------------------------------------------------------

Type  : Slow Model Setup 'inst4|altpll_component|pll|clk[0]'
Slack : -20.240
TNS   : -20.240

Type  : Slow Model Setup 'inst4|altpll_component|pll|clk[1]'
Slack : -19.777
TNS   : -19.777

Type  : Slow Model Setup 'reloj_ADS9223:inst2|EA[0]'
Slack : -15.136
TNS   : -132.410

Type  : Slow Model Setup 'reloj_ADS9223:inst2|clkSig'
Slack : -14.784
TNS   : -128.354

Type  : Slow Model Setup 'Retrasar_entrada:inst3|q5_Entrada'
Slack : -5.118
TNS   : -2111.853

Type  : Slow Model Setup 'ifclk'
Slack : -2.640
TNS   : -5.054

Type  : Slow Model Hold 'reloj_ADS9223:inst2|EA[0]'
Slack : -13.784
TNS   : -133.010

Type  : Slow Model Hold 'reloj_ADS9223:inst2|clkSig'
Slack : -2.452
TNS   : -20.343

Type  : Slow Model Hold 'inst4|altpll_component|pll|clk[0]'
Slack : 0.101
TNS   : 0.000

Type  : Slow Model Hold 'Retrasar_entrada:inst3|q5_Entrada'
Slack : 0.445
TNS   : 0.000

Type  : Slow Model Hold 'ifclk'
Slack : 0.445
TNS   : 0.000

Type  : Slow Model Hold 'inst4|altpll_component|pll|clk[1]'
Slack : 0.615
TNS   : 0.000

Type  : Slow Model Recovery 'ifclk'
Slack : 7.830
TNS   : 0.000

Type  : Slow Model Removal 'ifclk'
Slack : 11.586
TNS   : 0.000

Type  : Slow Model Minimum Pulse Width 'reloj_ADS9223:inst2|EA[0]'
Slack : -9.067
TNS   : -490.638

Type  : Slow Model Minimum Pulse Width 'Retrasar_entrada:inst3|q5_Entrada'
Slack : -2.064
TNS   : -2047.428

Type  : Slow Model Minimum Pulse Width 'reloj_ADS9223:inst2|clkSig'
Slack : 0.500
TNS   : 0.000

Type  : Slow Model Minimum Pulse Width 'inst4|altpll_component|pll|clk[0]'
Slack : 3.888
TNS   : 0.000

Type  : Slow Model Minimum Pulse Width 'ifclk'
Slack : 7.852
TNS   : 0.000

Type  : Slow Model Minimum Pulse Width 'inst4|altpll_component|pll|clk[1]'
Slack : 8.888
TNS   : 0.000

Type  : Fast Model Setup 'inst4|altpll_component|pll|clk[0]'
Slack : -8.121
TNS   : -8.121

Type  : Fast Model Setup 'inst4|altpll_component|pll|clk[1]'
Slack : -7.961
TNS   : -7.961

Type  : Fast Model Setup 'reloj_ADS9223:inst2|EA[0]'
Slack : -5.012
TNS   : -43.383

Type  : Fast Model Setup 'reloj_ADS9223:inst2|clkSig'
Slack : -4.611
TNS   : -39.774

Type  : Fast Model Setup 'Retrasar_entrada:inst3|q5_Entrada'
Slack : -1.514
TNS   : -583.002

Type  : Fast Model Setup 'ifclk'
Slack : -0.885
TNS   : -1.687

Type  : Fast Model Hold 'reloj_ADS9223:inst2|EA[0]'
Slack : -5.441
TNS   : -52.007

Type  : Fast Model Hold 'reloj_ADS9223:inst2|clkSig'
Slack : -1.424
TNS   : -12.060

Type  : Fast Model Hold 'ifclk'
Slack : 0.129
TNS   : 0.000

Type  : Fast Model Hold 'Retrasar_entrada:inst3|q5_Entrada'
Slack : 0.215
TNS   : 0.000

Type  : Fast Model Hold 'inst4|altpll_component|pll|clk[1]'
Slack : 0.238
TNS   : 0.000

Type  : Fast Model Hold 'inst4|altpll_component|pll|clk[0]'
Slack : 0.375
TNS   : 0.000

Type  : Fast Model Recovery 'ifclk'
Slack : 9.269
TNS   : 0.000

Type  : Fast Model Removal 'ifclk'
Slack : 10.996
TNS   : 0.000

Type  : Fast Model Minimum Pulse Width 'reloj_ADS9223:inst2|EA[0]'
Slack : -2.860
TNS   : -153.764

Type  : Fast Model Minimum Pulse Width 'Retrasar_entrada:inst3|q5_Entrada'
Slack : -1.880
TNS   : -1858.800

Type  : Fast Model Minimum Pulse Width 'reloj_ADS9223:inst2|clkSig'
Slack : 0.500
TNS   : 0.000

Type  : Fast Model Minimum Pulse Width 'inst4|altpll_component|pll|clk[0]'
Slack : 3.999
TNS   : 0.000

Type  : Fast Model Minimum Pulse Width 'ifclk'
Slack : 8.036
TNS   : 0.000

Type  : Fast Model Minimum Pulse Width 'inst4|altpll_component|pll|clk[1]'
Slack : 8.999
TNS   : 0.000

------------------------------------------------------------
