******************************************************************************
                  TI ARM Linker PC v5.1.5                      
******************************************************************************
>> Linked Tue Sep 30 18:33:48 2014

OUTPUT FILE NAME:   <testC11204.out>
ENTRY POINT SYMBOL: "_c_int00"  address: 00001e4d


MEMORY CONFIGURATION

         name            origin    length      used     unused   attr    fill
----------------------  --------  ---------  --------  --------  ----  --------
  FLASH                 00000000   00040000  00002332  0003dcce  R  X
  SRAM                  20000000   00008000  00000218  00007de8  RW X


SEGMENT ALLOCATION MAP

run origin  load origin   length   init length attrs members
----------  ----------- ---------- ----------- ----- -------
00000000    00000000    00002338   00002338    r-x
  00000000    00000000    0000026c   0000026c    r-- .intvecs
  0000026c    0000026c    00001e7e   00001e7e    r-x .text
  000020ec    000020ec    00000228   00000228    r-- .const
  00002318    00002318    00000020   00000020    r-- .cinit
20000000    20000000    00000218   00000000    rw-
  20000000    20000000    00000200   00000000    rw- .stack
  20000200    20000200    00000018   00000000    rw- .data


SECTION ALLOCATION MAP

 output                                  attributes/
section   page    origin      length       input sections
--------  ----  ----------  ----------   ----------------
.intvecs   0    00000000    0000026c     
                  00000000    0000026c     lm4f120h5qr_startup_ccs.obj (.intvecs)

.init_array 
*          0    00000000    00000000     UNINITIALIZED

.text      0    0000026c    00001e7e     
                  0000026c    00000d88     C11204PS.obj (.text)
                  00000ff4    0000028c     main.obj (.text)
                  00001280    000001d8     driverlib-cm4f.lib : sysctl.obj (.text:SysCtlClockGet)
                  00001458    000001b6     rtsv7M4_T_le_v4SPD16_eabi.lib : fd_add_t2.obj (.text)
                  0000160e    00000002     --HOLE-- [fill = 0]
                  00001610    0000013c     driverlib-cm4f.lib : sysctl.obj (.text:SysCtlClockSet)
                  0000174c    00000136     rtsv7M4_T_le_v4SPD16_eabi.lib : fd_div_t2.obj (.text)
                  00001882    00000002     --HOLE-- [fill = 0]
                  00001884    00000130                                   : strtol.obj (.text)
                  000019b4    000000fc                                   : fd_mul_t2.obj (.text)
                  00001ab0    000000c8     driverlib-cm4f.lib : gpio.obj (.text:GPIOPadConfigSet)
                  00001b78    0000009c     rtsv7M4_T_le_v4SPD16_eabi.lib : memcpy_t2.obj (.text)
                  00001c14    00000094                                   : auto_init.obj (.text)
                  00001ca8    0000005e                                   : copy_decompress_rle.obj (.text)
                  00001d06    0000005a                                   : ltoa.obj (.text)
                  00001d60    00000058     driverlib-cm4f.lib : sysctl.obj (.text:SysCtlPeripheralEnable)
                  00001db8    0000004a     rtsv7M4_T_le_v4SPD16_eabi.lib : fd_tos_t2.obj (.text)
                  00001e02    00000002     --HOLE-- [fill = 0]
                  00001e04    00000048     driverlib-cm4f.lib : gpio.obj (.text:GPIOPinConfigure)
                  00001e4c    00000048     rtsv7M4_T_le_v4SPD16_eabi.lib : boot.obj (.text)
                  00001e94    00000048                                   : fd_toi_t2.obj (.text)
                  00001edc    00000044                                   : cpy_tbl.obj (.text)
                  00001f20    00000044                                   : exit.obj (.text)
                  00001f64    00000042     driverlib-cm4f.lib : uart.obj (.text:UARTConfigSetExpClk)
                  00001fa6    00000038     rtsv7M4_T_le_v4SPD16_eabi.lib : fs_tod_t2.obj (.text)
                  00001fde    0000002e     driverlib-cm4f.lib : gpio.obj (.text:GPIODirModeSet)
                  0000200c    0000001c                        : uart.obj (.text:UARTDisable)
                  00002028    00000018     rtsv7M4_T_le_v4SPD16_eabi.lib : args_main.obj (.text)
                  00002040    00000014     driverlib-cm4f.lib : uart.obj (.text:UARTEnable)
                  00002054    00000014     rtsv7M4_T_le_v4SPD16_eabi.lib : _lock.obj (.text)
                  00002068    00000012     driverlib-cm4f.lib : gpio.obj (.text:GPIOPinTypeGPIOOutput)
                  0000207a    00000012                        : gpio.obj (.text:GPIOPinTypeUART)
                  0000208c    00000010                        : uart.obj (.text:UARTCharGetNonBlocking)
                  0000209c    0000000e     rtsv7M4_T_le_v4SPD16_eabi.lib : copy_decompress_none.obj (.text:decompress:none)
                  000020aa    0000000c     driverlib-cm4f.lib : uart.obj (.text:UARTCharsAvail)
                  000020b6    0000000c     lm4f120h5qr_startup_ccs.obj (.text)
                  000020c2    0000000a     driverlib-cm4f.lib : uart.obj (.text:UARTCharGet)
                  000020cc    0000000a                        : uart.obj (.text:UARTCharPut)
                  000020d6    00000008                        : uart.obj (.text:UARTBusy)
                  000020de    00000006                        : sysctl.obj (.text:SysCtlDelay)
                  000020e4    00000006     rtsv7M4_T_le_v4SPD16_eabi.lib : copy_decompress_rle.obj (.text:decompress:rle24)

.const     0    000020ec    00000228     
                  000020ec    00000102     rtsv7M4_T_le_v4SPD16_eabi.lib : ctype.obj (.const:.string:_ctypes_)
                  000021ee    00000002     --HOLE-- [fill = 0]
                  000021f0    00000078     driverlib-cm4f.lib : gpio.obj (.const:g_pulGPIOBaseAddrs)
                  00002268    0000006c                        : sysctl.obj (.const:g_pulXtals)
                  000022d4    00000040                        : sysctl.obj (.const)

.cinit     0    00002318    00000020     
                  00002318    0000000f     (.cinit..data.load) [load image, compression = rle]
                  00002327    00000001     --HOLE-- [fill = 0]
                  00002328    00000008     (__TI_handler_table)
                  00002330    00000008     (__TI_cinit_table)

.stack     0    20000000    00000200     UNINITIALIZED
                  20000000    00000200     --HOLE--

.data      0    20000200    00000018     UNINITIALIZED
                  20000200    00000008     rtsv7M4_T_le_v4SPD16_eabi.lib : _lock.obj (.data)
                  20000208    00000008                                   : exit.obj (.data)
                  20000210    00000004                                   : errno.obj (.data)
                  20000214    00000004                                   : stkdepth_vars.obj (.data)


LINKER GENERATED COPY TABLES

__TI_cinit_table @ 00002330 records: 1, size/record: 8, table size: 8
	.data: load addr=00002318, load size=0000000f bytes, run addr=20000200, run size=00000018 bytes, compression=rle


LINKER GENERATED HANDLER TABLE

__TI_handler_table @ 00002328 records: 2, size/record: 4, table size: 8
	index: 0, handler: __TI_decompress_rle24
	index: 1, handler: __TI_decompress_none


GLOBAL SYMBOLS: SORTED ALPHABETICALLY BY Name 

address    name
--------   ----
00001f21   C$$EXIT
00001fdf   GPIODirModeSet
00001ab1   GPIOPadConfigSet
00001e05   GPIOPinConfigure
00002069   GPIOPinTypeGPIOOutput
0000207b   GPIOPinTypeUART
000020b7   ResetISR
UNDEFED    SHT$$INIT_ARRAY$$Base
UNDEFED    SHT$$INIT_ARRAY$$Limit
00001281   SysCtlClockGet
00001611   SysCtlClockSet
000020df   SysCtlDelay
00001d61   SysCtlPeripheralEnable
000020d7   UARTBusy
000020c3   UARTCharGet
0000208d   UARTCharGetNonBlocking
000020cd   UARTCharPut
000020ab   UARTCharsAvail
00001f65   UARTConfigSetExpClk
0000200d   UARTDisable
00002041   UARTEnable
20000210   _Errno
00000357   _Z11decimal_hexiPh
0000042f   _Z8charConvfcPh
20000200   __STACK_END
00000200   __STACK_SIZE
20000200   __STACK_TOP
00002330   __TI_CINIT_Base
00002338   __TI_CINIT_Limit
00002328   __TI_Handler_Table_Base
00002330   __TI_Handler_Table_Limit
00000001   __TI_args_main
00001c15   __TI_auto_init
20000208   __TI_cleanup_ptr
0000209d   __TI_decompress_none
000020e5   __TI_decompress_rle24
2000020c   __TI_dtors_ptr
00000000   __TI_static_base__
00001db9   __aeabi_d2f
00001e95   __aeabi_d2iz
00001463   __aeabi_dadd
0000174d   __aeabi_ddiv
000019b5   __aeabi_dmul
00001459   __aeabi_dsub
00001fa7   __aeabi_f2d
00001b79   __aeabi_memcpy
00001b79   __aeabi_memcpy4
00001b79   __aeabi_memcpy8
ffffffff   __binit__
ffffffff   __c_args__
20000000   __stack
00002029   _args_main
00001e4d   _c_int00
000020ec   _ctypes_
20000200   _lock
00002063   _nop
0000205b   _register_lock
00002055   _register_unlock
20000204   _unlock
00001f25   abort
ffffffff   binit
000005c1   checkCRC
00000531   computeCRC
00001edd   copy_in
00000ff5   decimal_hex
00001f2d   exit
00000000   g_pfnVectors
00000779   getInfoAndStatus
00000d53   getMPPCTemp
00000e9f   getOutputCurrent
00000df9   getOutputHV
00000f45   getStatus
00001d07   ltoa
000010a7   main
20000214   main_func_sp
00001b79   memcpy
00000c3b   pSReset
00000641   readAnswer
00000b39   setHVOff
00000ac5   setHVOn
00000933   setTempCorrFact
00000caf   setTempHV
000005f9   startCommunication
00001885   strtol
00000bad   switchTempComp
0000026d   unitConv


GLOBAL SYMBOLS: SORTED BY Symbol Address 

address    name
--------   ----
00000000   __TI_static_base__
00000000   g_pfnVectors
00000001   __TI_args_main
00000200   __STACK_SIZE
0000026d   unitConv
00000357   _Z11decimal_hexiPh
0000042f   _Z8charConvfcPh
00000531   computeCRC
000005c1   checkCRC
000005f9   startCommunication
00000641   readAnswer
00000779   getInfoAndStatus
00000933   setTempCorrFact
00000ac5   setHVOn
00000b39   setHVOff
00000bad   switchTempComp
00000c3b   pSReset
00000caf   setTempHV
00000d53   getMPPCTemp
00000df9   getOutputHV
00000e9f   getOutputCurrent
00000f45   getStatus
00000ff5   decimal_hex
000010a7   main
00001281   SysCtlClockGet
00001459   __aeabi_dsub
00001463   __aeabi_dadd
00001611   SysCtlClockSet
0000174d   __aeabi_ddiv
00001885   strtol
000019b5   __aeabi_dmul
00001ab1   GPIOPadConfigSet
00001b79   __aeabi_memcpy
00001b79   __aeabi_memcpy4
00001b79   __aeabi_memcpy8
00001b79   memcpy
00001c15   __TI_auto_init
00001d07   ltoa
00001d61   SysCtlPeripheralEnable
00001db9   __aeabi_d2f
00001e05   GPIOPinConfigure
00001e4d   _c_int00
00001e95   __aeabi_d2iz
00001edd   copy_in
00001f21   C$$EXIT
00001f25   abort
00001f2d   exit
00001f65   UARTConfigSetExpClk
00001fa7   __aeabi_f2d
00001fdf   GPIODirModeSet
0000200d   UARTDisable
00002029   _args_main
00002041   UARTEnable
00002055   _register_unlock
0000205b   _register_lock
00002063   _nop
00002069   GPIOPinTypeGPIOOutput
0000207b   GPIOPinTypeUART
0000208d   UARTCharGetNonBlocking
0000209d   __TI_decompress_none
000020ab   UARTCharsAvail
000020b7   ResetISR
000020c3   UARTCharGet
000020cd   UARTCharPut
000020d7   UARTBusy
000020df   SysCtlDelay
000020e5   __TI_decompress_rle24
000020ec   _ctypes_
00002328   __TI_Handler_Table_Base
00002330   __TI_CINIT_Base
00002330   __TI_Handler_Table_Limit
00002338   __TI_CINIT_Limit
20000000   __stack
20000200   __STACK_END
20000200   __STACK_TOP
20000200   _lock
20000204   _unlock
20000208   __TI_cleanup_ptr
2000020c   __TI_dtors_ptr
20000210   _Errno
20000214   main_func_sp
ffffffff   __binit__
ffffffff   __c_args__
ffffffff   binit
UNDEFED    SHT$$INIT_ARRAY$$Base
UNDEFED    SHT$$INIT_ARRAY$$Limit

[86 symbols]
