12:02:55 **** Build of project standalone_bsp_0 ****
make -k all 
libgen -hw ../module_1_hw_platform/system.xml\
	       \
	       -pe ps7_cortexa9_0 \
	       -log libgen.log \
	       system.mss
libgen
Xilinx EDK 14.5 Build EDK_P.58f
Copyright (c) 1995-2012 Xilinx, Inc.  All rights reserved.

Command Line: libgen -hw ../module_1_hw_platform/system.xml -pe ps7_cortexa9_0
-log libgen.log system.mss 


Staging source files.
Running DRCs.
Running generate.
Running post_generate.
Running include - 'make -s include "COMPILER=arm-xilinx-eabi-gcc"
"ARCHIVER=arm-xilinx-eabi-ar" "COMPILER_FLAGS= -O2 -c"
"EXTRA_COMPILER_FLAGS=-g"'.

Running libs - 'make -s libs "COMPILER=arm-xilinx-eabi-gcc"
"ARCHIVER=arm-xilinx-eabi-ar" "COMPILER_FLAGS= -O2 -c"
"EXTRA_COMPILER_FLAGS=-g"'.
"Compiling common"
arm-xilinx-eabi-ar: creating ../../../lib/libxil.a
"Compiling xadc"
"Compiling standalone"
"Compiling gpio"
"Compiling devcfg"
"Compiling dmaps"
"Compiling emacps"
"Compiling gpiops"
"Compiling qspips"
"Compiling scugic"
"Compiling scutimer"
"Compiling scuwdt"
"Compiling uartps"
"Compiling usbps"
"Compiling cpu_cortexa9"
Running execs_generate.
'Finished building libraries'

**** Build of configuration Debug for project Test1 ****

Nothing to build for project Test1
12:04:14 **** Auto Build of configuration Debug for project Test1 ****
make all 
'Building file: ../src/main.c'
'Invoking: ARM gcc compiler'
arm-xilinx-eabi-gcc -Wall -O0 -g3 -c -fmessage-length=0 -I../../standalone_bsp_0/ps7_cortexa9_0/include -MMD -MP -MF"src/main.d" -MT"src/main.d" -o "src/main.o" "../src/main.c"
'Finished building: ../src/main.c'
' '
'Building target: Test1.elf'
'Invoking: ARM gcc linker'
arm-xilinx-eabi-gcc -Wl,-T -Wl,../src/lscript.ld -L../../standalone_bsp_0/ps7_cortexa9_0/lib -o "Test1.elf"  ./src/main.o   -Wl,--start-group,-lxil,-lgcc,-lc,--end-group
../../standalone_bsp_0/ps7_cortexa9_0/lib\libxil.a(xil-crt0.o): In function `_start':
C:\Users\rchil\Desktop\Artemis\Software_desarrollado\Zynq\XApp_v1\XApp_v1.sdk\SDK\SDK_Export\standalone_bsp_0\ps7_cortexa9_0\libsrc\standalone_v3_09_a\src/xil-crt0.S:149: undefined reference to `main'
collect2.exe: error: ld returned 1 exit status
make: *** [Test1.elf] Error 1
12:05:00 **** Auto Build of configuration Debug for project Test1 ****
make all 
'Building file: ../src/main.c'
'Invoking: ARM gcc compiler'
arm-xilinx-eabi-gcc -Wall -O0 -g3 -c -fmessage-length=0 -I../../standalone_bsp_0/ps7_cortexa9_0/include -MMD -MP -MF"src/main.d" -MT"src/main.d" -o "src/main.o" "../src/main.c"
'Finished building: ../src/main.c'
' '
'Building target: Test1.elf'
'Invoking: ARM gcc linker'
arm-xilinx-eabi-gcc -Wl,-T -Wl,../src/lscript.ld -L../../standalone_bsp_0/ps7_cortexa9_0/lib -o "Test1.elf"  ./src/main.o   -Wl,--start-group,-lxil,-lgcc,-lc,--end-group
'Finished building target: Test1.elf'
' '
'Invoking: ARM Print Size'
arm-xilinx-eabi-size Test1.elf  |tee "Test1.elf.size"
   text	   data	    bss	    dec	    hex	filename
  24120	   1120	  29812	  55052	   d70c	Test1.elf
'Finished building: Test1.elf.size'
' '
12:05:20 **** Incremental Build of configuration Debug for project Test1 ****
make all 
make: No se hace nada para `all'.
12:06:24 **** Incremental Build of configuration Debug for project Test1 ****
make all 
make: No se hace nada para `all'.
13:29:28 **** Auto Build of project standalone_bsp_0 ****
make -k all 
'Finished building libraries'
13:32:36 **** Incremental Build of configuration Debug for project Test1 ****
make all 
make: No se hace nada para `all'.
13:41:36 **** Auto Build of project standalone_bsp_0 ****
make -k all 
'Finished building libraries'
13:42:00 **** Incremental Build of configuration Debug for project Test1 ****
make all 
make: No se hace nada para `all'.
18:30:33 **** Auto Build of project standalone_bsp_0 ****
make -k all 
'Finished building libraries'
18:32:05 **** Incremental Build of configuration Debug for project Test1 ****
make all 
make: No se hace nada para `all'.
