******************************************************************************
                  TI ARM Linker PC v5.1.5                      
******************************************************************************
>> Linked Tue Jul 08 17:14:28 2014

OUTPUT FILE NAME:   <test_int_ext.out>
ENTRY POINT SYMBOL: "_c_int00"  address: 0000084d


MEMORY CONFIGURATION

         name            origin    length      used     unused   attr    fill
----------------------  --------  ---------  --------  --------  ----  --------
  FLASH                 00000000   00040000  00000bf6  0003f40a  R  X
  SRAM                  20000000   00008000  00002494  00005b6c  RW X


SEGMENT ALLOCATION MAP

run origin  load origin   length   init length attrs members
----------  ----------- ---------- ----------- ----- -------
00000000    00000000    00000bf8   00000bf8    r-x
  00000000    00000000    0000026c   0000026c    r-- .intvecs
  0000026c    0000026c    00000892   00000892    r-x .text
  00000b00    00000b00    000000b0   000000b0    r-- .const
  00000bb0    00000bb0    00000048   00000048    r-- .cinit
20000000    20000000    00002494   00000000    rw-
  20000000    20000000    0000026c   00000000    rw- .vtable
  2000026c    2000026c    00002014   00000000    rw- .bss
  20002280    20002280    00000200   00000000    rw- .stack
  20002480    20002480    00000014   00000000    rw- .data


SECTION ALLOCATION MAP

 output                                  attributes/
section   page    origin      length       input sections
--------  ----  ----------  ----------   ----------------
.intvecs   0    00000000    0000026c     
                  00000000    0000026c     lm4f120h5qr_startup_ccs.obj (.intvecs)

.init_array 
*          0    00000000    00000000     UNINITIALIZED

.text      0    0000026c    00000892     
                  0000026c    0000013c     driverlib-cm4f.lib : sysctl.obj (.text:SysCtlClockSet)
                  000003a8    00000124     main.obj (.text)
                  000004cc    000000c8     driverlib-cm4f.lib : gpio.obj (.text:GPIOPadConfigSet)
                  00000594    0000009c     rtsv7M4_T_le_v4SPD16_eabi.lib : memcpy_t2.obj (.text)
                  00000630    00000094                                   : auto_init.obj (.text)
                  000006c4    0000006c     driverlib-cm4f.lib : adc.obj (.text:ADCSequenceStepConfigure)
                  00000730    00000064                        : interrupt.obj (.text:IntEnable)
                  00000794    0000005e     rtsv7M4_T_le_v4SPD16_eabi.lib : copy_decompress_rle.obj (.text)
                  000007f2    00000002     --HOLE-- [fill = 0]
                  000007f4    00000058     driverlib-cm4f.lib : sysctl.obj (.text:SysCtlPeripheralEnable)
                  0000084c    00000048     rtsv7M4_T_le_v4SPD16_eabi.lib : boot.obj (.text)
                  00000894    00000044                                   : cpy_tbl.obj (.text)
                  000008d8    00000044                                   : exit.obj (.text)
                  0000091c    00000034     driverlib-cm4f.lib : interrupt.obj (.text:IntRegister)
                  00000950    0000002e                        : gpio.obj (.text:GPIODirModeSet)
                  0000097e    0000002a                        : adc.obj (.text:ADCSequenceConfigure)
                  000009a8    00000028                        : adc.obj (.text:ADCIntRegister)
                  000009d0    00000020                        : adc.obj (.text:ADCSequenceDataGet)
                  000009f0    00000020                        : sysctl.obj (.text:SysCtlADCSpeedSet)
                  00000a10    00000018     rtsv7M4_T_le_v4SPD16_eabi.lib : args_main.obj (.text)
                  00000a28    00000014                                   : _lock.obj (.text)
                  00000a3c    00000012     driverlib-cm4f.lib : gpio.obj (.text:GPIOPinTypeGPIOInput)
                  00000a4e    00000012                        : gpio.obj (.text:GPIOPinTypeGPIOOutput)
                  00000a60    00000012     rtsv7M4_T_le_v4SPD16_eabi.lib : copy_zero_init.obj (.text:decompress:ZI)
                  00000a72    00000010     driverlib-cm4f.lib : adc.obj (.text:ADCIntEnable)
                  00000a82    0000000e                        : adc.obj (.text:ADCSequenceDisable)
                  00000a90    0000000e                        : adc.obj (.text:ADCSequenceEnable)
                  00000a9e    0000000e     rtsv7M4_T_le_v4SPD16_eabi.lib : copy_decompress_none.obj (.text:decompress:none)
                  00000aac    0000000c     driverlib-cm4f.lib : cpu.obj (.text:CPUcpsie)
                  00000ab8    0000000c                        : gpio.obj (.text:GPIOADCTriggerEnable)
                  00000ac4    0000000c     lm4f120h5qr_startup_ccs.obj (.text)
                  00000ad0    0000000a     driverlib-cm4f.lib : adc.obj (.text:ADCIntClear)
                  00000ada    0000000a                        : gpio.obj (.text:GPIOPinWrite)
                  00000ae4    0000000a                        : interrupt.obj (.text:IntMasterEnable)
                  00000aee    00000006                        : sysctl.obj (.text:SysCtlDelay)
                  00000af4    00000006     rtsv7M4_T_le_v4SPD16_eabi.lib : copy_decompress_rle.obj (.text:decompress:rle24)
                  00000afa    00000004     driverlib-cm4f.lib : adc.obj (.text:ADCPhaseDelaySet)

.const     0    00000b00    000000b0     
                  00000b00    00000070     driverlib-cm4f.lib : interrupt.obj (.const)
                  00000b70    00000040                        : sysctl.obj (.const)

.cinit     0    00000bb0    00000048     
                  00000bb0    0000000f     (.cinit..data.load) [load image, compression = rle]
                  00000bbf    00000001     --HOLE-- [fill = 0]
                  00000bc0    0000000c     (__TI_handler_table)
                  00000bcc    00000004     --HOLE-- [fill = 0]
                  00000bd0    00000008     (.cinit..bss.load) [load image, compression = zero_init]
                  00000bd8    00000008     (.cinit..vtable.load) [load image, compression = zero_init]
                  00000be0    00000018     (__TI_cinit_table)

.vtable    0    20000000    0000026c     UNINITIALIZED
                  20000000    0000026c     driverlib-cm4f.lib : interrupt.obj (.vtable)

.bss       0    2000026c    00002014     UNINITIALIZED
                  2000026c    00002000     main.obj (.bss:histTemp)
                  2000226c    00000010     (.common:adcTemp)
                  2000227c    00000004     (.common:tempValue)

.stack     0    20002280    00000200     UNINITIALIZED
                  20002280    00000200     --HOLE--

.data      0    20002480    00000014     UNINITIALIZED
                  20002480    00000008     rtsv7M4_T_le_v4SPD16_eabi.lib : _lock.obj (.data)
                  20002488    00000008                                   : exit.obj (.data)
                  20002490    00000004                                   : stkdepth_vars.obj (.data)


LINKER GENERATED COPY TABLES

__TI_cinit_table @ 00000be0 records: 3, size/record: 8, table size: 24
	.data: load addr=00000bb0, load size=0000000f bytes, run addr=20002480, run size=00000014 bytes, compression=rle
	.bss: load addr=00000bd0, load size=00000008 bytes, run addr=2000026c, run size=00002014 bytes, compression=zero_init
	.vtable: load addr=00000bd8, load size=00000008 bytes, run addr=20000000, run size=0000026c bytes, compression=zero_init


LINKER GENERATED HANDLER TABLE

__TI_handler_table @ 00000bc0 records: 3, size/record: 4, table size: 12
	index: 0, handler: __TI_zero_init
	index: 1, handler: __TI_decompress_rle24
	index: 2, handler: __TI_decompress_none


GLOBAL SYMBOLS: SORTED ALPHABETICALLY BY Name 

address    name
--------   ----
00000ad1   ADCIntClear
00000a73   ADCIntEnable
000009a9   ADCIntRegister
00000afb   ADCPhaseDelaySet
0000097f   ADCSequenceConfigure
000009d1   ADCSequenceDataGet
00000a83   ADCSequenceDisable
00000a91   ADCSequenceEnable
000006c5   ADCSequenceStepConfigure
000008d9   C$$EXIT
00000aad   CPUcpsie
00000449   ConvDoneInt
00000ab9   GPIOADCTriggerEnable
00000951   GPIODirModeSet
000004cd   GPIOPadConfigSet
00000a3d   GPIOPinTypeGPIOInput
00000a4f   GPIOPinTypeGPIOOutput
00000adb   GPIOPinWrite
00000731   IntEnable
00000ae5   IntMasterEnable
0000091d   IntRegister
00000ac5   ResetISR
UNDEFED    SHT$$INIT_ARRAY$$Base
UNDEFED    SHT$$INIT_ARRAY$$Limit
000009f1   SysCtlADCSpeedSet
0000026d   SysCtlClockSet
00000aef   SysCtlDelay
000007f5   SysCtlPeripheralEnable
20002480   __STACK_END
00000200   __STACK_SIZE
20002480   __STACK_TOP
00000be0   __TI_CINIT_Base
00000bf8   __TI_CINIT_Limit
00000bc0   __TI_Handler_Table_Base
00000bcc   __TI_Handler_Table_Limit
00000001   __TI_args_main
00000631   __TI_auto_init
20002488   __TI_cleanup_ptr
00000a9f   __TI_decompress_none
00000af5   __TI_decompress_rle24
2000248c   __TI_dtors_ptr
00000000   __TI_static_base__
00000a61   __TI_zero_init
00000595   __aeabi_memcpy
00000595   __aeabi_memcpy4
00000595   __aeabi_memcpy8
ffffffff   __binit__
ffffffff   __c_args__
20002280   __stack
00000a11   _args_main
0000084d   _c_int00
20002480   _lock
00000a37   _nop
00000a2f   _register_lock
00000a29   _register_unlock
20002484   _unlock
000008dd   abort
2000226c   adcTemp
ffffffff   binit
00000895   copy_in
000008e5   exit
20000000   g_pfnRAMVectors
00000000   g_pfnVectors
2000026c   histTemp
000003a9   main
20002490   main_func_sp
00000595   memcpy
2000227c   tempValue


GLOBAL SYMBOLS: SORTED BY Symbol Address 

address    name
--------   ----
00000000   __TI_static_base__
00000000   g_pfnVectors
00000001   __TI_args_main
00000200   __STACK_SIZE
0000026d   SysCtlClockSet
000003a9   main
00000449   ConvDoneInt
000004cd   GPIOPadConfigSet
00000595   __aeabi_memcpy
00000595   __aeabi_memcpy4
00000595   __aeabi_memcpy8
00000595   memcpy
00000631   __TI_auto_init
000006c5   ADCSequenceStepConfigure
00000731   IntEnable
000007f5   SysCtlPeripheralEnable
0000084d   _c_int00
00000895   copy_in
000008d9   C$$EXIT
000008dd   abort
000008e5   exit
0000091d   IntRegister
00000951   GPIODirModeSet
0000097f   ADCSequenceConfigure
000009a9   ADCIntRegister
000009d1   ADCSequenceDataGet
000009f1   SysCtlADCSpeedSet
00000a11   _args_main
00000a29   _register_unlock
00000a2f   _register_lock
00000a37   _nop
00000a3d   GPIOPinTypeGPIOInput
00000a4f   GPIOPinTypeGPIOOutput
00000a61   __TI_zero_init
00000a73   ADCIntEnable
00000a83   ADCSequenceDisable
00000a91   ADCSequenceEnable
00000a9f   __TI_decompress_none
00000aad   CPUcpsie
00000ab9   GPIOADCTriggerEnable
00000ac5   ResetISR
00000ad1   ADCIntClear
00000adb   GPIOPinWrite
00000ae5   IntMasterEnable
00000aef   SysCtlDelay
00000af5   __TI_decompress_rle24
00000afb   ADCPhaseDelaySet
00000bc0   __TI_Handler_Table_Base
00000bcc   __TI_Handler_Table_Limit
00000be0   __TI_CINIT_Base
00000bf8   __TI_CINIT_Limit
20000000   g_pfnRAMVectors
2000026c   histTemp
2000226c   adcTemp
2000227c   tempValue
20002280   __stack
20002480   __STACK_END
20002480   __STACK_TOP
20002480   _lock
20002484   _unlock
20002488   __TI_cleanup_ptr
2000248c   __TI_dtors_ptr
20002490   main_func_sp
ffffffff   __binit__
ffffffff   __c_args__
ffffffff   binit
UNDEFED    SHT$$INIT_ARRAY$$Base
UNDEFED    SHT$$INIT_ARRAY$$Limit

[68 symbols]
