******************************************************************************
                  TI ARM Linker PC v5.1.5                      
******************************************************************************
>> Linked Mon Aug 18 17:23:13 2014

OUTPUT FILE NAME:   <test_int_ext.out>
ENTRY POINT SYMBOL: "_c_int00"  address: 00001e11


MEMORY CONFIGURATION

         name            origin    length      used     unused   attr    fill
----------------------  --------  ---------  --------  --------  ----  --------
  FLASH                 00000000   00040000  00002e9e  0003d162  R  X
  SRAM                  20000000   00008000  00002848  000057b8  RW X


SEGMENT ALLOCATION MAP

run origin  load origin   length   init length attrs members
----------  ----------- ---------- ----------- ----- -------
00000000    00000000    00002ea0   00002ea0    r-x
  00000000    00000000    0000026c   0000026c    r-- .intvecs
  0000026c    0000026c    000027d8   000027d8    r-x .text
  00002a44    00002a44    000003b2   000003b2    r-- .const
  00002df8    00002df8    000000a8   000000a8    r-- .cinit
20000000    20000000    00002848   00000000    rw-
  20000000    20000000    0000026c   00000000    rw- .vtable
  2000026c    2000026c    0000233c   00000000    rw- .bss
  200025a8    200025a8    00000200   00000000    rw- .stack
  200027a8    200027a8    000000a0   00000000    rw- .data


SECTION ALLOCATION MAP

 output                                  attributes/
section   page    origin      length       input sections
--------  ----  ----------  ----------   ----------------
.intvecs   0    00000000    0000026c     
                  00000000    0000026c     lm4f120h5qr_startup_ccs.obj (.intvecs)

.init_array 
*          0    00000000    00000000     UNINITIALIZED

.text      0    0000026c    000027d8     
                  0000026c    000002c4     main.obj (.text)
                  00000530    000001d8     driverlib-cm4f.lib : sysctl.obj (.text:SysCtlClockGet)
                  00000708    00000188     usblib-cm4f.lib : usbdconfig.obj (.text:USBDeviceConfig)
                  00000890    00000174     usb_bulk_structs.obj (.text)
                  00000a04    00000160     usblib-cm4f.lib : usbdenum.obj (.text:USBDEP0StateTxConfig)
                  00000b64    0000013c     driverlib-cm4f.lib : sysctl.obj (.text:SysCtlClockSet)
                  00000ca0    000000f4     usblib-cm4f.lib : usbdenum.obj (.text:USBDCDInit)
                  00000d94    000000d4                     : usbdenum.obj (.text:USBDeviceEnumHandler)
                  00000e68    000000d0                     : usbdenum.obj (.text:USBDGetDescriptor)
                  00000f38    000000c8     driverlib-cm4f.lib : gpio.obj (.text:GPIOPadConfigSet)
                  00001000    000000bc     usblib-cm4f.lib : usbdconfig.obj (.text:USBDeviceConfigAlternate)
                  000010bc    000000b4                     : usbbuffer.obj (.text:HandleRxAvailable)
                  00001170    000000a4                     : usbdenum.obj (.text:USBDeviceIntHandlerInternal)
                  00001214    000000a2                     : usbbuffer.obj (.text:ScheduleNextTransmission)
                  000012b6    0000009c     rtsv7M4_T_le_v4SPD16_eabi.lib : memcpy_t2.obj (.text)
                  00001352    00000002     --HOLE-- [fill = 0]
                  00001354    00000094     driverlib-cm4f.lib : sysctl.obj (.text:SysCtlPeripheralReset)
                  000013e8    00000094     rtsv7M4_T_le_v4SPD16_eabi.lib : auto_init.obj (.text)
                  0000147c    00000084     usblib-cm4f.lib : usbdenum.obj (.text:USBDClearFeature)
                  00001500    00000084                     : usbdenum.obj (.text:USBDSetConfiguration)
                  00001584    00000084                     : usbdenum.obj (.text:USBDSetInterface)
                  00001608    00000078                     : usbdenum.obj (.text:USBDGetStatus)
                  00001680    00000076     driverlib-cm4f.lib : usb.obj (.text:USBDevEndpointConfigSet)
                  000016f6    00000002     --HOLE-- [fill = 0]
                  000016f8    00000070     usblib-cm4f.lib : usbdbulk.obj (.text:USBDBulkCompositeInit)
                  00001768    0000006c     driverlib-cm4f.lib : adc.obj (.text:ADCSequenceStepConfigure)
                  000017d4    0000006c     usblib-cm4f.lib : usbdenum.obj (.text:USBDSetFeature)
                  00001840    00000068                     : usbdbulk.obj (.text:USBDBulkPacketRead)
                  000018a8    00000068                     : usbdenum.obj (.text:USBDEP0StateTx)
                  00001910    00000064     driverlib-cm4f.lib : interrupt.obj (.text:IntEnable)
                  00001974    00000060     usblib-cm4f.lib : usbbuffer.obj (.text:USBBufferEventCallback)
                  000019d4    0000005e     driverlib-cm4f.lib : usb.obj (.text:USBDevEndpointStatusClear)
                  00001a32    0000005e     rtsv7M4_T_le_v4SPD16_eabi.lib : copy_decompress_rle.obj (.text)
                  00001a90    0000005c     usblib-cm4f.lib : usbdbulk.obj (.text:ProcessDataFromHost)
                  00001aec    00000058     driverlib-cm4f.lib : sysctl.obj (.text:SysCtlPeripheralEnable)
                  00001b44    00000058     usblib-cm4f.lib : usbdenum.obj (.text:USBDReadAndDispatchRequest)
                  00001b9c    00000058                     : usbdenum.obj (.text:USBDStringIndexFromRequest)
                  00001bf4    00000054                     : usbdconfig.obj (.text:GetEPDescriptorType)
                  00001c48    00000050                     : usbdcdesc.obj (.text:USBDCDConfigDescGet)
                  00001c98    00000050     driverlib-cm4f.lib : usb.obj (.text:USBDevEndpointStallClear)
                  00001ce8    0000004e     usblib-cm4f.lib : usbdcdesc.obj (.text:ConfigAlternateInterfaceGet)
                  00001d36    0000004a                     : usbdbulk.obj (.text:USBDBulkPacketWrite)
                  00001d80    00000048     driverlib-cm4f.lib : gpio.obj (.text:GPIOPinConfigure)
                  00001dc8    00000048     usblib-cm4f.lib : usbdenum.obj (.text:USBDeviceResumeTickHandler)
                  00001e10    00000048     rtsv7M4_T_le_v4SPD16_eabi.lib : boot.obj (.text)
                  00001e58    00000046     driverlib-cm4f.lib : usb.obj (.text:USBFIFOConfigSet)
                  00001e9e    00000044                        : ssi.obj (.text:SSIConfigSetExpClk)
                  00001ee2    00000002     --HOLE-- [fill = 0]
                  00001ee4    00000044     usblib-cm4f.lib : usbdenum.obj (.text:USBDGetInterface)
                  00001f28    00000044     driverlib-cm4f.lib : usb.obj (.text:USBEndpointDataGet)
                  00001f6c    00000044     rtsv7M4_T_le_v4SPD16_eabi.lib : cpy_tbl.obj (.text)
                  00001fb0    00000044                                   : exit.obj (.text)
                  00001ff4    0000003e     usblib-cm4f.lib : usbdconfig.obj (.text:GetEndpointFIFOSize)
                  00002032    0000003a                     : usbdcdesc.obj (.text:USBDCDConfigGetInterfaceEndpoint)
                  0000206c    00000038                     : usbdenum.obj (.text:USBDGetConfiguration)
                  000020a4    00000038     driverlib-cm4f.lib : usb.obj (.text:USBIntStatusControl)
                  000020dc    00000036     usblib-cm4f.lib : usbdcdesc.obj (.text:NextConfigDescGet)
                  00002112    00000036     driverlib-cm4f.lib : usb.obj (.text:USBDevEndpointStall)
                  00002148    00000036     usblib-cm4f.lib : usbringbuf.obj (.text:USBRingBufAdvanceWrite)
                  0000217e    00000002     --HOLE-- [fill = 0]
                  00002180    00000034     driverlib-cm4f.lib : interrupt.obj (.text:IntRegister)
                  000021b4    00000034     usblib-cm4f.lib : usbtick.obj (.text:InternalUSBStartOfFrameTick)
                  000021e8    00000032                     : usbdenum.obj (.text:USBDeviceEnumResetHandler)
                  0000221a    00000030                     : usbdbulk.obj (.text:HandleEndpoints)
                  0000224a    00000002     --HOLE-- [fill = 0]
                  0000224c    00000030                     : usbtick.obj (.text:InternalUSBTickInit)
                  0000227c    00000030     driverlib-cm4f.lib : usb.obj (.text:USBEndpointDataPut)
                  000022ac    0000002e                        : gpio.obj (.text:GPIODirModeSet)
                  000022da    0000002e                        : usb.obj (.text:USBEndpointDataSend)
                  00002308    0000002c     usblib-cm4f.lib : usbtick.obj (.text:InternalUSBRegisterTickHandler)
                  00002334    0000002c                     : usbdbulk.obj (.text:ProcessDataToHost)
                  00002360    0000002c                     : usbdcdesc.obj (.text:USBDCDConfigDescGetNum)
                  0000238c    0000002c                     : usbdesc.obj (.text:USBDescGet)
                  000023b8    0000002a     driverlib-cm4f.lib : adc.obj (.text:ADCSequenceConfigure)
                  000023e2    0000002a     usblib-cm4f.lib : usbdbulk.obj (.text:HandleDevice)
                  0000240c    00000028     driverlib-cm4f.lib : adc.obj (.text:ADCIntRegister)
                  00002434    00000028     usblib-cm4f.lib : usbdesc.obj (.text:USBDescGetNum)
                  0000245c    00000028     driverlib-cm4f.lib : usb.obj (.text:USBIntEnableControl)
                  00002484    00000028     usblib-cm4f.lib : usbringbuf.obj (.text:UpdateIndexAtomic)
                  000024ac    00000024                     : usbbuffer.obj (.text:HandleRequestBuffer)
                  000024d0    00000024                     : usbdenum.obj (.text:USBDSetAddress)
                  000024f4    00000024     driverlib-cm4f.lib : usb.obj (.text:USBDevEndpointDataAck)
                  00002518    00000022     usblib-cm4f.lib : usbdbulk.obj (.text:BulkTickHandler)
                  0000253a    00000020     driverlib-cm4f.lib : adc.obj (.text:ADCSequenceDataGet)
                  0000255a    00000002     --HOLE-- [fill = 0]
                  0000255c    00000020                        : sysctl.obj (.text:SysCtlADCSpeedSet)
                  0000257c    00000020     usblib-cm4f.lib : usbmode.obj (.text:USBStackModeSet)
                  0000259c    0000001e                     : usbbuffer.obj (.text:HandleDataRemaining)
                  000025ba    0000001e                     : usbdbulk.obj (.text:USBDBulkRxPacketAvailable)
                  000025d8    0000001e     driverlib-cm4f.lib : usb.obj (.text:USBEndpointDataAvail)
                  000025f6    0000001e     usblib-cm4f.lib : usbringbuf.obj (.text:USBRingBufAdvanceRead)
                  00002614    0000001c                     : usbdbulk.obj (.text:HandleConfigChange)
                  00002630    0000001c                     : usbdbulk.obj (.text:HandleDisconnect)
                  0000264c    0000001c                     : usbdbulk.obj (.text:SetDeferredOpFlag)
                  00002668    0000001c                     : usbdbulk.obj (.text:USBDBulkInit)
                  00002684    0000001c                     : usbdcdesc.obj (.text:USBDCDConfigGetInterface)
                  000026a0    0000001c                     : usbdenum.obj (.text:USBDCDStallEP0)
                  000026bc    0000001c                     : usbringbuf.obj (.text:USBRingBufContigFree)
                  000026d8    0000001a                     : usbringbuf.obj (.text:USBRingBufWrite)
                  000026f2    00000002     --HOLE-- [fill = 0]
                  000026f4    00000018                     : usbdhandler.obj (.text:USB0DeviceIntHandler)
                  0000270c    00000018                     : usbdcdesc.obj (.text:USBDCDConfigDescGetSize)
                  00002724    00000018                     : usbdenum.obj (.text:USBDSetDescriptor)
                  0000273c    00000018                     : usbdenum.obj (.text:USBDSyncFrame)
                  00002754    00000018     rtsv7M4_T_le_v4SPD16_eabi.lib : args_main.obj (.text)
                  0000276c    00000016     usblib-cm4f.lib : usbbuffer.obj (.text:USBBufferInit)
                  00002782    00000016     driverlib-cm4f.lib : usb.obj (.text:USBHostResume)
                  00002798    00000016                        : usb.obj (.text:USBIndexWrite)
                  000027ae    00000016     usblib-cm4f.lib : usbringbuf.obj (.text:USBRingBufUsed)
                  000027c4    00000014                     : usbbuffer.obj (.text:USBBufferDataWritten)
                  000027d8    00000014     driverlib-cm4f.lib : usb.obj (.text:USBIntEnableEndpoint)
                  000027ec    00000014     usblib-cm4f.lib : usbringbuf.obj (.text:USBRingBufContigUsed)
                  00002800    00000014                     : usbringbuf.obj (.text:USBRingBufFlush)
                  00002814    00000014     rtsv7M4_T_le_v4SPD16_eabi.lib : _lock.obj (.text)
                  00002828    00000012     driverlib-cm4f.lib : gpio.obj (.text:GPIOPinTypeADC)
                  0000283a    00000012                        : gpio.obj (.text:GPIOPinTypeGPIOInput)
                  0000284c    00000012                        : gpio.obj (.text:GPIOPinTypeGPIOOutput)
                  0000285e    00000012                        : gpio.obj (.text:GPIOPinTypeSSI)
                  00002870    00000012                        : gpio.obj (.text:GPIOPinTypeUSBAnalog)
                  00002882    00000012     usblib-cm4f.lib : usbdbulk.obj (.text:HandleResume)
                  00002894    00000012                     : usbdbulk.obj (.text:HandleSuspend)
                  000028a6    00000012                     : usbbuffer.obj (.text:HandleTxComplete)
                  000028b8    00000012     driverlib-cm4f.lib : usb.obj (.text:USBEndpointStatus)
                  000028ca    00000012     usblib-cm4f.lib : usbringbuf.obj (.text:USBRingBufFree)
                  000028dc    00000012                     : usbringbuf.obj (.text:USBRingBufWriteOne)
                  000028ee    00000012     rtsv7M4_T_le_v4SPD16_eabi.lib : copy_zero_init.obj (.text:decompress:ZI)
                  00002900    00000010     driverlib-cm4f.lib : adc.obj (.text:ADCIntEnable)
                  00002910    00000010                        : sysctl.obj (.text:SysCtlUSBPLLEnable)
                  00002920    00000010     usblib-cm4f.lib : usbdbulk.obj (.text:USBDBulkTxPacketAvailable)
                  00002930    0000000e     driverlib-cm4f.lib : adc.obj (.text:ADCSequenceDisable)
                  0000293e    0000000e                        : adc.obj (.text:ADCSequenceEnable)
                  0000294c    0000000e     usblib-cm4f.lib : usbbuffer.obj (.text:USBBufferInfoGet)
                  0000295a    0000000e     rtsv7M4_T_le_v4SPD16_eabi.lib : copy_decompress_none.obj (.text:decompress:none)
                  00002968    0000000c     driverlib-cm4f.lib : adc.obj (.text:ADCReferenceSet)
                  00002974    0000000c                        : cpu.obj (.text:CPUcpsid)
                  00002980    0000000c                        : cpu.obj (.text:CPUcpsie)
                  0000298c    0000000c                        : gpio.obj (.text:GPIOADCTriggerEnable)
                  00002998    0000000c                        : usb.obj (.text:USBIntStatusEndpoint)
                  000029a4    0000000c     usblib-cm4f.lib : usbringbuf.obj (.text:USBRingBufInit)
                  000029b0    0000000c     lm4f120h5qr_startup_ccs.obj (.text)
                  000029bc    0000000a     driverlib-cm4f.lib : adc.obj (.text:ADCIntClear)
                  000029c6    0000000a                        : gpio.obj (.text:GPIOPinWrite)
                  000029d0    0000000a                        : interrupt.obj (.text:IntMasterDisable)
                  000029da    0000000a                        : interrupt.obj (.text:IntMasterEnable)
                  000029e4    0000000a                        : ssi.obj (.text:SSIDataPut)
                  000029ee    0000000a                        : ssi.obj (.text:SSIEnable)
                  000029f8    0000000a                        : usb.obj (.text:USBDevConnect)
                  00002a02    0000000a                        : usb.obj (.text:USBDevDisconnect)
                  00002a0c    00000008                        : ssi.obj (.text:SSIBusy)
                  00002a14    00000008                        : usb.obj (.text:USBDevMode)
                  00002a1c    00000008                        : usb.obj (.text:USBOTGMode)
                  00002a24    00000006                        : sysctl.obj (.text:SysCtlDelay)
                  00002a2a    00000006     usblib-cm4f.lib : usbbuffer.obj (.text:USBBufferFlush)
                  00002a30    00000006                     : usbbuffer.obj (.text:USBBufferSpaceAvailable)
                  00002a36    00000006     rtsv7M4_T_le_v4SPD16_eabi.lib : copy_decompress_rle.obj (.text:decompress:rle24)
                  00002a3c    00000004     driverlib-cm4f.lib : adc.obj (.text:ADCPhaseDelaySet)
                  00002a40    00000004                        : usb.obj (.text:USBDevAddrSet)

.const     0    00002a44    000003b2     
                  00002a44    00000078     driverlib-cm4f.lib : gpio.obj (.const:g_pulGPIOBaseAddrs)
                  00002abc    00000078     usblib-cm4f.lib : usbdenum.obj (.const:g_sUSBDefaultFIFOConfig)
                  00002b34    00000070     driverlib-cm4f.lib : interrupt.obj (.const)
                  00002ba4    0000006c                        : sysctl.obj (.const:g_pulXtals)
                  00002c10    00000040                        : sysctl.obj (.const)
                  00002c50    00000034     usblib-cm4f.lib : usbdenum.obj (.const:g_psUSBDStdRequests)
                  00002c84    00000034                     : usbdbulk.obj (.const)
                  00002cb8    00000030     usb_bulk_structs.obj (.const:.string:g_pConfigString)
                  00002ce8    00000028     usb_bulk_structs.obj (.const:.string:g_pDataInterfaceString)
                  00002d10    00000028     usb_bulk_structs.obj (.const:.string:g_pProductString)
                  00002d38    00000024     usb_bulk_structs.obj (.const:.string:g_pManufacturerString)
                  00002d5c    00000024     usb_bulk_structs.obj (.const:g_sBulkDevice)
                  00002d80    00000024     usb_bulk_structs.obj (.const:g_sRxBuffer)
                  00002da4    00000024     usb_bulk_structs.obj (.const:g_sTxBuffer)
                  00002dc8    00000018     usb_bulk_structs.obj (.const)
                  00002de0    00000016     usb_bulk_structs.obj (.const:.string)

.cinit     0    00002df8    000000a8     
                  00002df8    0000006d     (.cinit..data.load) [load image, compression = rle]
                  00002e65    00000003     --HOLE-- [fill = 0]
                  00002e68    0000000c     (__TI_handler_table)
                  00002e74    00000004     --HOLE-- [fill = 0]
                  00002e78    00000008     (.cinit..bss.load) [load image, compression = zero_init]
                  00002e80    00000008     (.cinit..vtable.load) [load image, compression = zero_init]
                  00002e88    00000018     (__TI_cinit_table)

.vtable    0    20000000    0000026c     UNINITIALIZED
                  20000000    0000026c     driverlib-cm4f.lib : interrupt.obj (.vtable)

.bss       0    2000026c    0000233c     UNINITIALIZED
                  2000026c    00002000     usb_bulk_structs.obj (.bss:histBuff)
                  2000226c    00000100     usb_bulk_structs.obj (.bss:g_pucUSBRxBuffer)
                  2000236c    00000100     usb_bulk_structs.obj (.bss:g_pucUSBTxBuffer)
                  2000246c    00000054     usblib-cm4f.lib : usbdenum.obj (.bss:g_psUSBDevice)
                  200024c0    00000040                     : usbdenum.obj (.bss:g_pucDataBufferIn)
                  20002500    00000030                     : usbtick.obj (.bss)
                  20002530    00000018     (.common:g_pucRxBufferWorkspace)
                  20002548    00000018     (.common:g_pucTxBufferWorkspace)
                  20002560    00000018     (.common:g_sBulkInstance)
                  20002578    00000010     (.common:adcTemp)
                  20002588    0000000c                     : usbmode.obj (.bss)
                  20002594    00000004     (.common:g_ulRxCount)
                  20002598    00000004     (.common:g_ulTxCount)
                  2000259c    00000004     (.common:tempValue)
                  200025a0    00000004     (.common:ulRxCount)
                  200025a4    00000004     (.common:ulTxCount)

.stack     0    200025a8    00000200     UNINITIALIZED
                  200025a8    00000200     --HOLE--

.data      0    200027a8    000000a0     UNINITIALIZED
                  200027a8    0000004c     usblib-cm4f.lib : usbdbulk.obj (.data:g_sBulkDeviceInfo)
                  200027f4    00000024                     : usbdbulk.obj (.data)
                  20002818    0000000c                     : usbtick.obj (.data)
                  20002824    00000009                     : usbmode.obj (.data)
                  2000282d    00000001     usb_bulk_structs.obj (.data)
                  2000282e    00000002     --HOLE--
                  20002830    00000008     rtsv7M4_T_le_v4SPD16_eabi.lib : _lock.obj (.data)
                  20002838    00000008                                   : exit.obj (.data)
                  20002840    00000004                                   : stkdepth_vars.obj (.data)
                  20002844    00000004     usblib-cm4f.lib : usbdenum.obj (.data)


LINKER GENERATED COPY TABLES

__TI_cinit_table @ 00002e88 records: 3, size/record: 8, table size: 24
	.data: load addr=00002df8, load size=0000006d bytes, run addr=200027a8, run size=000000a0 bytes, compression=rle
	.bss: load addr=00002e78, load size=00000008 bytes, run addr=2000026c, run size=0000233c bytes, compression=zero_init
	.vtable: load addr=00002e80, load size=00000008 bytes, run addr=20000000, run size=0000026c bytes, compression=zero_init


LINKER GENERATED HANDLER TABLE

__TI_handler_table @ 00002e68 records: 3, size/record: 4, table size: 12
	index: 0, handler: __TI_zero_init
	index: 1, handler: __TI_decompress_rle24
	index: 2, handler: __TI_decompress_none


GLOBAL SYMBOLS: SORTED ALPHABETICALLY BY Name 

address    name
--------   ----
000029bd   ADCIntClear
00002901   ADCIntEnable
0000240d   ADCIntRegister
00002a3d   ADCPhaseDelaySet
00002969   ADCReferenceSet
000023b9   ADCSequenceConfigure
0000253b   ADCSequenceDataGet
00002931   ADCSequenceDisable
0000293f   ADCSequenceEnable
00001769   ADCSequenceStepConfigure
00001fb1   C$$EXIT
00002975   CPUcpsid
00002981   CPUcpsie
00000479   ConvDoneInt
0000298d   GPIOADCTriggerEnable
000022ad   GPIODirModeSet
00000f39   GPIOPadConfigSet
00001d81   GPIOPinConfigure
00002829   GPIOPinTypeADC
0000283b   GPIOPinTypeGPIOInput
0000284d   GPIOPinTypeGPIOOutput
0000285f   GPIOPinTypeSSI
00002871   GPIOPinTypeUSBAnalog
000029c7   GPIOPinWrite
00001911   IntEnable
000029d1   IntMasterDisable
000029db   IntMasterEnable
00002181   IntRegister
00002309   InternalUSBRegisterTickHandler
000021b5   InternalUSBStartOfFrameTick
0000224d   InternalUSBTickInit
000029b1   ResetISR
00000999   RxHandler
UNDEFED    SHT$$INIT_ARRAY$$Base
UNDEFED    SHT$$INIT_ARRAY$$Limit
00002a0d   SSIBusy
00001e9f   SSIConfigSetExpClk
000029e5   SSIDataPut
000029ef   SSIEnable
0000255d   SysCtlADCSpeedSet
00000531   SysCtlClockGet
00000b65   SysCtlClockSet
00002a25   SysCtlDelay
00001aed   SysCtlPeripheralEnable
00001355   SysCtlPeripheralReset
00002911   SysCtlUSBPLLEnable
00000977   TxHandler
000026f5   USB0DeviceIntHandler
000027c5   USBBufferDataWritten
00001975   USBBufferEventCallback
00002a2b   USBBufferFlush
0000294d   USBBufferInfoGet
0000276d   USBBufferInit
00002a31   USBBufferSpaceAvailable
000016f9   USBDBulkCompositeInit
00002669   USBDBulkInit
00001841   USBDBulkPacketRead
00001d37   USBDBulkPacketWrite
000025bb   USBDBulkRxPacketAvailable
00002921   USBDBulkTxPacketAvailable
00001c49   USBDCDConfigDescGet
00002361   USBDCDConfigDescGetNum
0000270d   USBDCDConfigDescGetSize
00002685   USBDCDConfigGetInterface
00002033   USBDCDConfigGetInterfaceEndpoint
00000ca1   USBDCDInit
000026a1   USBDCDStallEP0
0000238d   USBDescGet
00002435   USBDescGetNum
00002a41   USBDevAddrSet
000029f9   USBDevConnect
00002a03   USBDevDisconnect
00001681   USBDevEndpointConfigSet
000024f5   USBDevEndpointDataAck
00002113   USBDevEndpointStall
00001c99   USBDevEndpointStallClear
000019d5   USBDevEndpointStatusClear
00002a15   USBDevMode
00000709   USBDeviceConfig
00001001   USBDeviceConfigAlternate
00000d95   USBDeviceEnumHandler
000021e9   USBDeviceEnumResetHandler
00001171   USBDeviceIntHandlerInternal
00001dc9   USBDeviceResumeTickHandler
000025d9   USBEndpointDataAvail
00001f29   USBEndpointDataGet
0000227d   USBEndpointDataPut
000022db   USBEndpointDataSend
000028b9   USBEndpointStatus
00001e59   USBFIFOConfigSet
00002783   USBHostResume
0000245d   USBIntEnableControl
000027d9   USBIntEnableEndpoint
000020a5   USBIntStatusControl
00002999   USBIntStatusEndpoint
00002a1d   USBOTGMode
000025f7   USBRingBufAdvanceRead
00002149   USBRingBufAdvanceWrite
000026bd   USBRingBufContigFree
000027ed   USBRingBufContigUsed
00002801   USBRingBufFlush
000028cb   USBRingBufFree
000029a5   USBRingBufInit
000027af   USBRingBufUsed
000026d9   USBRingBufWrite
000028dd   USBRingBufWriteOne
0000257d   USBStackModeSet
200027a8   __STACK_END
00000200   __STACK_SIZE
200027a8   __STACK_TOP
00002e88   __TI_CINIT_Base
00002ea0   __TI_CINIT_Limit
00002e68   __TI_Handler_Table_Base
00002e74   __TI_Handler_Table_Limit
00000001   __TI_args_main
000013e9   __TI_auto_init
20002838   __TI_cleanup_ptr
0000295b   __TI_decompress_none
00002a37   __TI_decompress_rle24
2000283c   __TI_dtors_ptr
00000000   __TI_static_base__
000028ef   __TI_zero_init
000012b7   __aeabi_memcpy
000012b7   __aeabi_memcpy4
000012b7   __aeabi_memcpy8
ffffffff   __binit__
ffffffff   __c_args__
200025a8   __stack
00002755   _args_main
00001e11   _c_int00
20002830   _lock
00002823   _nop
0000281b   _register_lock
00002815   _register_unlock
20002834   _unlock
00001fb5   abort
20002578   adcTemp
ffffffff   binit
00001f6d   copy_in
00001fbd   exit
20002818   g_bUSBTimerInitialized
2000258c   g_eOTGModeState
20002824   g_eUSBMode
00002cb4   g_pBulkConfigDescriptors
20002806   g_pBulkDescriptor
200027f4   g_pBulkDeviceDescriptor
00002c84   g_pBulkInterface
00002cb8   g_pConfigString
00002ce8   g_pDataInterfaceString
00002de0   g_pLangDescriptor
00002d38   g_pManufacturerString
00002d10   g_pProductString
00002de4   g_pSerialNumberString
00002dc8   g_pStringDescriptors
20002500   g_pfTickHandlers
20000000   g_pfnRAMVectors
00000000   g_pfnVectors
20002810   g_psBulkSections
2000246c   g_psUSBDevice
20002530   g_pucRxBufferWorkspace
20002548   g_pucTxBufferWorkspace
2000226c   g_pucUSBRxBuffer
2000236c   g_pucUSBTxBuffer
20002518   g_pvTickInstance
00002cac   g_sBulkConfigHeader
00002c9c   g_sBulkConfigSection
00002d5c   g_sBulkDevice
200027a8   g_sBulkDeviceInfo
20002560   g_sBulkInstance
00002ca4   g_sBulkInterfaceSection
00002d80   g_sRxBuffer
00002da4   g_sTxBuffer
00002abc   g_sUSBDefaultFIFOConfig
2000281c   g_ulCurrentUSBTick
20002588   g_ulPollRate
20002594   g_ulRxCount
20002598   g_ulTxCount
20002820   g_ulUSBSOFCount
20002828   g_ulWaitTicks
2000026c   histBuff
0000026d   main
20002840   main_func_sp
000012b7   memcpy
2000259c   tempValue
200025a0   ulRxCount
200025a4   ulTxCount


GLOBAL SYMBOLS: SORTED BY Symbol Address 

address    name
--------   ----
00000000   __TI_static_base__
00000000   g_pfnVectors
00000001   __TI_args_main
00000200   __STACK_SIZE
0000026d   main
00000479   ConvDoneInt
00000531   SysCtlClockGet
00000709   USBDeviceConfig
00000977   TxHandler
00000999   RxHandler
00000b65   SysCtlClockSet
00000ca1   USBDCDInit
00000d95   USBDeviceEnumHandler
00000f39   GPIOPadConfigSet
00001001   USBDeviceConfigAlternate
00001171   USBDeviceIntHandlerInternal
000012b7   __aeabi_memcpy
000012b7   __aeabi_memcpy4
000012b7   __aeabi_memcpy8
000012b7   memcpy
00001355   SysCtlPeripheralReset
000013e9   __TI_auto_init
00001681   USBDevEndpointConfigSet
000016f9   USBDBulkCompositeInit
00001769   ADCSequenceStepConfigure
00001841   USBDBulkPacketRead
00001911   IntEnable
00001975   USBBufferEventCallback
000019d5   USBDevEndpointStatusClear
00001aed   SysCtlPeripheralEnable
00001c49   USBDCDConfigDescGet
00001c99   USBDevEndpointStallClear
00001d37   USBDBulkPacketWrite
00001d81   GPIOPinConfigure
00001dc9   USBDeviceResumeTickHandler
00001e11   _c_int00
00001e59   USBFIFOConfigSet
00001e9f   SSIConfigSetExpClk
00001f29   USBEndpointDataGet
00001f6d   copy_in
00001fb1   C$$EXIT
00001fb5   abort
00001fbd   exit
00002033   USBDCDConfigGetInterfaceEndpoint
000020a5   USBIntStatusControl
00002113   USBDevEndpointStall
00002149   USBRingBufAdvanceWrite
00002181   IntRegister
000021b5   InternalUSBStartOfFrameTick
000021e9   USBDeviceEnumResetHandler
0000224d   InternalUSBTickInit
0000227d   USBEndpointDataPut
000022ad   GPIODirModeSet
000022db   USBEndpointDataSend
00002309   InternalUSBRegisterTickHandler
00002361   USBDCDConfigDescGetNum
0000238d   USBDescGet
000023b9   ADCSequenceConfigure
0000240d   ADCIntRegister
00002435   USBDescGetNum
0000245d   USBIntEnableControl
000024f5   USBDevEndpointDataAck
0000253b   ADCSequenceDataGet
0000255d   SysCtlADCSpeedSet
0000257d   USBStackModeSet
000025bb   USBDBulkRxPacketAvailable
000025d9   USBEndpointDataAvail
000025f7   USBRingBufAdvanceRead
00002669   USBDBulkInit
00002685   USBDCDConfigGetInterface
000026a1   USBDCDStallEP0
000026bd   USBRingBufContigFree
000026d9   USBRingBufWrite
000026f5   USB0DeviceIntHandler
0000270d   USBDCDConfigDescGetSize
00002755   _args_main
0000276d   USBBufferInit
00002783   USBHostResume
000027af   USBRingBufUsed
000027c5   USBBufferDataWritten
000027d9   USBIntEnableEndpoint
000027ed   USBRingBufContigUsed
00002801   USBRingBufFlush
00002815   _register_unlock
0000281b   _register_lock
00002823   _nop
00002829   GPIOPinTypeADC
0000283b   GPIOPinTypeGPIOInput
0000284d   GPIOPinTypeGPIOOutput
0000285f   GPIOPinTypeSSI
00002871   GPIOPinTypeUSBAnalog
000028b9   USBEndpointStatus
000028cb   USBRingBufFree
000028dd   USBRingBufWriteOne
000028ef   __TI_zero_init
00002901   ADCIntEnable
00002911   SysCtlUSBPLLEnable
00002921   USBDBulkTxPacketAvailable
00002931   ADCSequenceDisable
0000293f   ADCSequenceEnable
0000294d   USBBufferInfoGet
0000295b   __TI_decompress_none
00002969   ADCReferenceSet
00002975   CPUcpsid
00002981   CPUcpsie
0000298d   GPIOADCTriggerEnable
00002999   USBIntStatusEndpoint
000029a5   USBRingBufInit
000029b1   ResetISR
000029bd   ADCIntClear
000029c7   GPIOPinWrite
000029d1   IntMasterDisable
000029db   IntMasterEnable
000029e5   SSIDataPut
000029ef   SSIEnable
000029f9   USBDevConnect
00002a03   USBDevDisconnect
00002a0d   SSIBusy
00002a15   USBDevMode
00002a1d   USBOTGMode
00002a25   SysCtlDelay
00002a2b   USBBufferFlush
00002a31   USBBufferSpaceAvailable
00002a37   __TI_decompress_rle24
00002a3d   ADCPhaseDelaySet
00002a41   USBDevAddrSet
00002abc   g_sUSBDefaultFIFOConfig
00002c84   g_pBulkInterface
00002c9c   g_sBulkConfigSection
00002ca4   g_sBulkInterfaceSection
00002cac   g_sBulkConfigHeader
00002cb4   g_pBulkConfigDescriptors
00002cb8   g_pConfigString
00002ce8   g_pDataInterfaceString
00002d10   g_pProductString
00002d38   g_pManufacturerString
00002d5c   g_sBulkDevice
00002d80   g_sRxBuffer
00002da4   g_sTxBuffer
00002dc8   g_pStringDescriptors
00002de0   g_pLangDescriptor
00002de4   g_pSerialNumberString
00002e68   __TI_Handler_Table_Base
00002e74   __TI_Handler_Table_Limit
00002e88   __TI_CINIT_Base
00002ea0   __TI_CINIT_Limit
20000000   g_pfnRAMVectors
2000026c   histBuff
2000226c   g_pucUSBRxBuffer
2000236c   g_pucUSBTxBuffer
2000246c   g_psUSBDevice
20002500   g_pfTickHandlers
20002518   g_pvTickInstance
20002530   g_pucRxBufferWorkspace
20002548   g_pucTxBufferWorkspace
20002560   g_sBulkInstance
20002578   adcTemp
20002588   g_ulPollRate
2000258c   g_eOTGModeState
20002594   g_ulRxCount
20002598   g_ulTxCount
2000259c   tempValue
200025a0   ulRxCount
200025a4   ulTxCount
200025a8   __stack
200027a8   __STACK_END
200027a8   __STACK_TOP
200027a8   g_sBulkDeviceInfo
200027f4   g_pBulkDeviceDescriptor
20002806   g_pBulkDescriptor
20002810   g_psBulkSections
20002818   g_bUSBTimerInitialized
2000281c   g_ulCurrentUSBTick
20002820   g_ulUSBSOFCount
20002824   g_eUSBMode
20002828   g_ulWaitTicks
20002830   _lock
20002834   _unlock
20002838   __TI_cleanup_ptr
2000283c   __TI_dtors_ptr
20002840   main_func_sp
ffffffff   __binit__
ffffffff   __c_args__
ffffffff   binit
UNDEFED    SHT$$INIT_ARRAY$$Base
UNDEFED    SHT$$INIT_ARRAY$$Limit

[186 symbols]
