******************************************************************************
                  TI ARM Linker PC v5.1.5                      
******************************************************************************
>> Linked Wed Aug 20 17:25:08 2014

OUTPUT FILE NAME:   <test_int_ext.out>
ENTRY POINT SYMBOL: "_c_int00"  address: 00001d2d


MEMORY CONFIGURATION

         name            origin    length      used     unused   attr    fill
----------------------  --------  ---------  --------  --------  ----  --------
  FLASH                 00000000   00040000  00002c1a  0003d3e6  R  X
  SRAM                  20000000   00008000  00002918  000056e8  RW X


SEGMENT ALLOCATION MAP

run origin  load origin   length   init length attrs members
----------  ----------- ---------- ----------- ----- -------
00000000    00000000    00002c20   00002c20    r-x
  00000000    00000000    0000026c   0000026c    r-- .intvecs
  0000026c    0000026c    00002554   00002554    r-x .text
  000027c0    000027c0    000003b2   000003b2    r-- .const
  00002b78    00002b78    000000a8   000000a8    r-- .cinit
20000000    20000000    00002918   00000000    rw-
  20000000    20000000    0000026c   00000000    rw- .vtable
  2000026c    2000026c    000023fc   00000000    rw- .bss
  20002668    20002668    00000200   00000000    rw- .stack
  20002868    20002868    000000b0   00000000    rw- .data


SECTION ALLOCATION MAP

 output                                  attributes/
section   page    origin      length       input sections
--------  ----  ----------  ----------   ----------------
.intvecs   0    00000000    0000026c     
                  00000000    0000026c     lm4f120h5qr_startup_ccs.obj (.intvecs)

.init_array 
*          0    00000000    00000000     UNINITIALIZED

.text      0    0000026c    00002554     
                  0000026c    000002b0     main.obj (.text)
                  0000051c    0000025c     usb_bulk_structs.obj (.text)
                  00000778    000001d8     driverlib-cm4f.lib : sysctl.obj (.text:SysCtlClockGet)
                  00000950    00000188     usblib-cm4f.lib : usbdconfig.obj (.text:USBDeviceConfig)
                  00000ad8    00000160                     : usbdenum.obj (.text:USBDEP0StateTxConfig)
                  00000c38    0000013c     driverlib-cm4f.lib : sysctl.obj (.text:SysCtlClockSet)
                  00000d74    000000f4     usblib-cm4f.lib : usbdenum.obj (.text:USBDCDInit)
                  00000e68    000000d4                     : usbdenum.obj (.text:USBDeviceEnumHandler)
                  00000f3c    000000d0                     : usbdenum.obj (.text:USBDGetDescriptor)
                  0000100c    000000c8     driverlib-cm4f.lib : gpio.obj (.text:GPIOPadConfigSet)
                  000010d4    000000bc     usblib-cm4f.lib : usbdconfig.obj (.text:USBDeviceConfigAlternate)
                  00001190    000000a4                     : usbdenum.obj (.text:USBDeviceIntHandlerInternal)
                  00001234    0000009c     rtsv7M4_T_le_v4SPD16_eabi.lib : memcpy_t2.obj (.text)
                  000012d0    00000094     driverlib-cm4f.lib : sysctl.obj (.text:SysCtlPeripheralReset)
                  00001364    00000094     rtsv7M4_T_le_v4SPD16_eabi.lib : auto_init.obj (.text)
                  000013f8    00000084     usblib-cm4f.lib : usbdenum.obj (.text:USBDClearFeature)
                  0000147c    00000084                     : usbdenum.obj (.text:USBDSetConfiguration)
                  00001500    00000084                     : usbdenum.obj (.text:USBDSetInterface)
                  00001584    00000078                     : usbdenum.obj (.text:USBDGetStatus)
                  000015fc    00000076     driverlib-cm4f.lib : usb.obj (.text:USBDevEndpointConfigSet)
                  00001672    00000002     --HOLE-- [fill = 0]
                  00001674    00000070     usblib-cm4f.lib : usbdbulk.obj (.text:USBDBulkCompositeInit)
                  000016e4    0000006c     driverlib-cm4f.lib : adc.obj (.text:ADCSequenceStepConfigure)
                  00001750    0000006c     usblib-cm4f.lib : usbdenum.obj (.text:USBDSetFeature)
                  000017bc    00000068                     : usbdbulk.obj (.text:USBDBulkPacketRead)
                  00001824    00000068                     : usbdenum.obj (.text:USBDEP0StateTx)
                  0000188c    00000064     driverlib-cm4f.lib : interrupt.obj (.text:IntEnable)
                  000018f0    0000005e                        : usb.obj (.text:USBDevEndpointStatusClear)
                  0000194e    0000005e     rtsv7M4_T_le_v4SPD16_eabi.lib : copy_decompress_rle.obj (.text)
                  000019ac    0000005c     usblib-cm4f.lib : usbdbulk.obj (.text:ProcessDataFromHost)
                  00001a08    00000058     driverlib-cm4f.lib : sysctl.obj (.text:SysCtlPeripheralEnable)
                  00001a60    00000058     usblib-cm4f.lib : usbdenum.obj (.text:USBDReadAndDispatchRequest)
                  00001ab8    00000058                     : usbdenum.obj (.text:USBDStringIndexFromRequest)
                  00001b10    00000054                     : usbdconfig.obj (.text:GetEPDescriptorType)
                  00001b64    00000050                     : usbdcdesc.obj (.text:USBDCDConfigDescGet)
                  00001bb4    00000050     driverlib-cm4f.lib : usb.obj (.text:USBDevEndpointStallClear)
                  00001c04    0000004e     usblib-cm4f.lib : usbdcdesc.obj (.text:ConfigAlternateInterfaceGet)
                  00001c52    0000004a                     : usbdbulk.obj (.text:USBDBulkPacketWrite)
                  00001c9c    00000048     driverlib-cm4f.lib : gpio.obj (.text:GPIOPinConfigure)
                  00001ce4    00000048     usblib-cm4f.lib : usbdenum.obj (.text:USBDeviceResumeTickHandler)
                  00001d2c    00000048     rtsv7M4_T_le_v4SPD16_eabi.lib : boot.obj (.text)
                  00001d74    00000046     driverlib-cm4f.lib : usb.obj (.text:USBFIFOConfigSet)
                  00001dba    00000044                        : ssi.obj (.text:SSIConfigSetExpClk)
                  00001dfe    00000002     --HOLE-- [fill = 0]
                  00001e00    00000044     usblib-cm4f.lib : usbdenum.obj (.text:USBDGetInterface)
                  00001e44    00000044     driverlib-cm4f.lib : usb.obj (.text:USBEndpointDataGet)
                  00001e88    00000044     rtsv7M4_T_le_v4SPD16_eabi.lib : cpy_tbl.obj (.text)
                  00001ecc    00000044                                   : exit.obj (.text)
                  00001f10    0000003e     usblib-cm4f.lib : usbdconfig.obj (.text:GetEndpointFIFOSize)
                  00001f4e    0000003a                     : usbdcdesc.obj (.text:USBDCDConfigGetInterfaceEndpoint)
                  00001f88    00000038                     : usbdenum.obj (.text:USBDGetConfiguration)
                  00001fc0    00000038     driverlib-cm4f.lib : usb.obj (.text:USBIntStatusControl)
                  00001ff8    00000036     usblib-cm4f.lib : usbdcdesc.obj (.text:NextConfigDescGet)
                  0000202e    00000036     driverlib-cm4f.lib : usb.obj (.text:USBDevEndpointStall)
                  00002064    00000034                        : interrupt.obj (.text:IntRegister)
                  00002098    00000034     usblib-cm4f.lib : usbtick.obj (.text:InternalUSBStartOfFrameTick)
                  000020cc    00000032                     : usbdenum.obj (.text:USBDeviceEnumResetHandler)
                  000020fe    00000030                     : usbdbulk.obj (.text:HandleEndpoints)
                  0000212e    00000002     --HOLE-- [fill = 0]
                  00002130    00000030                     : usbtick.obj (.text:InternalUSBTickInit)
                  00002160    00000030     driverlib-cm4f.lib : usb.obj (.text:USBEndpointDataPut)
                  00002190    0000002e                        : gpio.obj (.text:GPIODirModeSet)
                  000021be    0000002e                        : usb.obj (.text:USBEndpointDataSend)
                  000021ec    0000002c     usblib-cm4f.lib : usbtick.obj (.text:InternalUSBRegisterTickHandler)
                  00002218    0000002c                     : usbdbulk.obj (.text:ProcessDataToHost)
                  00002244    0000002c                     : usbdcdesc.obj (.text:USBDCDConfigDescGetNum)
                  00002270    0000002c                     : usbdesc.obj (.text:USBDescGet)
                  0000229c    0000002a     driverlib-cm4f.lib : adc.obj (.text:ADCSequenceConfigure)
                  000022c6    0000002a     usblib-cm4f.lib : usbdbulk.obj (.text:HandleDevice)
                  000022f0    00000028     driverlib-cm4f.lib : adc.obj (.text:ADCIntRegister)
                  00002318    00000028     usblib-cm4f.lib : usbdesc.obj (.text:USBDescGetNum)
                  00002340    00000028     driverlib-cm4f.lib : usb.obj (.text:USBIntEnableControl)
                  00002368    00000024     usblib-cm4f.lib : usbdenum.obj (.text:USBDSetAddress)
                  0000238c    00000024     driverlib-cm4f.lib : usb.obj (.text:USBDevEndpointDataAck)
                  000023b0    00000022     usblib-cm4f.lib : usbdbulk.obj (.text:BulkTickHandler)
                  000023d2    00000020     driverlib-cm4f.lib : adc.obj (.text:ADCSequenceDataGet)
                  000023f2    00000002     --HOLE-- [fill = 0]
                  000023f4    00000020                        : sysctl.obj (.text:SysCtlADCSpeedSet)
                  00002414    00000020     usblib-cm4f.lib : usbmode.obj (.text:USBStackModeSet)
                  00002434    0000001e                     : usbdbulk.obj (.text:USBDBulkRxPacketAvailable)
                  00002452    0000001e     driverlib-cm4f.lib : usb.obj (.text:USBEndpointDataAvail)
                  00002470    0000001c     usblib-cm4f.lib : usbdbulk.obj (.text:HandleConfigChange)
                  0000248c    0000001c                     : usbdbulk.obj (.text:HandleDisconnect)
                  000024a8    0000001c                     : usbdbulk.obj (.text:SetDeferredOpFlag)
                  000024c4    0000001c                     : usbdbulk.obj (.text:USBDBulkInit)
                  000024e0    0000001c                     : usbdcdesc.obj (.text:USBDCDConfigGetInterface)
                  000024fc    0000001c                     : usbdenum.obj (.text:USBDCDStallEP0)
                  00002518    00000018                     : usbdhandler.obj (.text:USB0DeviceIntHandler)
                  00002530    00000018                     : usbdcdesc.obj (.text:USBDCDConfigDescGetSize)
                  00002548    00000018                     : usbdenum.obj (.text:USBDSetDescriptor)
                  00002560    00000018                     : usbdenum.obj (.text:USBDSyncFrame)
                  00002578    00000018     rtsv7M4_T_le_v4SPD16_eabi.lib : args_main.obj (.text)
                  00002590    00000016     driverlib-cm4f.lib : usb.obj (.text:USBHostResume)
                  000025a6    00000016                        : usb.obj (.text:USBIndexWrite)
                  000025bc    00000014                        : usb.obj (.text:USBIntEnableEndpoint)
                  000025d0    00000014     usblib-cm4f.lib : usbringbuf.obj (.text:USBRingBufFlush)
                  000025e4    00000014     rtsv7M4_T_le_v4SPD16_eabi.lib : _lock.obj (.text)
                  000025f8    00000012     driverlib-cm4f.lib : gpio.obj (.text:GPIOPinTypeADC)
                  0000260a    00000012                        : gpio.obj (.text:GPIOPinTypeGPIOInput)
                  0000261c    00000012                        : gpio.obj (.text:GPIOPinTypeGPIOOutput)
                  0000262e    00000012                        : gpio.obj (.text:GPIOPinTypeSSI)
                  00002640    00000012                        : gpio.obj (.text:GPIOPinTypeUSBAnalog)
                  00002652    00000012     usblib-cm4f.lib : usbdbulk.obj (.text:HandleResume)
                  00002664    00000012                     : usbdbulk.obj (.text:HandleSuspend)
                  00002676    00000012     driverlib-cm4f.lib : usb.obj (.text:USBEndpointStatus)
                  00002688    00000012     rtsv7M4_T_le_v4SPD16_eabi.lib : copy_zero_init.obj (.text:decompress:ZI)
                  0000269a    00000010     driverlib-cm4f.lib : adc.obj (.text:ADCIntEnable)
                  000026aa    00000002     --HOLE-- [fill = 0]
                  000026ac    00000010                        : sysctl.obj (.text:SysCtlUSBPLLEnable)
                  000026bc    00000010     usblib-cm4f.lib : usbdbulk.obj (.text:USBDBulkTxPacketAvailable)
                  000026cc    0000000e     driverlib-cm4f.lib : adc.obj (.text:ADCSequenceDisable)
                  000026da    0000000e                        : adc.obj (.text:ADCSequenceEnable)
                  000026e8    0000000e     rtsv7M4_T_le_v4SPD16_eabi.lib : copy_decompress_none.obj (.text:decompress:none)
                  000026f6    0000000c     driverlib-cm4f.lib : adc.obj (.text:ADCReferenceSet)
                  00002702    0000000c                        : cpu.obj (.text:CPUcpsid)
                  0000270e    0000000c                        : cpu.obj (.text:CPUcpsie)
                  0000271a    0000000c                        : gpio.obj (.text:GPIOADCTriggerEnable)
                  00002726    0000000c                        : usb.obj (.text:USBIntStatusEndpoint)
                  00002732    0000000c     lm4f120h5qr_startup_ccs.obj (.text)
                  0000273e    0000000a     driverlib-cm4f.lib : adc.obj (.text:ADCIntClear)
                  00002748    0000000a                        : gpio.obj (.text:GPIOPinWrite)
                  00002752    0000000a                        : interrupt.obj (.text:IntMasterDisable)
                  0000275c    0000000a                        : interrupt.obj (.text:IntMasterEnable)
                  00002766    0000000a                        : ssi.obj (.text:SSIDataPut)
                  00002770    0000000a                        : ssi.obj (.text:SSIEnable)
                  0000277a    0000000a                        : usb.obj (.text:USBDevConnect)
                  00002784    0000000a                        : usb.obj (.text:USBDevDisconnect)
                  0000278e    00000008                        : ssi.obj (.text:SSIBusy)
                  00002796    00000008                        : usb.obj (.text:USBDevMode)
                  0000279e    00000008                        : usb.obj (.text:USBOTGMode)
                  000027a6    00000006                        : sysctl.obj (.text:SysCtlDelay)
                  000027ac    00000006     usblib-cm4f.lib : usbbuffer.obj (.text:USBBufferFlush)
                  000027b2    00000006     rtsv7M4_T_le_v4SPD16_eabi.lib : copy_decompress_rle.obj (.text:decompress:rle24)
                  000027b8    00000004     driverlib-cm4f.lib : adc.obj (.text:ADCPhaseDelaySet)
                  000027bc    00000004                        : usb.obj (.text:USBDevAddrSet)

.const     0    000027c0    000003b2     
                  000027c0    00000078     driverlib-cm4f.lib : gpio.obj (.const:g_pulGPIOBaseAddrs)
                  00002838    00000078     usblib-cm4f.lib : usbdenum.obj (.const:g_sUSBDefaultFIFOConfig)
                  000028b0    00000070     driverlib-cm4f.lib : interrupt.obj (.const)
                  00002920    0000006c                        : sysctl.obj (.const:g_pulXtals)
                  0000298c    00000040                        : sysctl.obj (.const)
                  000029cc    00000034     usblib-cm4f.lib : usbdenum.obj (.const:g_psUSBDStdRequests)
                  00002a00    00000034                     : usbdbulk.obj (.const)
                  00002a34    00000030     usb_bulk_structs.obj (.const:.string:g_pConfigString)
                  00002a64    00000028     usb_bulk_structs.obj (.const:.string:g_pDataInterfaceString)
                  00002a8c    00000028     usb_bulk_structs.obj (.const:.string:g_pProductString)
                  00002ab4    00000024     usb_bulk_structs.obj (.const:.string:g_pManufacturerString)
                  00002ad8    00000024     usb_bulk_structs.obj (.const:g_sBulkDevice)
                  00002afc    00000024     usb_bulk_structs.obj (.const:g_sRxBuffer)
                  00002b20    00000024     usb_bulk_structs.obj (.const:g_sTxBuffer)
                  00002b44    00000018     usb_bulk_structs.obj (.const)
                  00002b5c    00000016     usb_bulk_structs.obj (.const:.string)

.cinit     0    00002b78    000000a8     
                  00002b78    00000073     (.cinit..data.load) [load image, compression = rle]
                  00002beb    00000001     --HOLE-- [fill = 0]
                  00002bec    0000000c     (__TI_handler_table)
                  00002bf8    00000008     (.cinit..bss.load) [load image, compression = zero_init]
                  00002c00    00000008     (.cinit..vtable.load) [load image, compression = zero_init]
                  00002c08    00000018     (__TI_cinit_table)

.vtable    0    20000000    0000026c     UNINITIALIZED
                  20000000    0000026c     driverlib-cm4f.lib : interrupt.obj (.vtable)

.bss       0    2000026c    000023fc     UNINITIALIZED
                  2000026c    00002000     usb_bulk_structs.obj (.bss:histBuff)
                  2000226c    00000100     usb_bulk_structs.obj (.bss:g_pucUSBRxBuffer)
                  2000236c    00000100     usb_bulk_structs.obj (.bss:g_pucUSBTxBuffer)
                  2000246c    00000054     usblib-cm4f.lib : usbdenum.obj (.bss:g_psUSBDevice)
                  200024c0    00000040                     : usbdenum.obj (.bss:g_pucDataBufferIn)
                  20002500    00000040     usb_bulk_structs.obj (.bss:rxBuffer)
                  20002540    00000040     usb_bulk_structs.obj (.bss:sendData)
                  20002580    00000040     usb_bulk_structs.obj (.bss:txBuffer)
                  200025c0    00000030     usblib-cm4f.lib : usbtick.obj (.bss)
                  200025f0    00000018     (.common:g_pucRxBufferWorkspace)
                  20002608    00000018     (.common:g_pucTxBufferWorkspace)
                  20002620    00000018     (.common:g_sBulkInstance)
                  20002638    00000010     (.common:adcTemp)
                  20002648    0000000c                     : usbmode.obj (.bss)
                  20002654    00000004     (.common:g_ulRxCount)
                  20002658    00000004     (.common:g_ulTxCount)
                  2000265c    00000004     (.common:tempValue)
                  20002660    00000004     (.common:ulRxCount)
                  20002664    00000004     (.common:ulTxCount)

.stack     0    20002668    00000200     UNINITIALIZED
                  20002668    00000200     --HOLE--

.data      0    20002868    000000b0     UNINITIALIZED
                  20002868    0000004c     usblib-cm4f.lib : usbdbulk.obj (.data:g_sBulkDeviceInfo)
                  200028b4    00000024                     : usbdbulk.obj (.data)
                  200028d8    0000000d     usb_bulk_structs.obj (.data)
                  200028e5    00000003     --HOLE--
                  200028e8    0000000c     usblib-cm4f.lib : usbtick.obj (.data)
                  200028f4    00000009                     : usbmode.obj (.data)
                  200028fd    00000003     --HOLE--
                  20002900    00000008     rtsv7M4_T_le_v4SPD16_eabi.lib : _lock.obj (.data)
                  20002908    00000008                                   : exit.obj (.data)
                  20002910    00000004                                   : stkdepth_vars.obj (.data)
                  20002914    00000004     usblib-cm4f.lib : usbdenum.obj (.data)


LINKER GENERATED COPY TABLES

__TI_cinit_table @ 00002c08 records: 3, size/record: 8, table size: 24
	.data: load addr=00002b78, load size=00000073 bytes, run addr=20002868, run size=000000b0 bytes, compression=rle
	.bss: load addr=00002bf8, load size=00000008 bytes, run addr=2000026c, run size=000023fc bytes, compression=zero_init
	.vtable: load addr=00002c00, load size=00000008 bytes, run addr=20000000, run size=0000026c bytes, compression=zero_init


LINKER GENERATED HANDLER TABLE

__TI_handler_table @ 00002bec records: 3, size/record: 4, table size: 12
	index: 0, handler: __TI_zero_init
	index: 1, handler: __TI_decompress_rle24
	index: 2, handler: __TI_decompress_none


GLOBAL SYMBOLS: SORTED ALPHABETICALLY BY Name 

address    name
--------   ----
0000273f   ADCIntClear
0000269b   ADCIntEnable
000022f1   ADCIntRegister
000027b9   ADCPhaseDelaySet
000026f7   ADCReferenceSet
0000229d   ADCSequenceConfigure
000023d3   ADCSequenceDataGet
000026cd   ADCSequenceDisable
000026db   ADCSequenceEnable
000016e5   ADCSequenceStepConfigure
00001ecd   C$$EXIT
00002703   CPUcpsid
0000270f   CPUcpsie
0000046d   ConvDoneInt
0000271b   GPIOADCTriggerEnable
00002191   GPIODirModeSet
0000100d   GPIOPadConfigSet
00001c9d   GPIOPinConfigure
000025f9   GPIOPinTypeADC
0000260b   GPIOPinTypeGPIOInput
0000261d   GPIOPinTypeGPIOOutput
0000262f   GPIOPinTypeSSI
00002641   GPIOPinTypeUSBAnalog
00002749   GPIOPinWrite
0000188d   IntEnable
00002753   IntMasterDisable
0000275d   IntMasterEnable
00002065   IntRegister
000021ed   InternalUSBRegisterTickHandler
00002099   InternalUSBStartOfFrameTick
00002131   InternalUSBTickInit
00002733   ResetISR
00000701   RxHandler
UNDEFED    SHT$$INIT_ARRAY$$Base
UNDEFED    SHT$$INIT_ARRAY$$Limit
0000278f   SSIBusy
00001dbb   SSIConfigSetExpClk
00002767   SSIDataPut
00002771   SSIEnable
000023f5   SysCtlADCSpeedSet
00000779   SysCtlClockGet
00000c39   SysCtlClockSet
000027a7   SysCtlDelay
00001a09   SysCtlPeripheralEnable
000012d1   SysCtlPeripheralReset
000026ad   SysCtlUSBPLLEnable
000006d1   TxHandler
00002519   USB0DeviceIntHandler
000027ad   USBBufferFlush
00001675   USBDBulkCompositeInit
000024c5   USBDBulkInit
000017bd   USBDBulkPacketRead
00001c53   USBDBulkPacketWrite
00002435   USBDBulkRxPacketAvailable
000026bd   USBDBulkTxPacketAvailable
00001b65   USBDCDConfigDescGet
00002245   USBDCDConfigDescGetNum
00002531   USBDCDConfigDescGetSize
000024e1   USBDCDConfigGetInterface
00001f4f   USBDCDConfigGetInterfaceEndpoint
00000d75   USBDCDInit
000024fd   USBDCDStallEP0
00002271   USBDescGet
00002319   USBDescGetNum
000027bd   USBDevAddrSet
0000277b   USBDevConnect
00002785   USBDevDisconnect
000015fd   USBDevEndpointConfigSet
0000238d   USBDevEndpointDataAck
0000202f   USBDevEndpointStall
00001bb5   USBDevEndpointStallClear
000018f1   USBDevEndpointStatusClear
00002797   USBDevMode
00000951   USBDeviceConfig
000010d5   USBDeviceConfigAlternate
00000e69   USBDeviceEnumHandler
000020cd   USBDeviceEnumResetHandler
00001191   USBDeviceIntHandlerInternal
00001ce5   USBDeviceResumeTickHandler
00002453   USBEndpointDataAvail
00001e45   USBEndpointDataGet
00002161   USBEndpointDataPut
000021bf   USBEndpointDataSend
00002677   USBEndpointStatus
00001d75   USBFIFOConfigSet
00002591   USBHostResume
00002341   USBIntEnableControl
000025bd   USBIntEnableEndpoint
00001fc1   USBIntStatusControl
00002727   USBIntStatusEndpoint
0000279f   USBOTGMode
000025d1   USBRingBufFlush
00002415   USBStackModeSet
20002868   __STACK_END
00000200   __STACK_SIZE
20002868   __STACK_TOP
00002c08   __TI_CINIT_Base
00002c20   __TI_CINIT_Limit
00002bec   __TI_Handler_Table_Base
00002bf8   __TI_Handler_Table_Limit
00000001   __TI_args_main
00001365   __TI_auto_init
20002908   __TI_cleanup_ptr
000026e9   __TI_decompress_none
000027b3   __TI_decompress_rle24
2000290c   __TI_dtors_ptr
00000000   __TI_static_base__
00002689   __TI_zero_init
00001235   __aeabi_memcpy
00001235   __aeabi_memcpy4
00001235   __aeabi_memcpy8
ffffffff   __binit__
ffffffff   __c_args__
20002668   __stack
00002579   _args_main
00001d2d   _c_int00
20002900   _lock
000025f3   _nop
000025eb   _register_lock
000025e5   _register_unlock
20002904   _unlock
00001ed1   abort
20002638   adcTemp
ffffffff   binit
00001e89   copy_in
200028e0   datRemain
00001ed9   exit
200028e8   g_bUSBTimerInitialized
2000264c   g_eOTGModeState
200028f4   g_eUSBMode
00002a30   g_pBulkConfigDescriptors
200028c6   g_pBulkDescriptor
200028b4   g_pBulkDeviceDescriptor
00002a00   g_pBulkInterface
00002a34   g_pConfigString
00002a64   g_pDataInterfaceString
00002b5c   g_pLangDescriptor
00002ab4   g_pManufacturerString
00002a8c   g_pProductString
00002b60   g_pSerialNumberString
00002b44   g_pStringDescriptors
200025c0   g_pfTickHandlers
20000000   g_pfnRAMVectors
00000000   g_pfnVectors
200028d0   g_psBulkSections
2000246c   g_psUSBDevice
200025f0   g_pucRxBufferWorkspace
20002608   g_pucTxBufferWorkspace
2000226c   g_pucUSBRxBuffer
2000236c   g_pucUSBTxBuffer
200025d8   g_pvTickInstance
00002a28   g_sBulkConfigHeader
00002a18   g_sBulkConfigSection
00002ad8   g_sBulkDevice
20002868   g_sBulkDeviceInfo
20002620   g_sBulkInstance
00002a20   g_sBulkInterfaceSection
00002afc   g_sRxBuffer
00002b20   g_sTxBuffer
00002838   g_sUSBDefaultFIFOConfig
200028ec   g_ulCurrentUSBTick
20002648   g_ulPollRate
20002654   g_ulRxCount
20002658   g_ulTxCount
200028f0   g_ulUSBSOFCount
200028f8   g_ulWaitTicks
2000026c   histBuff
0000026d   main
20002910   main_func_sp
00001235   memcpy
20002500   rxBuffer
20002540   sendData
200028dc   sentIndex
2000265c   tempValue
20002580   txBuffer
20002660   ulRxCount
20002664   ulTxCount
200028d8   writeData


GLOBAL SYMBOLS: SORTED BY Symbol Address 

address    name
--------   ----
00000000   __TI_static_base__
00000000   g_pfnVectors
00000001   __TI_args_main
00000200   __STACK_SIZE
0000026d   main
0000046d   ConvDoneInt
000006d1   TxHandler
00000701   RxHandler
00000779   SysCtlClockGet
00000951   USBDeviceConfig
00000c39   SysCtlClockSet
00000d75   USBDCDInit
00000e69   USBDeviceEnumHandler
0000100d   GPIOPadConfigSet
000010d5   USBDeviceConfigAlternate
00001191   USBDeviceIntHandlerInternal
00001235   __aeabi_memcpy
00001235   __aeabi_memcpy4
00001235   __aeabi_memcpy8
00001235   memcpy
000012d1   SysCtlPeripheralReset
00001365   __TI_auto_init
000015fd   USBDevEndpointConfigSet
00001675   USBDBulkCompositeInit
000016e5   ADCSequenceStepConfigure
000017bd   USBDBulkPacketRead
0000188d   IntEnable
000018f1   USBDevEndpointStatusClear
00001a09   SysCtlPeripheralEnable
00001b65   USBDCDConfigDescGet
00001bb5   USBDevEndpointStallClear
00001c53   USBDBulkPacketWrite
00001c9d   GPIOPinConfigure
00001ce5   USBDeviceResumeTickHandler
00001d2d   _c_int00
00001d75   USBFIFOConfigSet
00001dbb   SSIConfigSetExpClk
00001e45   USBEndpointDataGet
00001e89   copy_in
00001ecd   C$$EXIT
00001ed1   abort
00001ed9   exit
00001f4f   USBDCDConfigGetInterfaceEndpoint
00001fc1   USBIntStatusControl
0000202f   USBDevEndpointStall
00002065   IntRegister
00002099   InternalUSBStartOfFrameTick
000020cd   USBDeviceEnumResetHandler
00002131   InternalUSBTickInit
00002161   USBEndpointDataPut
00002191   GPIODirModeSet
000021bf   USBEndpointDataSend
000021ed   InternalUSBRegisterTickHandler
00002245   USBDCDConfigDescGetNum
00002271   USBDescGet
0000229d   ADCSequenceConfigure
000022f1   ADCIntRegister
00002319   USBDescGetNum
00002341   USBIntEnableControl
0000238d   USBDevEndpointDataAck
000023d3   ADCSequenceDataGet
000023f5   SysCtlADCSpeedSet
00002415   USBStackModeSet
00002435   USBDBulkRxPacketAvailable
00002453   USBEndpointDataAvail
000024c5   USBDBulkInit
000024e1   USBDCDConfigGetInterface
000024fd   USBDCDStallEP0
00002519   USB0DeviceIntHandler
00002531   USBDCDConfigDescGetSize
00002579   _args_main
00002591   USBHostResume
000025bd   USBIntEnableEndpoint
000025d1   USBRingBufFlush
000025e5   _register_unlock
000025eb   _register_lock
000025f3   _nop
000025f9   GPIOPinTypeADC
0000260b   GPIOPinTypeGPIOInput
0000261d   GPIOPinTypeGPIOOutput
0000262f   GPIOPinTypeSSI
00002641   GPIOPinTypeUSBAnalog
00002677   USBEndpointStatus
00002689   __TI_zero_init
0000269b   ADCIntEnable
000026ad   SysCtlUSBPLLEnable
000026bd   USBDBulkTxPacketAvailable
000026cd   ADCSequenceDisable
000026db   ADCSequenceEnable
000026e9   __TI_decompress_none
000026f7   ADCReferenceSet
00002703   CPUcpsid
0000270f   CPUcpsie
0000271b   GPIOADCTriggerEnable
00002727   USBIntStatusEndpoint
00002733   ResetISR
0000273f   ADCIntClear
00002749   GPIOPinWrite
00002753   IntMasterDisable
0000275d   IntMasterEnable
00002767   SSIDataPut
00002771   SSIEnable
0000277b   USBDevConnect
00002785   USBDevDisconnect
0000278f   SSIBusy
00002797   USBDevMode
0000279f   USBOTGMode
000027a7   SysCtlDelay
000027ad   USBBufferFlush
000027b3   __TI_decompress_rle24
000027b9   ADCPhaseDelaySet
000027bd   USBDevAddrSet
00002838   g_sUSBDefaultFIFOConfig
00002a00   g_pBulkInterface
00002a18   g_sBulkConfigSection
00002a20   g_sBulkInterfaceSection
00002a28   g_sBulkConfigHeader
00002a30   g_pBulkConfigDescriptors
00002a34   g_pConfigString
00002a64   g_pDataInterfaceString
00002a8c   g_pProductString
00002ab4   g_pManufacturerString
00002ad8   g_sBulkDevice
00002afc   g_sRxBuffer
00002b20   g_sTxBuffer
00002b44   g_pStringDescriptors
00002b5c   g_pLangDescriptor
00002b60   g_pSerialNumberString
00002bec   __TI_Handler_Table_Base
00002bf8   __TI_Handler_Table_Limit
00002c08   __TI_CINIT_Base
00002c20   __TI_CINIT_Limit
20000000   g_pfnRAMVectors
2000026c   histBuff
2000226c   g_pucUSBRxBuffer
2000236c   g_pucUSBTxBuffer
2000246c   g_psUSBDevice
20002500   rxBuffer
20002540   sendData
20002580   txBuffer
200025c0   g_pfTickHandlers
200025d8   g_pvTickInstance
200025f0   g_pucRxBufferWorkspace
20002608   g_pucTxBufferWorkspace
20002620   g_sBulkInstance
20002638   adcTemp
20002648   g_ulPollRate
2000264c   g_eOTGModeState
20002654   g_ulRxCount
20002658   g_ulTxCount
2000265c   tempValue
20002660   ulRxCount
20002664   ulTxCount
20002668   __stack
20002868   __STACK_END
20002868   __STACK_TOP
20002868   g_sBulkDeviceInfo
200028b4   g_pBulkDeviceDescriptor
200028c6   g_pBulkDescriptor
200028d0   g_psBulkSections
200028d8   writeData
200028dc   sentIndex
200028e0   datRemain
200028e8   g_bUSBTimerInitialized
200028ec   g_ulCurrentUSBTick
200028f0   g_ulUSBSOFCount
200028f4   g_eUSBMode
200028f8   g_ulWaitTicks
20002900   _lock
20002904   _unlock
20002908   __TI_cleanup_ptr
2000290c   __TI_dtors_ptr
20002910   main_func_sp
ffffffff   __binit__
ffffffff   __c_args__
ffffffff   binit
UNDEFED    SHT$$INIT_ARRAY$$Base
UNDEFED    SHT$$INIT_ARRAY$$Limit

[178 symbols]
