<?xml version="1.0"?>
<link_info>
   <banner>TI ARM Linker PC v5.1.5</banner>
   <copyright>Copyright (c) 1996-2014 Texas Instruments Incorporated</copyright>
   <link_time>0x53f4bdd4</link_time>
   <link_errors>0x0</link_errors>
   <output_file>test_int_ext.out</output_file>
   <entry_point>
      <name>_c_int00</name>
      <address>0x1d2d</address>
   </entry_point>
   <input_file_list>
      <input_file id="fl-2">
         <path>.\utils\</path>
         <kind>object</kind>
         <file>ustdlib.obj</file>
         <name>ustdlib.obj</name>
      </input_file>
      <input_file id="fl-3">
         <path>.\</path>
         <kind>object</kind>
         <file>usb_bulk_structs.obj</file>
         <name>usb_bulk_structs.obj</name>
      </input_file>
      <input_file id="fl-4">
         <path>.\</path>
         <kind>object</kind>
         <file>main.obj</file>
         <name>main.obj</name>
      </input_file>
      <input_file id="fl-5">
         <path>.\</path>
         <kind>object</kind>
         <file>lm4f120h5qr_startup_ccs.obj</file>
         <name>lm4f120h5qr_startup_ccs.obj</name>
      </input_file>
      <input_file id="fl-134">
         <path>c:\ti\ccsv6\tools\compiler\arm_5.1.5\lib\</path>
         <kind>archive</kind>
         <file>rtsv7M4_T_le_v4SPD16_eabi.lib</file>
         <name>boot.obj</name>
      </input_file>
      <input_file id="fl-135">
         <path>c:\ti\ccsv6\tools\compiler\arm_5.1.5\lib\</path>
         <kind>archive</kind>
         <file>rtsv7M4_T_le_v4SPD16_eabi.lib</file>
         <name>copy_decompress_none.obj</name>
      </input_file>
      <input_file id="fl-136">
         <path>c:\ti\ccsv6\tools\compiler\arm_5.1.5\lib\</path>
         <kind>archive</kind>
         <file>rtsv7M4_T_le_v4SPD16_eabi.lib</file>
         <name>copy_decompress_rle.obj</name>
      </input_file>
      <input_file id="fl-137">
         <path>c:\ti\ccsv6\tools\compiler\arm_5.1.5\lib\</path>
         <kind>archive</kind>
         <file>rtsv7M4_T_le_v4SPD16_eabi.lib</file>
         <name>copy_zero_init.obj</name>
      </input_file>
      <input_file id="fl-138">
         <path>c:\ti\ccsv6\tools\compiler\arm_5.1.5\lib\</path>
         <kind>archive</kind>
         <file>rtsv7M4_T_le_v4SPD16_eabi.lib</file>
         <name>exit.obj</name>
      </input_file>
      <input_file id="fl-139">
         <path>c:\ti\ccsv6\tools\compiler\arm_5.1.5\lib\</path>
         <kind>archive</kind>
         <file>rtsv7M4_T_le_v4SPD16_eabi.lib</file>
         <name>memcpy_t2.obj</name>
      </input_file>
      <input_file id="fl-13a">
         <path>c:\ti\ccsv6\tools\compiler\arm_5.1.5\lib\</path>
         <kind>archive</kind>
         <file>rtsv7M4_T_le_v4SPD16_eabi.lib</file>
         <name>stkdepth_vars.obj</name>
      </input_file>
      <input_file id="fl-13b">
         <path>c:\ti\ccsv6\tools\compiler\arm_5.1.5\lib\</path>
         <kind>archive</kind>
         <file>rtsv7M4_T_le_v4SPD16_eabi.lib</file>
         <name>u_divt2.obj</name>
      </input_file>
      <input_file id="fl-13c">
         <path>c:\ti\ccsv6\tools\compiler\arm_5.1.5\lib\</path>
         <kind>archive</kind>
         <file>rtsv7M4_T_le_v4SPD16_eabi.lib</file>
         <name>_lock.obj</name>
      </input_file>
      <input_file id="fl-13d">
         <path>c:\ti\ccsv6\tools\compiler\arm_5.1.5\lib\</path>
         <kind>archive</kind>
         <file>rtsv7M4_T_le_v4SPD16_eabi.lib</file>
         <name>args_main.obj</name>
      </input_file>
      <input_file id="fl-13e">
         <path>c:\ti\ccsv6\tools\compiler\arm_5.1.5\lib\</path>
         <kind>archive</kind>
         <file>rtsv7M4_T_le_v4SPD16_eabi.lib</file>
         <name>auto_init.obj</name>
      </input_file>
      <input_file id="fl-13f">
         <path>c:\ti\ccsv6\tools\compiler\arm_5.1.5\lib\</path>
         <kind>archive</kind>
         <file>rtsv7M4_T_le_v4SPD16_eabi.lib</file>
         <name>cpy_tbl.obj</name>
      </input_file>
      <input_file id="fl-140">
         <path>C:\StellarisWare\driverlib\ccs-cm4f\Debug\</path>
         <kind>archive</kind>
         <file>driverlib-cm4f.lib</file>
         <name>sysctl.obj</name>
      </input_file>
      <input_file id="fl-141">
         <path>C:\StellarisWare\driverlib\ccs-cm4f\Debug\</path>
         <kind>archive</kind>
         <file>driverlib-cm4f.lib</file>
         <name>ssi.obj</name>
      </input_file>
      <input_file id="fl-142">
         <path>C:\StellarisWare\driverlib\ccs-cm4f\Debug\</path>
         <kind>archive</kind>
         <file>driverlib-cm4f.lib</file>
         <name>interrupt.obj</name>
      </input_file>
      <input_file id="fl-143">
         <path>C:\StellarisWare\driverlib\ccs-cm4f\Debug\</path>
         <kind>archive</kind>
         <file>driverlib-cm4f.lib</file>
         <name>gpio.obj</name>
      </input_file>
      <input_file id="fl-144">
         <path>C:\StellarisWare\driverlib\ccs-cm4f\Debug\</path>
         <kind>archive</kind>
         <file>driverlib-cm4f.lib</file>
         <name>cpu.obj</name>
      </input_file>
      <input_file id="fl-145">
         <path>C:\StellarisWare\driverlib\ccs-cm4f\Debug\</path>
         <kind>archive</kind>
         <file>driverlib-cm4f.lib</file>
         <name>adc.obj</name>
      </input_file>
      <input_file id="fl-146">
         <path>c:\ti\ccsv6\..\..\StellarisWare\usblib\ccs-cm4f\Debug\</path>
         <kind>archive</kind>
         <file>usblib-cm4f.lib</file>
         <name>usbdhandler.obj</name>
      </input_file>
      <input_file id="fl-147">
         <path>c:\ti\ccsv6\..\..\StellarisWare\usblib\ccs-cm4f\Debug\</path>
         <kind>archive</kind>
         <file>usblib-cm4f.lib</file>
         <name>usbdenum.obj</name>
      </input_file>
      <input_file id="fl-148">
         <path>c:\ti\ccsv6\..\..\StellarisWare\usblib\ccs-cm4f\Debug\</path>
         <kind>archive</kind>
         <file>usblib-cm4f.lib</file>
         <name>usbdconfig.obj</name>
      </input_file>
      <input_file id="fl-149">
         <path>c:\ti\ccsv6\..\..\StellarisWare\usblib\ccs-cm4f\Debug\</path>
         <kind>archive</kind>
         <file>usblib-cm4f.lib</file>
         <name>usbdcdesc.obj</name>
      </input_file>
      <input_file id="fl-14a">
         <path>c:\ti\ccsv6\..\..\StellarisWare\usblib\ccs-cm4f\Debug\</path>
         <kind>archive</kind>
         <file>usblib-cm4f.lib</file>
         <name>usbdbulk.obj</name>
      </input_file>
      <input_file id="fl-14b">
         <path>c:\ti\ccsv6\..\..\StellarisWare\usblib\ccs-cm4f\Debug\</path>
         <kind>archive</kind>
         <file>usblib-cm4f.lib</file>
         <name>usbtick.obj</name>
      </input_file>
      <input_file id="fl-14c">
         <path>c:\ti\ccsv6\..\..\StellarisWare\usblib\ccs-cm4f\Debug\</path>
         <kind>archive</kind>
         <file>usblib-cm4f.lib</file>
         <name>usbmode.obj</name>
      </input_file>
      <input_file id="fl-14d">
         <path>c:\ti\ccsv6\..\..\StellarisWare\usblib\ccs-cm4f\Debug\</path>
         <kind>archive</kind>
         <file>usblib-cm4f.lib</file>
         <name>usbdesc.obj</name>
      </input_file>
      <input_file id="fl-14e">
         <path>c:\ti\ccsv6\..\..\StellarisWare\usblib\ccs-cm4f\Debug\</path>
         <kind>archive</kind>
         <file>usblib-cm4f.lib</file>
         <name>usbbuffer.obj</name>
      </input_file>
      <input_file id="fl-14f">
         <path>c:\ti\ccsv6\..\..\StellarisWare\usblib\ccs-cm4f\Debug\</path>
         <kind>archive</kind>
         <file>usblib-cm4f.lib</file>
         <name>usbhostenum.obj</name>
      </input_file>
      <input_file id="fl-150">
         <path>c:\ti\ccsv6\..\..\StellarisWare\usblib\ccs-cm4f\Debug\</path>
         <kind>archive</kind>
         <file>usblib-cm4f.lib</file>
         <name>usbhhub.obj</name>
      </input_file>
      <input_file id="fl-151">
         <path>c:\ti\ccsv6\..\..\StellarisWare\usblib\ccs-cm4f\Debug\</path>
         <kind>archive</kind>
         <file>usblib-cm4f.lib</file>
         <name>usbringbuf.obj</name>
      </input_file>
      <input_file id="fl-152">
         <path>C:\StellarisWare\driverlib\ccs-cm4f\Debug\</path>
         <kind>archive</kind>
         <file>driverlib-cm4f.lib</file>
         <name>usb.obj</name>
      </input_file>
      <input_file id="fl-153">
         <path>C:\StellarisWare\driverlib\ccs-cm4f\Debug\</path>
         <kind>archive</kind>
         <file>driverlib-cm4f.lib</file>
         <name>udma.obj</name>
      </input_file>
   </input_file_list>
   <object_component_list>
      <object_component id="oc-e">
         <name>.intvecs</name>
         <load_address>0x0</load_address>
         <run_address>0x0</run_address>
         <size>0x26c</size>
         <input_file_ref idref="fl-5"/>
      </object_component>
      <object_component id="oc-7b">
         <name>.text</name>
         <load_address>0x26c</load_address>
         <run_address>0x26c</run_address>
         <size>0x2b0</size>
         <input_file_ref idref="fl-4"/>
      </object_component>
      <object_component id="oc-1f2">
         <name>.text</name>
         <load_address>0x51c</load_address>
         <run_address>0x51c</run_address>
         <size>0x25c</size>
         <input_file_ref idref="fl-3"/>
      </object_component>
      <object_component id="oc-11b">
         <name>.text:SysCtlClockGet</name>
         <load_address>0x778</load_address>
         <run_address>0x778</run_address>
         <size>0x1d8</size>
         <input_file_ref idref="fl-140"/>
      </object_component>
      <object_component id="oc-37f">
         <name>.text:USBDeviceConfig</name>
         <load_address>0x950</load_address>
         <run_address>0x950</run_address>
         <size>0x188</size>
         <input_file_ref idref="fl-148"/>
      </object_component>
      <object_component id="oc-189">
         <name>.text:USBDEP0StateTxConfig</name>
         <load_address>0xad8</load_address>
         <run_address>0xad8</run_address>
         <size>0x160</size>
         <input_file_ref idref="fl-147"/>
      </object_component>
      <object_component id="oc-c7">
         <name>.text:SysCtlClockSet</name>
         <load_address>0xc38</load_address>
         <run_address>0xc38</run_address>
         <size>0x13c</size>
         <input_file_ref idref="fl-140"/>
      </object_component>
      <object_component id="oc-1d8">
         <name>.text:USBDCDInit</name>
         <load_address>0xd74</load_address>
         <run_address>0xd74</run_address>
         <size>0xf4</size>
         <input_file_ref idref="fl-147"/>
      </object_component>
      <object_component id="oc-b2">
         <name>.text:USBDeviceEnumHandler</name>
         <load_address>0xe68</load_address>
         <run_address>0xe68</run_address>
         <size>0xd4</size>
         <input_file_ref idref="fl-147"/>
      </object_component>
      <object_component id="oc-2eb">
         <name>.text:USBDGetDescriptor</name>
         <load_address>0xf3c</load_address>
         <run_address>0xf3c</run_address>
         <size>0xd0</size>
         <input_file_ref idref="fl-147"/>
      </object_component>
      <object_component id="oc-d7">
         <name>.text:GPIOPadConfigSet</name>
         <load_address>0x100c</load_address>
         <run_address>0x100c</run_address>
         <size>0xc8</size>
         <input_file_ref idref="fl-143"/>
      </object_component>
      <object_component id="oc-38d">
         <name>.text:USBDeviceConfigAlternate</name>
         <load_address>0x10d4</load_address>
         <run_address>0x10d4</run_address>
         <size>0xbc</size>
         <input_file_ref idref="fl-148"/>
      </object_component>
      <object_component id="oc-64">
         <name>.text:USBDeviceIntHandlerInternal</name>
         <load_address>0x1190</load_address>
         <run_address>0x1190</run_address>
         <size>0xa4</size>
         <input_file_ref idref="fl-147"/>
      </object_component>
      <object_component id="oc-41">
         <name>.text</name>
         <load_address>0x1234</load_address>
         <run_address>0x1234</run_address>
         <size>0x9c</size>
         <input_file_ref idref="fl-139"/>
      </object_component>
      <object_component id="oc-27f">
         <name>.text:SysCtlPeripheralReset</name>
         <load_address>0x12d0</load_address>
         <run_address>0x12d0</run_address>
         <size>0x94</size>
         <input_file_ref idref="fl-140"/>
      </object_component>
      <object_component id="oc-30">
         <name>.text</name>
         <load_address>0x1364</load_address>
         <run_address>0x1364</run_address>
         <size>0x94</size>
         <input_file_ref idref="fl-13e"/>
      </object_component>
      <object_component id="oc-2df">
         <name>.text:USBDClearFeature</name>
         <load_address>0x13f8</load_address>
         <run_address>0x13f8</run_address>
         <size>0x84</size>
         <input_file_ref idref="fl-147"/>
      </object_component>
      <object_component id="oc-2f7">
         <name>.text:USBDSetConfiguration</name>
         <load_address>0x147c</load_address>
         <run_address>0x147c</run_address>
         <size>0x84</size>
         <input_file_ref idref="fl-147"/>
      </object_component>
      <object_component id="oc-2ff">
         <name>.text:USBDSetInterface</name>
         <load_address>0x1500</load_address>
         <run_address>0x1500</run_address>
         <size>0x84</size>
         <input_file_ref idref="fl-147"/>
      </object_component>
      <object_component id="oc-2db">
         <name>.text:USBDGetStatus</name>
         <load_address>0x1584</load_address>
         <run_address>0x1584</run_address>
         <size>0x78</size>
         <input_file_ref idref="fl-147"/>
      </object_component>
      <object_component id="oc-3c9">
         <name>.text:USBDevEndpointConfigSet</name>
         <load_address>0x15fc</load_address>
         <run_address>0x15fc</run_address>
         <size>0x76</size>
         <input_file_ref idref="fl-152"/>
      </object_component>
      <object_component id="oc-1d4">
         <name>.text:USBDBulkCompositeInit</name>
         <load_address>0x1674</load_address>
         <run_address>0x1674</run_address>
         <size>0x70</size>
         <input_file_ref idref="fl-14a"/>
      </object_component>
      <object_component id="oc-fb">
         <name>.text:ADCSequenceStepConfigure</name>
         <load_address>0x16e4</load_address>
         <run_address>0x16e4</run_address>
         <size>0x6c</size>
         <input_file_ref idref="fl-145"/>
      </object_component>
      <object_component id="oc-2e3">
         <name>.text:USBDSetFeature</name>
         <load_address>0x1750</load_address>
         <run_address>0x1750</run_address>
         <size>0x6c</size>
         <input_file_ref idref="fl-147"/>
      </object_component>
      <object_component id="oc-2a9">
         <name>.text:USBDBulkPacketRead</name>
         <load_address>0x17bc</load_address>
         <run_address>0x17bc</run_address>
         <size>0x68</size>
         <input_file_ref idref="fl-14a"/>
      </object_component>
      <object_component id="oc-18d">
         <name>.text:USBDEP0StateTx</name>
         <load_address>0x1824</load_address>
         <run_address>0x1824</run_address>
         <size>0x68</size>
         <input_file_ref idref="fl-147"/>
      </object_component>
      <object_component id="oc-1c2">
         <name>.text:IntEnable</name>
         <load_address>0x188c</load_address>
         <run_address>0x188c</run_address>
         <size>0x64</size>
         <input_file_ref idref="fl-142"/>
      </object_component>
      <object_component id="oc-175">
         <name>.text:USBDevEndpointStatusClear</name>
         <load_address>0x18f0</load_address>
         <run_address>0x18f0</run_address>
         <size>0x5e</size>
         <input_file_ref idref="fl-152"/>
      </object_component>
      <object_component id="oc-53">
         <name>.text</name>
         <load_address>0x194e</load_address>
         <run_address>0x194e</run_address>
         <size>0x5e</size>
         <input_file_ref idref="fl-136"/>
      </object_component>
      <object_component id="oc-39b">
         <name>.text:ProcessDataFromHost</name>
         <load_address>0x19ac</load_address>
         <run_address>0x19ac</run_address>
         <size>0x5c</size>
         <input_file_ref idref="fl-14a"/>
      </object_component>
      <object_component id="oc-cb">
         <name>.text:SysCtlPeripheralEnable</name>
         <load_address>0x1a08</load_address>
         <run_address>0x1a08</run_address>
         <size>0x58</size>
         <input_file_ref idref="fl-140"/>
      </object_component>
      <object_component id="oc-185">
         <name>.text:USBDReadAndDispatchRequest</name>
         <load_address>0x1a60</load_address>
         <run_address>0x1a60</run_address>
         <size>0x58</size>
         <input_file_ref idref="fl-147"/>
      </object_component>
      <object_component id="oc-378">
         <name>.text:USBDStringIndexFromRequest</name>
         <load_address>0x1ab8</load_address>
         <run_address>0x1ab8</run_address>
         <size>0x58</size>
         <input_file_ref idref="fl-147"/>
      </object_component>
      <object_component id="oc-3c5">
         <name>.text:GetEPDescriptorType</name>
         <load_address>0x1b10</load_address>
         <run_address>0x1b10</run_address>
         <size>0x54</size>
         <input_file_ref idref="fl-148"/>
      </object_component>
      <object_component id="oc-3bd">
         <name>.text:USBDCDConfigDescGet</name>
         <load_address>0x1b64</load_address>
         <run_address>0x1b64</run_address>
         <size>0x50</size>
         <input_file_ref idref="fl-149"/>
      </object_component>
      <object_component id="oc-371">
         <name>.text:USBDevEndpointStallClear</name>
         <load_address>0x1bb4</load_address>
         <run_address>0x1bb4</run_address>
         <size>0x50</size>
         <input_file_ref idref="fl-152"/>
      </object_component>
      <object_component id="oc-3dc">
         <name>.text:ConfigAlternateInterfaceGet</name>
         <load_address>0x1c04</load_address>
         <run_address>0x1c04</run_address>
         <size>0x4e</size>
         <input_file_ref idref="fl-149"/>
      </object_component>
      <object_component id="oc-2ad">
         <name>.text:USBDBulkPacketWrite</name>
         <load_address>0x1c52</load_address>
         <run_address>0x1c52</run_address>
         <size>0x4a</size>
         <input_file_ref idref="fl-14a"/>
      </object_component>
      <object_component id="oc-113">
         <name>.text:GPIOPinConfigure</name>
         <load_address>0x1c9c</load_address>
         <run_address>0x1c9c</run_address>
         <size>0x48</size>
         <input_file_ref idref="fl-143"/>
      </object_component>
      <object_component id="oc-a6">
         <name>.text:USBDeviceResumeTickHandler</name>
         <load_address>0x1ce4</load_address>
         <run_address>0x1ce4</run_address>
         <size>0x48</size>
         <input_file_ref idref="fl-147"/>
      </object_component>
      <object_component id="oc-10">
         <name>.text</name>
         <load_address>0x1d2c</load_address>
         <run_address>0x1d2c</run_address>
         <size>0x48</size>
         <input_file_ref idref="fl-134"/>
      </object_component>
      <object_component id="oc-3d1">
         <name>.text:USBFIFOConfigSet</name>
         <load_address>0x1d74</load_address>
         <run_address>0x1d74</run_address>
         <size>0x46</size>
         <input_file_ref idref="fl-152"/>
      </object_component>
      <object_component id="oc-11f">
         <name>.text:SSIConfigSetExpClk</name>
         <load_address>0x1dba</load_address>
         <run_address>0x1dba</run_address>
         <size>0x44</size>
         <input_file_ref idref="fl-141"/>
      </object_component>
      <object_component id="oc-2fb">
         <name>.text:USBDGetInterface</name>
         <load_address>0x1e00</load_address>
         <run_address>0x1e00</run_address>
         <size>0x44</size>
         <input_file_ref idref="fl-147"/>
      </object_component>
      <object_component id="oc-17d">
         <name>.text:USBEndpointDataGet</name>
         <load_address>0x1e44</load_address>
         <run_address>0x1e44</run_address>
         <size>0x44</size>
         <input_file_ref idref="fl-152"/>
      </object_component>
      <object_component id="oc-75">
         <name>.text</name>
         <load_address>0x1e88</load_address>
         <run_address>0x1e88</run_address>
         <size>0x44</size>
         <input_file_ref idref="fl-13f"/>
      </object_component>
      <object_component id="oc-39">
         <name>.text</name>
         <load_address>0x1ecc</load_address>
         <run_address>0x1ecc</run_address>
         <size>0x44</size>
         <input_file_ref idref="fl-138"/>
      </object_component>
      <object_component id="oc-3cd">
         <name>.text:GetEndpointFIFOSize</name>
         <load_address>0x1f10</load_address>
         <run_address>0x1f10</run_address>
         <size>0x3e</size>
         <input_file_ref idref="fl-148"/>
      </object_component>
      <object_component id="oc-3c1">
         <name>.text:USBDCDConfigGetInterfaceEndpoint</name>
         <load_address>0x1f4e</load_address>
         <run_address>0x1f4e</run_address>
         <size>0x3a</size>
         <input_file_ref idref="fl-149"/>
      </object_component>
      <object_component id="oc-2f3">
         <name>.text:USBDGetConfiguration</name>
         <load_address>0x1f88</load_address>
         <run_address>0x1f88</run_address>
         <size>0x38</size>
         <input_file_ref idref="fl-147"/>
      </object_component>
      <object_component id="oc-60">
         <name>.text:USBIntStatusControl</name>
         <load_address>0x1fc0</load_address>
         <run_address>0x1fc0</run_address>
         <size>0x38</size>
         <input_file_ref idref="fl-152"/>
      </object_component>
      <object_component id="oc-3f0">
         <name>.text:NextConfigDescGet</name>
         <load_address>0x1ff8</load_address>
         <run_address>0x1ff8</run_address>
         <size>0x36</size>
         <input_file_ref idref="fl-149"/>
      </object_component>
      <object_component id="oc-2d4">
         <name>.text:USBDevEndpointStall</name>
         <load_address>0x202e</load_address>
         <run_address>0x202e</run_address>
         <size>0x36</size>
         <input_file_ref idref="fl-152"/>
      </object_component>
      <object_component id="oc-1be">
         <name>.text:IntRegister</name>
         <load_address>0x2064</load_address>
         <run_address>0x2064</run_address>
         <size>0x34</size>
         <input_file_ref idref="fl-142"/>
      </object_component>
      <object_component id="oc-aa">
         <name>.text:InternalUSBStartOfFrameTick</name>
         <load_address>0x2098</load_address>
         <run_address>0x2098</run_address>
         <size>0x34</size>
         <input_file_ref idref="fl-14b"/>
      </object_component>
      <object_component id="oc-a2">
         <name>.text:USBDeviceEnumResetHandler</name>
         <load_address>0x20cc</load_address>
         <run_address>0x20cc</run_address>
         <size>0x32</size>
         <input_file_ref idref="fl-147"/>
      </object_component>
      <object_component id="oc-32b">
         <name>.text:HandleEndpoints</name>
         <load_address>0x20fe</load_address>
         <run_address>0x20fe</run_address>
         <size>0x30</size>
         <input_file_ref idref="fl-14a"/>
      </object_component>
      <object_component id="oc-26e">
         <name>.text:InternalUSBTickInit</name>
         <load_address>0x2130</load_address>
         <run_address>0x2130</run_address>
         <size>0x30</size>
         <input_file_ref idref="fl-14b"/>
      </object_component>
      <object_component id="oc-23d">
         <name>.text:USBEndpointDataPut</name>
         <load_address>0x2160</load_address>
         <run_address>0x2160</run_address>
         <size>0x30</size>
         <input_file_ref idref="fl-152"/>
      </object_component>
      <object_component id="oc-1b1">
         <name>.text:GPIODirModeSet</name>
         <load_address>0x2190</load_address>
         <run_address>0x2190</run_address>
         <size>0x2e</size>
         <input_file_ref idref="fl-143"/>
      </object_component>
      <object_component id="oc-241">
         <name>.text:USBEndpointDataSend</name>
         <load_address>0x21be</load_address>
         <run_address>0x21be</run_address>
         <size>0x2e</size>
         <input_file_ref idref="fl-152"/>
      </object_component>
      <object_component id="oc-272">
         <name>.text:InternalUSBRegisterTickHandler</name>
         <load_address>0x21ec</load_address>
         <run_address>0x21ec</run_address>
         <size>0x2c</size>
         <input_file_ref idref="fl-14b"/>
      </object_component>
      <object_component id="oc-39f">
         <name>.text:ProcessDataToHost</name>
         <load_address>0x2218</load_address>
         <run_address>0x2218</run_address>
         <size>0x2c</size>
         <input_file_ref idref="fl-14a"/>
      </object_component>
      <object_component id="oc-385">
         <name>.text:USBDCDConfigDescGetNum</name>
         <load_address>0x2244</load_address>
         <run_address>0x2244</run_address>
         <size>0x2c</size>
         <input_file_ref idref="fl-149"/>
      </object_component>
      <object_component id="oc-3eb">
         <name>.text:USBDescGet</name>
         <load_address>0x2270</load_address>
         <run_address>0x2270</run_address>
         <size>0x2c</size>
         <input_file_ref idref="fl-14d"/>
      </object_component>
      <object_component id="oc-f3">
         <name>.text:ADCSequenceConfigure</name>
         <load_address>0x229c</load_address>
         <run_address>0x229c</run_address>
         <size>0x2a</size>
         <input_file_ref idref="fl-145"/>
      </object_component>
      <object_component id="oc-32f">
         <name>.text:HandleDevice</name>
         <load_address>0x22c6</load_address>
         <run_address>0x22c6</run_address>
         <size>0x2a</size>
         <input_file_ref idref="fl-14a"/>
      </object_component>
      <object_component id="oc-eb">
         <name>.text:ADCIntRegister</name>
         <load_address>0x22f0</load_address>
         <run_address>0x22f0</run_address>
         <size>0x28</size>
         <input_file_ref idref="fl-145"/>
      </object_component>
      <object_component id="oc-3d7">
         <name>.text:USBDescGetNum</name>
         <load_address>0x2318</load_address>
         <run_address>0x2318</run_address>
         <size>0x28</size>
         <input_file_ref idref="fl-14d"/>
      </object_component>
      <object_component id="oc-28f">
         <name>.text:USBIntEnableControl</name>
         <load_address>0x2340</load_address>
         <run_address>0x2340</run_address>
         <size>0x28</size>
         <input_file_ref idref="fl-152"/>
      </object_component>
      <object_component id="oc-2e7">
         <name>.text:USBDSetAddress</name>
         <load_address>0x2368</load_address>
         <run_address>0x2368</run_address>
         <size>0x24</size>
         <input_file_ref idref="fl-147"/>
      </object_component>
      <object_component id="oc-181">
         <name>.text:USBDevEndpointDataAck</name>
         <load_address>0x238c</load_address>
         <run_address>0x238c</run_address>
         <size>0x24</size>
         <input_file_ref idref="fl-152"/>
      </object_component>
      <object_component id="oc-27a">
         <name>.text:BulkTickHandler</name>
         <load_address>0x23b0</load_address>
         <run_address>0x23b0</run_address>
         <size>0x22</size>
         <input_file_ref idref="fl-14a"/>
      </object_component>
      <object_component id="oc-137">
         <name>.text:ADCSequenceDataGet</name>
         <load_address>0x23d2</load_address>
         <run_address>0x23d2</run_address>
         <size>0x20</size>
         <input_file_ref idref="fl-145"/>
      </object_component>
      <object_component id="oc-e3">
         <name>.text:SysCtlADCSpeedSet</name>
         <load_address>0x23f4</load_address>
         <run_address>0x23f4</run_address>
         <size>0x20</size>
         <input_file_ref idref="fl-140"/>
      </object_component>
      <object_component id="oc-10b">
         <name>.text:USBStackModeSet</name>
         <load_address>0x2414</load_address>
         <run_address>0x2414</run_address>
         <size>0x20</size>
         <input_file_ref idref="fl-14c"/>
      </object_component>
      <object_component id="oc-35c">
         <name>.text:USBDBulkRxPacketAvailable</name>
         <load_address>0x2434</load_address>
         <run_address>0x2434</run_address>
         <size>0x1e</size>
         <input_file_ref idref="fl-14a"/>
      </object_component>
      <object_component id="oc-337">
         <name>.text:USBEndpointDataAvail</name>
         <load_address>0x2452</load_address>
         <run_address>0x2452</run_address>
         <size>0x1e</size>
         <input_file_ref idref="fl-152"/>
      </object_component>
      <object_component id="oc-31b">
         <name>.text:HandleConfigChange</name>
         <load_address>0x2470</load_address>
         <run_address>0x2470</run_address>
         <size>0x1c</size>
         <input_file_ref idref="fl-14a"/>
      </object_component>
      <object_component id="oc-327">
         <name>.text:HandleDisconnect</name>
         <load_address>0x248c</load_address>
         <run_address>0x248c</run_address>
         <size>0x1c</size>
         <input_file_ref idref="fl-14a"/>
      </object_component>
      <object_component id="oc-343">
         <name>.text:SetDeferredOpFlag</name>
         <load_address>0x24a8</load_address>
         <run_address>0x24a8</run_address>
         <size>0x1c</size>
         <input_file_ref idref="fl-14a"/>
      </object_component>
      <object_component id="oc-10f">
         <name>.text:USBDBulkInit</name>
         <load_address>0x24c4</load_address>
         <run_address>0x24c4</run_address>
         <size>0x1c</size>
         <input_file_ref idref="fl-14a"/>
      </object_component>
      <object_component id="oc-389">
         <name>.text:USBDCDConfigGetInterface</name>
         <load_address>0x24e0</load_address>
         <run_address>0x24e0</run_address>
         <size>0x1c</size>
         <input_file_ref idref="fl-149"/>
      </object_component>
      <object_component id="oc-230">
         <name>.text:USBDCDStallEP0</name>
         <load_address>0x24fc</load_address>
         <run_address>0x24fc</run_address>
         <size>0x1c</size>
         <input_file_ref idref="fl-147"/>
      </object_component>
      <object_component id="oc-29">
         <name>.text:USB0DeviceIntHandler</name>
         <load_address>0x2518</load_address>
         <run_address>0x2518</run_address>
         <size>0x18</size>
         <input_file_ref idref="fl-146"/>
      </object_component>
      <object_component id="oc-239">
         <name>.text:USBDCDConfigDescGetSize</name>
         <load_address>0x2530</load_address>
         <run_address>0x2530</run_address>
         <size>0x18</size>
         <input_file_ref idref="fl-149"/>
      </object_component>
      <object_component id="oc-2ef">
         <name>.text:USBDSetDescriptor</name>
         <load_address>0x2548</load_address>
         <run_address>0x2548</run_address>
         <size>0x18</size>
         <input_file_ref idref="fl-147"/>
      </object_component>
      <object_component id="oc-303">
         <name>.text:USBDSyncFrame</name>
         <load_address>0x2560</load_address>
         <run_address>0x2560</run_address>
         <size>0x18</size>
         <input_file_ref idref="fl-147"/>
      </object_component>
      <object_component id="oc-34">
         <name>.text</name>
         <load_address>0x2578</load_address>
         <run_address>0x2578</run_address>
         <size>0x18</size>
         <input_file_ref idref="fl-13d"/>
      </object_component>
      <object_component id="oc-167">
         <name>.text:USBHostResume</name>
         <load_address>0x2590</load_address>
         <run_address>0x2590</run_address>
         <size>0x16</size>
         <input_file_ref idref="fl-152"/>
      </object_component>
      <object_component id="oc-3f8">
         <name>.text:USBIndexWrite</name>
         <load_address>0x25a6</load_address>
         <run_address>0x25a6</run_address>
         <size>0x16</size>
         <input_file_ref idref="fl-152"/>
      </object_component>
      <object_component id="oc-293">
         <name>.text:USBIntEnableEndpoint</name>
         <load_address>0x25bc</load_address>
         <run_address>0x25bc</run_address>
         <size>0x14</size>
         <input_file_ref idref="fl-152"/>
      </object_component>
      <object_component id="oc-349">
         <name>.text:USBRingBufFlush</name>
         <load_address>0x25d0</load_address>
         <run_address>0x25d0</run_address>
         <size>0x14</size>
         <input_file_ref idref="fl-151"/>
      </object_component>
      <object_component id="oc-154">
         <name>.text</name>
         <load_address>0x25e4</load_address>
         <run_address>0x25e4</run_address>
         <size>0x14</size>
         <input_file_ref idref="fl-13c"/>
      </object_component>
      <object_component id="oc-df">
         <name>.text:GPIOPinTypeADC</name>
         <load_address>0x25f8</load_address>
         <run_address>0x25f8</run_address>
         <size>0x12</size>
         <input_file_ref idref="fl-143"/>
      </object_component>
      <object_component id="oc-d3">
         <name>.text:GPIOPinTypeGPIOInput</name>
         <load_address>0x260a</load_address>
         <run_address>0x260a</run_address>
         <size>0x12</size>
         <input_file_ref idref="fl-143"/>
      </object_component>
      <object_component id="oc-cf">
         <name>.text:GPIOPinTypeGPIOOutput</name>
         <load_address>0x261c</load_address>
         <run_address>0x261c</run_address>
         <size>0x12</size>
         <input_file_ref idref="fl-143"/>
      </object_component>
      <object_component id="oc-117">
         <name>.text:GPIOPinTypeSSI</name>
         <load_address>0x262e</load_address>
         <run_address>0x262e</run_address>
         <size>0x12</size>
         <input_file_ref idref="fl-143"/>
      </object_component>
      <object_component id="oc-107">
         <name>.text:GPIOPinTypeUSBAnalog</name>
         <load_address>0x2640</load_address>
         <run_address>0x2640</run_address>
         <size>0x12</size>
         <input_file_ref idref="fl-143"/>
      </object_component>
      <object_component id="oc-323">
         <name>.text:HandleResume</name>
         <load_address>0x2652</load_address>
         <run_address>0x2652</run_address>
         <size>0x12</size>
         <input_file_ref idref="fl-14a"/>
      </object_component>
      <object_component id="oc-31f">
         <name>.text:HandleSuspend</name>
         <load_address>0x2664</load_address>
         <run_address>0x2664</run_address>
         <size>0x12</size>
         <input_file_ref idref="fl-14a"/>
      </object_component>
      <object_component id="oc-171">
         <name>.text:USBEndpointStatus</name>
         <load_address>0x2676</load_address>
         <run_address>0x2676</run_address>
         <size>0x12</size>
         <input_file_ref idref="fl-152"/>
      </object_component>
      <object_component id="oc-19">
         <name>.text:decompress:ZI</name>
         <load_address>0x2688</load_address>
         <run_address>0x2688</run_address>
         <size>0x12</size>
         <input_file_ref idref="fl-137"/>
      </object_component>
      <object_component id="oc-ef">
         <name>.text:ADCIntEnable</name>
         <load_address>0x269a</load_address>
         <run_address>0x269a</run_address>
         <size>0x10</size>
         <input_file_ref idref="fl-145"/>
      </object_component>
      <object_component id="oc-283">
         <name>.text:SysCtlUSBPLLEnable</name>
         <load_address>0x26ac</load_address>
         <run_address>0x26ac</run_address>
         <size>0x10</size>
         <input_file_ref idref="fl-140"/>
      </object_component>
      <object_component id="oc-353">
         <name>.text:USBDBulkTxPacketAvailable</name>
         <load_address>0x26bc</load_address>
         <run_address>0x26bc</run_address>
         <size>0x10</size>
         <input_file_ref idref="fl-14a"/>
      </object_component>
      <object_component id="oc-e7">
         <name>.text:ADCSequenceDisable</name>
         <load_address>0x26cc</load_address>
         <run_address>0x26cc</run_address>
         <size>0xe</size>
         <input_file_ref idref="fl-145"/>
      </object_component>
      <object_component id="oc-103">
         <name>.text:ADCSequenceEnable</name>
         <load_address>0x26da</load_address>
         <run_address>0x26da</run_address>
         <size>0xe</size>
         <input_file_ref idref="fl-145"/>
      </object_component>
      <object_component id="oc-14">
         <name>.text:decompress:none</name>
         <load_address>0x26e8</load_address>
         <run_address>0x26e8</run_address>
         <size>0xe</size>
         <input_file_ref idref="fl-135"/>
      </object_component>
      <object_component id="oc-f7">
         <name>.text:ADCReferenceSet</name>
         <load_address>0x26f6</load_address>
         <run_address>0x26f6</run_address>
         <size>0xc</size>
         <input_file_ref idref="fl-145"/>
      </object_component>
      <object_component id="oc-3e4">
         <name>.text:CPUcpsid</name>
         <load_address>0x2702</load_address>
         <run_address>0x2702</run_address>
         <size>0xc</size>
         <input_file_ref idref="fl-144"/>
      </object_component>
      <object_component id="oc-1e8">
         <name>.text:CPUcpsie</name>
         <load_address>0x270e</load_address>
         <run_address>0x270e</run_address>
         <size>0xc</size>
         <input_file_ref idref="fl-144"/>
      </object_component>
      <object_component id="oc-db">
         <name>.text:GPIOADCTriggerEnable</name>
         <load_address>0x271a</load_address>
         <run_address>0x271a</run_address>
         <size>0xc</size>
         <input_file_ref idref="fl-143"/>
      </object_component>
      <object_component id="oc-ae">
         <name>.text:USBIntStatusEndpoint</name>
         <load_address>0x2726</load_address>
         <run_address>0x2726</run_address>
         <size>0xc</size>
         <input_file_ref idref="fl-152"/>
      </object_component>
      <object_component id="oc-24">
         <name>.text</name>
         <load_address>0x2732</load_address>
         <run_address>0x2732</run_address>
         <size>0xc</size>
         <input_file_ref idref="fl-5"/>
      </object_component>
      <object_component id="oc-13c">
         <name>.text:ADCIntClear</name>
         <load_address>0x273e</load_address>
         <run_address>0x273e</run_address>
         <size>0xa</size>
         <input_file_ref idref="fl-145"/>
      </object_component>
      <object_component id="oc-133">
         <name>.text:GPIOPinWrite</name>
         <load_address>0x2748</load_address>
         <run_address>0x2748</run_address>
         <size>0xa</size>
         <input_file_ref idref="fl-143"/>
      </object_component>
      <object_component id="oc-3a9">
         <name>.text:IntMasterDisable</name>
         <load_address>0x2752</load_address>
         <run_address>0x2752</run_address>
         <size>0xa</size>
         <input_file_ref idref="fl-142"/>
      </object_component>
      <object_component id="oc-127">
         <name>.text:IntMasterEnable</name>
         <load_address>0x275c</load_address>
         <run_address>0x275c</run_address>
         <size>0xa</size>
         <input_file_ref idref="fl-142"/>
      </object_component>
      <object_component id="oc-12b">
         <name>.text:SSIDataPut</name>
         <load_address>0x2766</load_address>
         <run_address>0x2766</run_address>
         <size>0xa</size>
         <input_file_ref idref="fl-141"/>
      </object_component>
      <object_component id="oc-123">
         <name>.text:SSIEnable</name>
         <load_address>0x2770</load_address>
         <run_address>0x2770</run_address>
         <size>0xa</size>
         <input_file_ref idref="fl-141"/>
      </object_component>
      <object_component id="oc-297">
         <name>.text:USBDevConnect</name>
         <load_address>0x277a</load_address>
         <run_address>0x277a</run_address>
         <size>0xa</size>
         <input_file_ref idref="fl-152"/>
      </object_component>
      <object_component id="oc-b6">
         <name>.text:USBDevDisconnect</name>
         <load_address>0x2784</load_address>
         <run_address>0x2784</run_address>
         <size>0xa</size>
         <input_file_ref idref="fl-152"/>
      </object_component>
      <object_component id="oc-12f">
         <name>.text:SSIBusy</name>
         <load_address>0x278e</load_address>
         <run_address>0x278e</run_address>
         <size>0x8</size>
         <input_file_ref idref="fl-141"/>
      </object_component>
      <object_component id="oc-28b">
         <name>.text:USBDevMode</name>
         <load_address>0x2796</load_address>
         <run_address>0x2796</run_address>
         <size>0x8</size>
         <input_file_ref idref="fl-152"/>
      </object_component>
      <object_component id="oc-287">
         <name>.text:USBOTGMode</name>
         <load_address>0x279e</load_address>
         <run_address>0x279e</run_address>
         <size>0x8</size>
         <input_file_ref idref="fl-152"/>
      </object_component>
      <object_component id="oc-13b">
         <name>.text:SysCtlDelay</name>
         <load_address>0x27a6</load_address>
         <run_address>0x27a6</run_address>
         <size>0x6</size>
         <input_file_ref idref="fl-140"/>
      </object_component>
      <object_component id="oc-2b1">
         <name>.text:USBBufferFlush</name>
         <load_address>0x27ac</load_address>
         <run_address>0x27ac</run_address>
         <size>0x6</size>
         <input_file_ref idref="fl-14e"/>
      </object_component>
      <object_component id="oc-1e">
         <name>.text:decompress:rle24</name>
         <load_address>0x27b2</load_address>
         <run_address>0x27b2</run_address>
         <size>0x6</size>
         <input_file_ref idref="fl-136"/>
      </object_component>
      <object_component id="oc-ff">
         <name>.text:ADCPhaseDelaySet</name>
         <load_address>0x27b8</load_address>
         <run_address>0x27b8</run_address>
         <size>0x4</size>
         <input_file_ref idref="fl-145"/>
      </object_component>
      <object_component id="oc-179">
         <name>.text:USBDevAddrSet</name>
         <load_address>0x27bc</load_address>
         <run_address>0x27bc</run_address>
         <size>0x4</size>
         <input_file_ref idref="fl-152"/>
      </object_component>
      <object_component id="oc-1de">
         <name>.const:g_pulGPIOBaseAddrs</name>
         <load_address>0x27c0</load_address>
         <run_address>0x27c0</run_address>
         <size>0x78</size>
         <input_file_ref idref="fl-143"/>
      </object_component>
      <object_component id="oc-333">
         <name>.const:g_sUSBDefaultFIFOConfig</name>
         <load_address>0x2838</load_address>
         <run_address>0x2838</run_address>
         <size>0x78</size>
         <input_file_ref idref="fl-147"/>
      </object_component>
      <object_component id="oc-259">
         <name>.const</name>
         <load_address>0x28b0</load_address>
         <run_address>0x28b0</run_address>
         <size>0x70</size>
         <input_file_ref idref="fl-142"/>
      </object_component>
      <object_component id="oc-1e2">
         <name>.const:g_pulXtals</name>
         <load_address>0x2920</load_address>
         <run_address>0x2920</run_address>
         <size>0x6c</size>
         <input_file_ref idref="fl-140"/>
      </object_component>
      <object_component id="oc-1ae">
         <name>.const</name>
         <load_address>0x298c</load_address>
         <run_address>0x298c</run_address>
         <size>0x40</size>
         <input_file_ref idref="fl-140"/>
      </object_component>
      <object_component id="oc-236">
         <name>.const:g_psUSBDStdRequests</name>
         <load_address>0x29cc</load_address>
         <run_address>0x29cc</run_address>
         <size>0x34</size>
         <input_file_ref idref="fl-147"/>
      </object_component>
      <object_component id="oc-317">
         <name>.const</name>
         <load_address>0x2a00</load_address>
         <run_address>0x2a00</run_address>
         <size>0x34</size>
         <input_file_ref idref="fl-14a"/>
      </object_component>
      <object_component id="oc-2cb">
         <name>.const:.string:g_pConfigString</name>
         <load_address>0x2a34</load_address>
         <run_address>0x2a34</run_address>
         <size>0x30</size>
         <input_file_ref idref="fl-3"/>
      </object_component>
      <object_component id="oc-2c9">
         <name>.const:.string:g_pDataInterfaceString</name>
         <load_address>0x2a64</load_address>
         <run_address>0x2a64</run_address>
         <size>0x28</size>
         <input_file_ref idref="fl-3"/>
      </object_component>
      <object_component id="oc-2c7">
         <name>.const:.string:g_pProductString</name>
         <load_address>0x2a8c</load_address>
         <run_address>0x2a8c</run_address>
         <size>0x28</size>
         <input_file_ref idref="fl-3"/>
      </object_component>
      <object_component id="oc-2c5">
         <name>.const:.string:g_pManufacturerString</name>
         <load_address>0x2ab4</load_address>
         <run_address>0x2ab4</run_address>
         <size>0x24</size>
         <input_file_ref idref="fl-3"/>
      </object_component>
      <object_component id="oc-140">
         <name>.const:g_sBulkDevice</name>
         <load_address>0x2ad8</load_address>
         <run_address>0x2ad8</run_address>
         <size>0x24</size>
         <input_file_ref idref="fl-3"/>
      </object_component>
      <object_component id="oc-2bc">
         <name>.const:g_sRxBuffer</name>
         <load_address>0x2afc</load_address>
         <run_address>0x2afc</run_address>
         <size>0x24</size>
         <input_file_ref idref="fl-3"/>
      </object_component>
      <object_component id="oc-2ba">
         <name>.const:g_sTxBuffer</name>
         <load_address>0x2b20</load_address>
         <run_address>0x2b20</run_address>
         <size>0x24</size>
         <input_file_ref idref="fl-3"/>
      </object_component>
      <object_component id="oc-1fb">
         <name>.const</name>
         <load_address>0x2b44</load_address>
         <run_address>0x2b44</run_address>
         <size>0x18</size>
         <input_file_ref idref="fl-3"/>
      </object_component>
      <object_component id="oc-2c3">
         <name>.const:.string</name>
         <load_address>0x2b5c</load_address>
         <run_address>0x2b5c</run_address>
         <size>0x16</size>
         <input_file_ref idref="fl-3"/>
      </object_component>
      <object_component id="oc-429">
         <name>.cinit..data.load</name>
         <load_address>0x2b78</load_address>
         <run_address>0x2b78</run_address>
         <size>0x73</size>
      </object_component>
      <object_component id="oc-426">
         <name>__TI_handler_table</name>
         <load_address>0x2bec</load_address>
         <run_address>0x2bec</run_address>
         <size>0xc</size>
      </object_component>
      <object_component id="oc-42a">
         <name>.cinit..bss.load</name>
         <load_address>0x2bf8</load_address>
         <run_address>0x2bf8</run_address>
         <size>0x8</size>
      </object_component>
      <object_component id="oc-428">
         <name>.cinit..vtable.load</name>
         <load_address>0x2c00</load_address>
         <run_address>0x2c00</run_address>
         <size>0x8</size>
      </object_component>
      <object_component id="oc-427">
         <name>__TI_cinit_table</name>
         <load_address>0x2c08</load_address>
         <run_address>0x2c08</run_address>
         <size>0x18</size>
      </object_component>
      <object_component id="oc-255">
         <name>.vtable</name>
         <uninitialized>true</uninitialized>
         <run_address>0x20000000</run_address>
         <size>0x26c</size>
         <input_file_ref idref="fl-142"/>
      </object_component>
      <object_component id="oc-3e">
         <name>.data</name>
         <load_address>0x20002910</load_address>
         <run_address>0x20002910</run_address>
         <size>0x4</size>
         <input_file_ref idref="fl-13a"/>
      </object_component>
      <object_component id="oc-82">
         <name>.data</name>
         <load_address>0x20002900</load_address>
         <run_address>0x20002900</run_address>
         <size>0x8</size>
         <input_file_ref idref="fl-13c"/>
      </object_component>
      <object_component id="oc-84">
         <name>.data</name>
         <load_address>0x20002908</load_address>
         <run_address>0x20002908</run_address>
         <size>0x8</size>
         <input_file_ref idref="fl-138"/>
      </object_component>
      <object_component id="oc-ba">
         <name>.data</name>
         <load_address>0x200028e8</load_address>
         <run_address>0x200028e8</run_address>
         <size>0xc</size>
         <input_file_ref idref="fl-14b"/>
      </object_component>
      <object_component id="oc-bc">
         <name>.data</name>
         <load_address>0x20002914</load_address>
         <run_address>0x20002914</run_address>
         <size>0x4</size>
         <input_file_ref idref="fl-147"/>
      </object_component>
      <object_component id="oc-1ce">
         <name>.data</name>
         <load_address>0x200028f4</load_address>
         <run_address>0x200028f4</run_address>
         <size>0x9</size>
         <input_file_ref idref="fl-14c"/>
      </object_component>
      <object_component id="oc-276">
         <name>.data</name>
         <load_address>0x200028b4</load_address>
         <run_address>0x200028b4</run_address>
         <size>0x24</size>
         <input_file_ref idref="fl-14a"/>
      </object_component>
      <object_component id="oc-278">
         <name>.data:g_sBulkDeviceInfo</name>
         <load_address>0x20002868</load_address>
         <run_address>0x20002868</run_address>
         <size>0x4c</size>
         <input_file_ref idref="fl-14a"/>
      </object_component>
      <object_component id="oc-2b7">
         <name>.data</name>
         <load_address>0x200028d8</load_address>
         <run_address>0x200028d8</run_address>
         <size>0xd</size>
         <input_file_ref idref="fl-3"/>
      </object_component>
      <object_component id="oc-bd">
         <name>.bss:g_psUSBDevice</name>
         <uninitialized>true</uninitialized>
         <run_address>0x2000246c</run_address>
         <size>0x54</size>
         <input_file_ref idref="fl-147"/>
      </object_component>
      <object_component id="oc-14a">
         <name>.bss:histBuff</name>
         <uninitialized>true</uninitialized>
         <run_address>0x2000026c</run_address>
         <size>0x2000</size>
         <input_file_ref idref="fl-3"/>
      </object_component>
      <object_component id="oc-16c">
         <name>.bss</name>
         <uninitialized>true</uninitialized>
         <run_address>0x200025c0</run_address>
         <size>0x30</size>
         <input_file_ref idref="fl-14b"/>
      </object_component>
      <object_component id="oc-1d0">
         <name>.bss</name>
         <uninitialized>true</uninitialized>
         <run_address>0x20002648</run_address>
         <size>0xc</size>
         <input_file_ref idref="fl-14c"/>
      </object_component>
      <object_component id="oc-1f7">
         <name>.bss:rxBuffer</name>
         <uninitialized>true</uninitialized>
         <run_address>0x20002500</run_address>
         <size>0x40</size>
         <input_file_ref idref="fl-3"/>
      </object_component>
      <object_component id="oc-1f9">
         <name>.bss:txBuffer</name>
         <uninitialized>true</uninitialized>
         <run_address>0x20002580</run_address>
         <size>0x40</size>
         <input_file_ref idref="fl-3"/>
      </object_component>
      <object_component id="oc-234">
         <name>.bss:g_pucDataBufferIn</name>
         <uninitialized>true</uninitialized>
         <run_address>0x200024c0</run_address>
         <size>0x40</size>
         <input_file_ref idref="fl-147"/>
      </object_component>
      <object_component id="oc-2b5">
         <name>.bss:sendData</name>
         <uninitialized>true</uninitialized>
         <run_address>0x20002540</run_address>
         <size>0x40</size>
         <input_file_ref idref="fl-3"/>
      </object_component>
      <object_component id="oc-357">
         <name>.bss:g_pucUSBTxBuffer</name>
         <uninitialized>true</uninitialized>
         <run_address>0x2000236c</run_address>
         <size>0x100</size>
         <input_file_ref idref="fl-3"/>
      </object_component>
      <object_component id="oc-360">
         <name>.bss:g_pucUSBRxBuffer</name>
         <uninitialized>true</uninitialized>
         <run_address>0x2000226c</run_address>
         <size>0x100</size>
         <input_file_ref idref="fl-3"/>
      </object_component>
      <object_component id="oc-1fd">
         <name>.common:g_sBulkInstance</name>
         <uninitialized>true</uninitialized>
         <run_address>0x20002620</run_address>
         <size>0x18</size>
      </object_component>
      <object_component id="oc-146">
         <name>.common:ulTxCount</name>
         <uninitialized>true</uninitialized>
         <run_address>0x20002664</run_address>
         <size>0x4</size>
      </object_component>
      <object_component id="oc-145">
         <name>.common:ulRxCount</name>
         <uninitialized>true</uninitialized>
         <run_address>0x20002660</run_address>
         <size>0x4</size>
      </object_component>
      <object_component id="oc-2b9">
         <name>.common:g_ulTxCount</name>
         <uninitialized>true</uninitialized>
         <run_address>0x20002658</run_address>
         <size>0x4</size>
      </object_component>
      <object_component id="oc-142">
         <name>.common:g_ulRxCount</name>
         <uninitialized>true</uninitialized>
         <run_address>0x20002654</run_address>
         <size>0x4</size>
      </object_component>
      <object_component id="oc-362">
         <name>.common:g_pucRxBufferWorkspace</name>
         <uninitialized>true</uninitialized>
         <run_address>0x200025f0</run_address>
         <size>0x18</size>
      </object_component>
      <object_component id="oc-359">
         <name>.common:g_pucTxBufferWorkspace</name>
         <uninitialized>true</uninitialized>
         <run_address>0x20002608</run_address>
         <size>0x18</size>
      </object_component>
      <object_component id="oc-147">
         <name>.common:adcTemp</name>
         <uninitialized>true</uninitialized>
         <run_address>0x20002638</run_address>
         <size>0x10</size>
      </object_component>
      <object_component id="oc-149">
         <name>.common:tempValue</name>
         <uninitialized>true</uninitialized>
         <run_address>0x2000265c</run_address>
         <size>0x4</size>
      </object_component>
      <object_component id="oc-23">
         <name>.stack</name>
         <uninitialized>true</uninitialized>
         <run_address>0x20002668</run_address>
         <size>0x0</size>
         <input_file_ref idref="fl-134"/>
      </object_component>
      <object_component id="oc-42b">
         <name>.stack</name>
         <uninitialized>true</uninitialized>
         <run_address>0x20002668</run_address>
         <size>0x0</size>
      </object_component>
      <object_component id="oc-f">
         <name>.debug_info</name>
         <load_address>0x0</load_address>
         <run_address>0x0</run_address>
         <size>0xe3</size>
         <input_file_ref idref="fl-5"/>
      </object_component>
      <object_component id="oc-11">
         <name>.debug_info</name>
         <load_address>0xe3</load_address>
         <run_address>0xe3</run_address>
         <size>0xf3</size>
         <input_file_ref idref="fl-134"/>
      </object_component>
      <object_component id="oc-18">
         <name>.debug_info</name>
         <load_address>0x1d6</load_address>
         <run_address>0x1d6</run_address>
         <size>0x194</size>
         <input_file_ref idref="fl-135"/>
      </object_component>
      <object_component id="oc-1b">
         <name>.debug_info</name>
         <load_address>0x36a</load_address>
         <run_address>0x36a</run_address>
         <size>0x16a</size>
         <input_file_ref idref="fl-137"/>
      </object_component>
      <object_component id="oc-22">
         <name>.debug_info</name>
         <load_address>0x4d4</load_address>
         <run_address>0x4d4</run_address>
         <size>0x18e</size>
         <input_file_ref idref="fl-136"/>
      </object_component>
      <object_component id="oc-25">
         <name>.debug_info</name>
         <load_address>0x662</load_address>
         <run_address>0x662</run_address>
         <size>0x257</size>
         <input_file_ref idref="fl-5"/>
      </object_component>
      <object_component id="oc-2a">
         <name>.debug_info</name>
         <load_address>0x8b9</load_address>
         <run_address>0x8b9</run_address>
         <size>0x1e5</size>
         <input_file_ref idref="fl-146"/>
      </object_component>
      <object_component id="oc-2f">
         <name>.debug_info</name>
         <load_address>0xa9e</load_address>
         <run_address>0xa9e</run_address>
         <size>0x12e</size>
         <input_file_ref idref="fl-5"/>
      </object_component>
      <object_component id="oc-32">
         <name>.debug_info</name>
         <load_address>0xbcc</load_address>
         <run_address>0xbcc</run_address>
         <size>0x13d</size>
         <input_file_ref idref="fl-13e"/>
      </object_component>
      <object_component id="oc-35">
         <name>.debug_info</name>
         <load_address>0xd09</load_address>
         <run_address>0xd09</run_address>
         <size>0x11c</size>
         <input_file_ref idref="fl-13d"/>
      </object_component>
      <object_component id="oc-3b">
         <name>.debug_info</name>
         <load_address>0xe25</load_address>
         <run_address>0xe25</run_address>
         <size>0x1c2</size>
         <input_file_ref idref="fl-138"/>
      </object_component>
      <object_component id="oc-3f">
         <name>.debug_info</name>
         <load_address>0xfe7</load_address>
         <run_address>0xfe7</run_address>
         <size>0xbe</size>
         <input_file_ref idref="fl-13a"/>
      </object_component>
      <object_component id="oc-42">
         <name>.debug_info</name>
         <load_address>0x10a5</load_address>
         <run_address>0x10a5</run_address>
         <size>0xcc</size>
         <input_file_ref idref="fl-139"/>
      </object_component>
      <object_component id="oc-46">
         <name>.debug_info</name>
         <load_address>0x1171</load_address>
         <run_address>0x1171</run_address>
         <size>0x46</size>
         <input_file_ref idref="fl-135"/>
      </object_component>
      <object_component id="oc-4b">
         <name>.debug_info</name>
         <load_address>0x11b7</load_address>
         <run_address>0x11b7</run_address>
         <size>0xf2</size>
         <input_file_ref idref="fl-135"/>
      </object_component>
      <object_component id="oc-4d">
         <name>.debug_info</name>
         <load_address>0x12a9</load_address>
         <run_address>0x12a9</run_address>
         <size>0x46</size>
         <input_file_ref idref="fl-137"/>
      </object_component>
      <object_component id="oc-52">
         <name>.debug_info</name>
         <load_address>0x12ef</load_address>
         <run_address>0x12ef</run_address>
         <size>0xad</size>
         <input_file_ref idref="fl-137"/>
      </object_component>
      <object_component id="oc-57">
         <name>.debug_info</name>
         <load_address>0x139c</load_address>
         <run_address>0x139c</run_address>
         <size>0x1ef</size>
         <input_file_ref idref="fl-136"/>
      </object_component>
      <object_component id="oc-59">
         <name>.debug_info</name>
         <load_address>0x158b</load_address>
         <run_address>0x158b</run_address>
         <size>0xb7</size>
         <input_file_ref idref="fl-136"/>
      </object_component>
      <object_component id="oc-5a">
         <name>.debug_info</name>
         <load_address>0x1642</load_address>
         <run_address>0x1642</run_address>
         <size>0x39</size>
         <input_file_ref idref="fl-136"/>
      </object_component>
      <object_component id="oc-61">
         <name>.debug_info</name>
         <load_address>0x167b</load_address>
         <run_address>0x167b</run_address>
         <size>0x1d0</size>
         <input_file_ref idref="fl-152"/>
      </object_component>
      <object_component id="oc-65">
         <name>.debug_info</name>
         <load_address>0x184b</load_address>
         <run_address>0x184b</run_address>
         <size>0x336</size>
         <input_file_ref idref="fl-147"/>
      </object_component>
      <object_component id="oc-6b">
         <name>.debug_info</name>
         <load_address>0x1b81</load_address>
         <run_address>0x1b81</run_address>
         <size>0x84</size>
         <input_file_ref idref="fl-2"/>
      </object_component>
      <object_component id="oc-70">
         <name>.debug_info</name>
         <load_address>0x1c05</load_address>
         <run_address>0x1c05</run_address>
         <size>0x18b</size>
         <input_file_ref idref="fl-5"/>
      </object_component>
      <object_component id="oc-76">
         <name>.debug_info</name>
         <load_address>0x1d90</load_address>
         <run_address>0x1d90</run_address>
         <size>0x14b</size>
         <input_file_ref idref="fl-13f"/>
      </object_component>
      <object_component id="oc-7c">
         <name>.debug_info</name>
         <load_address>0x1edb</load_address>
         <run_address>0x1edb</run_address>
         <size>0x58d</size>
         <input_file_ref idref="fl-4"/>
      </object_component>
      <object_component id="oc-81">
         <name>.debug_info</name>
         <load_address>0x2468</load_address>
         <run_address>0x2468</run_address>
         <size>0x11b</size>
         <input_file_ref idref="fl-13d"/>
      </object_component>
      <object_component id="oc-83">
         <name>.debug_info</name>
         <load_address>0x2583</load_address>
         <run_address>0x2583</run_address>
         <size>0xc8</size>
         <input_file_ref idref="fl-13c"/>
      </object_component>
      <object_component id="oc-85">
         <name>.debug_info</name>
         <load_address>0x264b</load_address>
         <run_address>0x264b</run_address>
         <size>0xeb</size>
         <input_file_ref idref="fl-138"/>
      </object_component>
      <object_component id="oc-87">
         <name>.debug_info</name>
         <load_address>0x2736</load_address>
         <run_address>0x2736</run_address>
         <size>0x146</size>
         <input_file_ref idref="fl-138"/>
      </object_component>
      <object_component id="oc-8b">
         <name>.debug_info</name>
         <load_address>0x287c</load_address>
         <run_address>0x287c</run_address>
         <size>0x2c</size>
         <input_file_ref idref="fl-135"/>
      </object_component>
      <object_component id="oc-92">
         <name>.debug_info</name>
         <load_address>0x28a8</load_address>
         <run_address>0x28a8</run_address>
         <size>0x2c</size>
         <input_file_ref idref="fl-2"/>
      </object_component>
      <object_component id="oc-9d">
         <name>.debug_info</name>
         <load_address>0x28d4</load_address>
         <run_address>0x28d4</run_address>
         <size>0x84</size>
         <input_file_ref idref="fl-140"/>
      </object_component>
      <object_component id="oc-a1">
         <name>.debug_info</name>
         <load_address>0x2958</load_address>
         <run_address>0x2958</run_address>
         <size>0x338</size>
         <input_file_ref idref="fl-152"/>
      </object_component>
      <object_component id="oc-a3">
         <name>.debug_info</name>
         <load_address>0x2c90</load_address>
         <run_address>0x2c90</run_address>
         <size>0x281</size>
         <input_file_ref idref="fl-147"/>
      </object_component>
      <object_component id="oc-a7">
         <name>.debug_info</name>
         <load_address>0x2f11</load_address>
         <run_address>0x2f11</run_address>
         <size>0x1e5</size>
         <input_file_ref idref="fl-147"/>
      </object_component>
      <object_component id="oc-ab">
         <name>.debug_info</name>
         <load_address>0x30f6</load_address>
         <run_address>0x30f6</run_address>
         <size>0x265</size>
         <input_file_ref idref="fl-14b"/>
      </object_component>
      <object_component id="oc-af">
         <name>.debug_info</name>
         <load_address>0x335b</load_address>
         <run_address>0x335b</run_address>
         <size>0x1d2</size>
         <input_file_ref idref="fl-152"/>
      </object_component>
      <object_component id="oc-b3">
         <name>.debug_info</name>
         <load_address>0x352d</load_address>
         <run_address>0x352d</run_address>
         <size>0x315</size>
         <input_file_ref idref="fl-147"/>
      </object_component>
      <object_component id="oc-b7">
         <name>.debug_info</name>
         <load_address>0x3842</load_address>
         <run_address>0x3842</run_address>
         <size>0x1ad</size>
         <input_file_ref idref="fl-152"/>
      </object_component>
      <object_component id="oc-bb">
         <name>.debug_info</name>
         <load_address>0x39ef</load_address>
         <run_address>0x39ef</run_address>
         <size>0x180</size>
         <input_file_ref idref="fl-14b"/>
      </object_component>
      <object_component id="oc-be">
         <name>.debug_info</name>
         <load_address>0x3b6f</load_address>
         <run_address>0x3b6f</run_address>
         <size>0x112</size>
         <input_file_ref idref="fl-147"/>
      </object_component>
      <object_component id="oc-c0">
         <name>.debug_info</name>
         <load_address>0x3c81</load_address>
         <run_address>0x3c81</run_address>
         <size>0x84</size>
         <input_file_ref idref="fl-146"/>
      </object_component>
      <object_component id="oc-c4">
         <name>.debug_info</name>
         <load_address>0x3d05</load_address>
         <run_address>0x3d05</run_address>
         <size>0xcb1</size>
         <input_file_ref idref="fl-147"/>
      </object_component>
      <object_component id="oc-c6">
         <name>.debug_info</name>
         <load_address>0x49b6</load_address>
         <run_address>0x49b6</run_address>
         <size>0x148</size>
         <input_file_ref idref="fl-13f"/>
      </object_component>
      <object_component id="oc-c8">
         <name>.debug_info</name>
         <load_address>0x4afe</load_address>
         <run_address>0x4afe</run_address>
         <size>0x2cf</size>
         <input_file_ref idref="fl-140"/>
      </object_component>
      <object_component id="oc-cc">
         <name>.debug_info</name>
         <load_address>0x4dcd</load_address>
         <run_address>0x4dcd</run_address>
         <size>0x1da</size>
         <input_file_ref idref="fl-140"/>
      </object_component>
      <object_component id="oc-d0">
         <name>.debug_info</name>
         <load_address>0x4fa7</load_address>
         <run_address>0x4fa7</run_address>
         <size>0x1e6</size>
         <input_file_ref idref="fl-143"/>
      </object_component>
      <object_component id="oc-d4">
         <name>.debug_info</name>
         <load_address>0x518d</load_address>
         <run_address>0x518d</run_address>
         <size>0x1e4</size>
         <input_file_ref idref="fl-143"/>
      </object_component>
      <object_component id="oc-d8">
         <name>.debug_info</name>
         <load_address>0x5371</load_address>
         <run_address>0x5371</run_address>
         <size>0x24a</size>
         <input_file_ref idref="fl-143"/>
      </object_component>
      <object_component id="oc-dd">
         <name>.debug_info</name>
         <load_address>0x55bb</load_address>
         <run_address>0x55bb</run_address>
         <size>0x1e2</size>
         <input_file_ref idref="fl-143"/>
      </object_component>
      <object_component id="oc-e0">
         <name>.debug_info</name>
         <load_address>0x579d</load_address>
         <run_address>0x579d</run_address>
         <size>0x1d8</size>
         <input_file_ref idref="fl-143"/>
      </object_component>
      <object_component id="oc-e4">
         <name>.debug_info</name>
         <load_address>0x5975</load_address>
         <run_address>0x5975</run_address>
         <size>0x1bc</size>
         <input_file_ref idref="fl-140"/>
      </object_component>
      <object_component id="oc-e8">
         <name>.debug_info</name>
         <load_address>0x5b31</load_address>
         <run_address>0x5b31</run_address>
         <size>0x1f7</size>
         <input_file_ref idref="fl-145"/>
      </object_component>
      <object_component id="oc-ec">
         <name>.debug_info</name>
         <load_address>0x5d28</load_address>
         <run_address>0x5d28</run_address>
         <size>0x23e</size>
         <input_file_ref idref="fl-145"/>
      </object_component>
      <object_component id="oc-f0">
         <name>.debug_info</name>
         <load_address>0x5f66</load_address>
         <run_address>0x5f66</run_address>
         <size>0x1e8</size>
         <input_file_ref idref="fl-145"/>
      </object_component>
      <object_component id="oc-f4">
         <name>.debug_info</name>
         <load_address>0x614e</load_address>
         <run_address>0x614e</run_address>
         <size>0x26b</size>
         <input_file_ref idref="fl-145"/>
      </object_component>
      <object_component id="oc-f8">
         <name>.debug_info</name>
         <load_address>0x63b9</load_address>
         <run_address>0x63b9</run_address>
         <size>0x1d1</size>
         <input_file_ref idref="fl-145"/>
      </object_component>
      <object_component id="oc-fc">
         <name>.debug_info</name>
         <load_address>0x658a</load_address>
         <run_address>0x658a</run_address>
         <size>0x29e</size>
         <input_file_ref idref="fl-145"/>
      </object_component>
      <object_component id="oc-100">
         <name>.debug_info</name>
         <load_address>0x6828</load_address>
         <run_address>0x6828</run_address>
         <size>0x1db</size>
         <input_file_ref idref="fl-145"/>
      </object_component>
      <object_component id="oc-104">
         <name>.debug_info</name>
         <load_address>0x6a03</load_address>
         <run_address>0x6a03</run_address>
         <size>0x1f5</size>
         <input_file_ref idref="fl-145"/>
      </object_component>
      <object_component id="oc-108">
         <name>.debug_info</name>
         <load_address>0x6bf8</load_address>
         <run_address>0x6bf8</run_address>
         <size>0x1e4</size>
         <input_file_ref idref="fl-143"/>
      </object_component>
      <object_component id="oc-10c">
         <name>.debug_info</name>
         <load_address>0x6ddc</load_address>
         <run_address>0x6ddc</run_address>
         <size>0x20f</size>
         <input_file_ref idref="fl-14c"/>
      </object_component>
      <object_component id="oc-110">
         <name>.debug_info</name>
         <load_address>0x6feb</load_address>
         <run_address>0x6feb</run_address>
         <size>0x22a</size>
         <input_file_ref idref="fl-14a"/>
      </object_component>
      <object_component id="oc-114">
         <name>.debug_info</name>
         <load_address>0x7215</load_address>
         <run_address>0x7215</run_address>
         <size>0x1d9</size>
         <input_file_ref idref="fl-143"/>
      </object_component>
      <object_component id="oc-118">
         <name>.debug_info</name>
         <load_address>0x73ee</load_address>
         <run_address>0x73ee</run_address>
         <size>0x1d8</size>
         <input_file_ref idref="fl-143"/>
      </object_component>
      <object_component id="oc-11c">
         <name>.debug_info</name>
         <load_address>0x75c6</load_address>
         <run_address>0x75c6</run_address>
         <size>0x202</size>
         <input_file_ref idref="fl-140"/>
      </object_component>
      <object_component id="oc-120">
         <name>.debug_info</name>
         <load_address>0x77c8</load_address>
         <run_address>0x77c8</run_address>
         <size>0x381</size>
         <input_file_ref idref="fl-141"/>
      </object_component>
      <object_component id="oc-124">
         <name>.debug_info</name>
         <load_address>0x7b49</load_address>
         <run_address>0x7b49</run_address>
         <size>0x19f</size>
         <input_file_ref idref="fl-141"/>
      </object_component>
      <object_component id="oc-128">
         <name>.debug_info</name>
         <load_address>0x7ce8</load_address>
         <run_address>0x7ce8</run_address>
         <size>0x1a3</size>
         <input_file_ref idref="fl-142"/>
      </object_component>
      <object_component id="oc-12c">
         <name>.debug_info</name>
         <load_address>0x7e8b</load_address>
         <run_address>0x7e8b</run_address>
         <size>0x24c</size>
         <input_file_ref idref="fl-141"/>
      </object_component>
      <object_component id="oc-130">
         <name>.debug_info</name>
         <load_address>0x80d7</load_address>
         <run_address>0x80d7</run_address>
         <size>0x19f</size>
         <input_file_ref idref="fl-141"/>
      </object_component>
      <object_component id="oc-134">
         <name>.debug_info</name>
         <load_address>0x8276</load_address>
         <run_address>0x8276</run_address>
         <size>0x1f8</size>
         <input_file_ref idref="fl-143"/>
      </object_component>
      <object_component id="oc-138">
         <name>.debug_info</name>
         <load_address>0x846e</load_address>
         <run_address>0x846e</run_address>
         <size>0x2dc</size>
         <input_file_ref idref="fl-145"/>
      </object_component>
      <object_component id="oc-13d">
         <name>.debug_info</name>
         <load_address>0x874a</load_address>
         <run_address>0x874a</run_address>
         <size>0x1e9</size>
         <input_file_ref idref="fl-145"/>
      </object_component>
      <object_component id="oc-141">
         <name>.debug_info</name>
         <load_address>0x8933</load_address>
         <run_address>0x8933</run_address>
         <size>0xde</size>
         <input_file_ref idref="fl-3"/>
      </object_component>
      <object_component id="oc-143">
         <name>.debug_info</name>
         <load_address>0x8a11</load_address>
         <run_address>0x8a11</run_address>
         <size>0x5c5</size>
         <input_file_ref idref="fl-3"/>
      </object_component>
      <object_component id="oc-148">
         <name>.debug_info</name>
         <load_address>0x8fd6</load_address>
         <run_address>0x8fd6</run_address>
         <size>0xa93</size>
         <input_file_ref idref="fl-4"/>
      </object_component>
      <object_component id="oc-14b">
         <name>.debug_info</name>
         <load_address>0x9a69</load_address>
         <run_address>0x9a69</run_address>
         <size>0xd5</size>
         <input_file_ref idref="fl-3"/>
      </object_component>
      <object_component id="oc-14f">
         <name>.debug_info</name>
         <load_address>0x9b3e</load_address>
         <run_address>0x9b3e</run_address>
         <size>0x5e</size>
         <input_file_ref idref="fl-13d"/>
      </object_component>
      <object_component id="oc-155">
         <name>.debug_info</name>
         <load_address>0x9b9c</load_address>
         <run_address>0x9b9c</run_address>
         <size>0x1d4</size>
         <input_file_ref idref="fl-13c"/>
      </object_component>
      <object_component id="oc-15b">
         <name>.debug_info</name>
         <load_address>0x9d70</load_address>
         <run_address>0x9d70</run_address>
         <size>0xd9</size>
         <input_file_ref idref="fl-13c"/>
      </object_component>
      <object_component id="oc-162">
         <name>.debug_info</name>
         <load_address>0x9e49</load_address>
         <run_address>0x9e49</run_address>
         <size>0x2c</size>
         <input_file_ref idref="fl-140"/>
      </object_component>
      <object_component id="oc-168">
         <name>.debug_info</name>
         <load_address>0x9e75</load_address>
         <run_address>0x9e75</run_address>
         <size>0x1d1</size>
         <input_file_ref idref="fl-152"/>
      </object_component>
      <object_component id="oc-16d">
         <name>.debug_info</name>
         <load_address>0xa046</load_address>
         <run_address>0xa046</run_address>
         <size>0x141</size>
         <input_file_ref idref="fl-14b"/>
      </object_component>
      <object_component id="oc-16f">
         <name>.debug_info</name>
         <load_address>0xa187</load_address>
         <run_address>0xa187</run_address>
         <size>0x3b2</size>
         <input_file_ref idref="fl-14b"/>
      </object_component>
      <object_component id="oc-172">
         <name>.debug_info</name>
[...]
         <object_component_ref idref="oc-41"/>
      </symbol>
      <symbol id="sm-1d1">
         <name>main_func_sp</name>
         <value>0x20002910</value>
         <object_component_ref idref="oc-3e"/>
      </symbol>
      <symbol id="sm-1e8">
         <name>_nop</name>
         <value>0x25f3</value>
         <object_component_ref idref="oc-154"/>
      </symbol>
      <symbol id="sm-1e9">
         <name>_lock</name>
         <value>0x20002900</value>
         <object_component_ref idref="oc-82"/>
      </symbol>
      <symbol id="sm-1ea">
         <name>_unlock</name>
         <value>0x20002904</value>
         <object_component_ref idref="oc-82"/>
      </symbol>
      <symbol id="sm-1eb">
         <name>_register_lock</name>
         <value>0x25eb</value>
         <object_component_ref idref="oc-154"/>
      </symbol>
      <symbol id="sm-1ec">
         <name>_register_unlock</name>
         <value>0x25e5</value>
         <object_component_ref idref="oc-154"/>
      </symbol>
      <symbol id="sm-1ff">
         <name>_args_main</name>
         <value>0x2579</value>
         <object_component_ref idref="oc-34"/>
      </symbol>
      <symbol id="sm-21b">
         <name>__TI_auto_init</name>
         <value>0x1365</value>
         <object_component_ref idref="oc-30"/>
      </symbol>
      <symbol id="sm-233">
         <name>copy_in</name>
         <value>0x1e89</value>
         <object_component_ref idref="oc-75"/>
      </symbol>
      <symbol id="sm-2d1">
         <name>SysCtlClockSet</name>
         <value>0xc39</value>
         <object_component_ref idref="oc-c7"/>
      </symbol>
      <symbol id="sm-2d2">
         <name>SysCtlDelay</name>
         <value>0x27a7</value>
         <object_component_ref idref="oc-13b"/>
      </symbol>
      <symbol id="sm-2d3">
         <name>SysCtlPeripheralEnable</name>
         <value>0x1a09</value>
         <object_component_ref idref="oc-cb"/>
      </symbol>
      <symbol id="sm-2d4">
         <name>SysCtlADCSpeedSet</name>
         <value>0x23f5</value>
         <object_component_ref idref="oc-e3"/>
      </symbol>
      <symbol id="sm-2d5">
         <name>SysCtlClockGet</name>
         <value>0x779</value>
         <object_component_ref idref="oc-11b"/>
      </symbol>
      <symbol id="sm-2d6">
         <name>SysCtlUSBPLLEnable</name>
         <value>0x26ad</value>
         <object_component_ref idref="oc-283"/>
      </symbol>
      <symbol id="sm-2d7">
         <name>SysCtlPeripheralReset</name>
         <value>0x12d1</value>
         <object_component_ref idref="oc-27f"/>
      </symbol>
      <symbol id="sm-2fd">
         <name>SSIDataPut</name>
         <value>0x2767</value>
         <object_component_ref idref="oc-12b"/>
      </symbol>
      <symbol id="sm-2fe">
         <name>SSIConfigSetExpClk</name>
         <value>0x1dbb</value>
         <object_component_ref idref="oc-11f"/>
      </symbol>
      <symbol id="sm-2ff">
         <name>SSIEnable</name>
         <value>0x2771</value>
         <object_component_ref idref="oc-123"/>
      </symbol>
      <symbol id="sm-300">
         <name>SSIBusy</name>
         <value>0x278f</value>
         <object_component_ref idref="oc-12f"/>
      </symbol>
      <symbol id="sm-33f">
         <name>IntEnable</name>
         <value>0x188d</value>
         <object_component_ref idref="oc-1c2"/>
      </symbol>
      <symbol id="sm-340">
         <name>IntRegister</name>
         <value>0x2065</value>
         <object_component_ref idref="oc-1be"/>
      </symbol>
      <symbol id="sm-341">
         <name>IntMasterDisable</name>
         <value>0x2753</value>
         <object_component_ref idref="oc-3a9"/>
      </symbol>
      <symbol id="sm-342">
         <name>g_pfnRAMVectors</name>
         <value>0x20000000</value>
         <object_component_ref idref="oc-255"/>
      </symbol>
      <symbol id="sm-343">
         <name>IntMasterEnable</name>
         <value>0x275d</value>
         <object_component_ref idref="oc-127"/>
      </symbol>
      <symbol id="sm-3a5">
         <name>GPIOPinConfigure</name>
         <value>0x1c9d</value>
         <object_component_ref idref="oc-113"/>
      </symbol>
      <symbol id="sm-3a6">
         <name>GPIOPinTypeUSBAnalog</name>
         <value>0x2641</value>
         <object_component_ref idref="oc-107"/>
      </symbol>
      <symbol id="sm-3a7">
         <name>GPIOPinTypeADC</name>
         <value>0x25f9</value>
         <object_component_ref idref="oc-df"/>
      </symbol>
      <symbol id="sm-3a8">
         <name>GPIOPinTypeGPIOInput</name>
         <value>0x260b</value>
         <object_component_ref idref="oc-d3"/>
      </symbol>
      <symbol id="sm-3a9">
         <name>GPIOADCTriggerEnable</name>
         <value>0x271b</value>
         <object_component_ref idref="oc-db"/>
      </symbol>
      <symbol id="sm-3aa">
         <name>GPIOPinTypeGPIOOutput</name>
         <value>0x261d</value>
         <object_component_ref idref="oc-cf"/>
      </symbol>
      <symbol id="sm-3ab">
         <name>GPIODirModeSet</name>
         <value>0x2191</value>
         <object_component_ref idref="oc-1b1"/>
      </symbol>
      <symbol id="sm-3ac">
         <name>GPIOPinWrite</name>
         <value>0x2749</value>
         <object_component_ref idref="oc-133"/>
      </symbol>
      <symbol id="sm-3ad">
         <name>GPIOPadConfigSet</name>
         <value>0x100d</value>
         <object_component_ref idref="oc-d7"/>
      </symbol>
      <symbol id="sm-3ae">
         <name>GPIOPinTypeSSI</name>
         <value>0x262f</value>
         <object_component_ref idref="oc-117"/>
      </symbol>
      <symbol id="sm-3bc">
         <name>CPUcpsie</name>
         <value>0x270f</value>
         <object_component_ref idref="oc-1e8"/>
      </symbol>
      <symbol id="sm-3bd">
         <name>CPUcpsid</name>
         <value>0x2703</value>
         <object_component_ref idref="oc-3e4"/>
      </symbol>
      <symbol id="sm-40d">
         <name>ADCPhaseDelaySet</name>
         <value>0x27b9</value>
         <object_component_ref idref="oc-ff"/>
      </symbol>
      <symbol id="sm-40e">
         <name>ADCSequenceEnable</name>
         <value>0x26db</value>
         <object_component_ref idref="oc-103"/>
      </symbol>
      <symbol id="sm-40f">
         <name>ADCSequenceConfigure</name>
         <value>0x229d</value>
         <object_component_ref idref="oc-f3"/>
      </symbol>
      <symbol id="sm-410">
         <name>ADCIntEnable</name>
         <value>0x269b</value>
         <object_component_ref idref="oc-ef"/>
      </symbol>
      <symbol id="sm-411">
         <name>ADCReferenceSet</name>
         <value>0x26f7</value>
         <object_component_ref idref="oc-f7"/>
      </symbol>
      <symbol id="sm-412">
         <name>ADCSequenceStepConfigure</name>
         <value>0x16e5</value>
         <object_component_ref idref="oc-fb"/>
      </symbol>
      <symbol id="sm-413">
         <name>ADCIntClear</name>
         <value>0x273f</value>
         <object_component_ref idref="oc-13c"/>
      </symbol>
      <symbol id="sm-414">
         <name>ADCIntRegister</name>
         <value>0x22f1</value>
         <object_component_ref idref="oc-eb"/>
      </symbol>
      <symbol id="sm-415">
         <name>ADCSequenceDisable</name>
         <value>0x26cd</value>
         <object_component_ref idref="oc-e7"/>
      </symbol>
      <symbol id="sm-416">
         <name>ADCSequenceDataGet</name>
         <value>0x23d3</value>
         <object_component_ref idref="oc-137"/>
      </symbol>
      <symbol id="sm-43b">
         <name>USB0DeviceIntHandler</name>
         <value>0x2519</value>
         <object_component_ref idref="oc-29"/>
      </symbol>
      <symbol id="sm-594">
         <name>g_psUSBDevice</name>
         <value>0x2000246c</value>
         <object_component_ref idref="oc-bd"/>
      </symbol>
      <symbol id="sm-595">
         <name>USBDCDStallEP0</name>
         <value>0x24fd</value>
         <object_component_ref idref="oc-230"/>
      </symbol>
      <symbol id="sm-596">
         <name>g_sUSBDefaultFIFOConfig</name>
         <value>0x2838</value>
         <object_component_ref idref="oc-333"/>
      </symbol>
      <symbol id="sm-597">
         <name>USBDeviceEnumHandler</name>
         <value>0xe69</value>
         <object_component_ref idref="oc-b2"/>
      </symbol>
      <symbol id="sm-598">
         <name>USBDCDInit</name>
         <value>0xd75</value>
         <object_component_ref idref="oc-1d8"/>
      </symbol>
      <symbol id="sm-599">
         <name>USBDeviceEnumResetHandler</name>
         <value>0x20cd</value>
         <object_component_ref idref="oc-a2"/>
      </symbol>
      <symbol id="sm-59a">
         <name>USBDeviceIntHandlerInternal</name>
         <value>0x1191</value>
         <object_component_ref idref="oc-64"/>
      </symbol>
      <symbol id="sm-59b">
         <name>USBDeviceResumeTickHandler</name>
         <value>0x1ce5</value>
         <object_component_ref idref="oc-a6"/>
      </symbol>
      <symbol id="sm-63e">
         <name>USBDeviceConfigAlternate</name>
         <value>0x10d5</value>
         <object_component_ref idref="oc-38d"/>
      </symbol>
      <symbol id="sm-63f">
         <name>USBDeviceConfig</name>
         <value>0x951</value>
         <object_component_ref idref="oc-37f"/>
      </symbol>
      <symbol id="sm-6a4">
         <name>USBDCDConfigDescGet</name>
         <value>0x1b65</value>
         <object_component_ref idref="oc-3bd"/>
      </symbol>
      <symbol id="sm-6a5">
         <name>USBDCDConfigGetInterface</name>
         <value>0x24e1</value>
         <object_component_ref idref="oc-389"/>
      </symbol>
      <symbol id="sm-6a6">
         <name>USBDCDConfigDescGetSize</name>
         <value>0x2531</value>
         <object_component_ref idref="oc-239"/>
      </symbol>
      <symbol id="sm-6a7">
         <name>USBDCDConfigGetInterfaceEndpoint</name>
         <value>0x1f4f</value>
         <object_component_ref idref="oc-3c1"/>
      </symbol>
      <symbol id="sm-6a8">
         <name>USBDCDConfigDescGetNum</name>
         <value>0x2245</value>
         <object_component_ref idref="oc-385"/>
      </symbol>
      <symbol id="sm-74d">
         <name>USBDBulkTxPacketAvailable</name>
         <value>0x26bd</value>
         <object_component_ref idref="oc-353"/>
      </symbol>
      <symbol id="sm-74e">
         <name>USBDBulkCompositeInit</name>
         <value>0x1675</value>
         <object_component_ref idref="oc-1d4"/>
      </symbol>
      <symbol id="sm-74f">
         <name>g_sBulkInterfaceSection</name>
         <value>0x2a20</value>
         <object_component_ref idref="oc-317"/>
      </symbol>
      <symbol id="sm-750">
         <name>g_psBulkSections</name>
         <value>0x200028d0</value>
         <object_component_ref idref="oc-276"/>
      </symbol>
      <symbol id="sm-751">
         <name>g_sBulkConfigSection</name>
         <value>0x2a18</value>
         <object_component_ref idref="oc-317"/>
      </symbol>
      <symbol id="sm-752">
         <name>g_pBulkInterface</name>
         <value>0x2a00</value>
         <object_component_ref idref="oc-317"/>
      </symbol>
      <symbol id="sm-753">
         <name>USBDBulkInit</name>
         <value>0x24c5</value>
         <object_component_ref idref="oc-10f"/>
      </symbol>
      <symbol id="sm-754">
         <name>USBDBulkRxPacketAvailable</name>
         <value>0x2435</value>
         <object_component_ref idref="oc-35c"/>
      </symbol>
      <symbol id="sm-755">
         <name>USBDBulkPacketRead</name>
         <value>0x17bd</value>
         <object_component_ref idref="oc-2a9"/>
      </symbol>
      <symbol id="sm-756">
         <name>g_pBulkDescriptor</name>
         <value>0x200028c6</value>
         <object_component_ref idref="oc-276"/>
      </symbol>
      <symbol id="sm-757">
         <name>g_pBulkConfigDescriptors</name>
         <value>0x2a30</value>
         <object_component_ref idref="oc-317"/>
      </symbol>
      <symbol id="sm-758">
         <name>USBDBulkPacketWrite</name>
         <value>0x1c53</value>
         <object_component_ref idref="oc-2ad"/>
      </symbol>
      <symbol id="sm-759">
         <name>g_sBulkDeviceInfo</name>
         <value>0x20002868</value>
         <object_component_ref idref="oc-278"/>
      </symbol>
      <symbol id="sm-75a">
         <name>g_pBulkDeviceDescriptor</name>
         <value>0x200028b4</value>
         <object_component_ref idref="oc-276"/>
      </symbol>
      <symbol id="sm-75b">
         <name>g_sBulkConfigHeader</name>
         <value>0x2a28</value>
         <object_component_ref idref="oc-317"/>
      </symbol>
      <symbol id="sm-79c">
         <name>g_pfTickHandlers</name>
         <value>0x200025c0</value>
         <object_component_ref idref="oc-16c"/>
      </symbol>
      <symbol id="sm-79d">
         <name>g_ulUSBSOFCount</name>
         <value>0x200028f0</value>
         <object_component_ref idref="oc-ba"/>
      </symbol>
      <symbol id="sm-79e">
         <name>g_pvTickInstance</name>
         <value>0x200025d8</value>
         <object_component_ref idref="oc-16c"/>
      </symbol>
      <symbol id="sm-79f">
         <name>g_bUSBTimerInitialized</name>
         <value>0x200028e8</value>
         <object_component_ref idref="oc-ba"/>
      </symbol>
      <symbol id="sm-7a0">
         <name>InternalUSBStartOfFrameTick</name>
         <value>0x2099</value>
         <object_component_ref idref="oc-aa"/>
      </symbol>
      <symbol id="sm-7a1">
         <name>InternalUSBRegisterTickHandler</name>
         <value>0x21ed</value>
         <object_component_ref idref="oc-272"/>
      </symbol>
      <symbol id="sm-7a2">
         <name>InternalUSBTickInit</name>
         <value>0x2131</value>
         <object_component_ref idref="oc-26e"/>
      </symbol>
      <symbol id="sm-7a3">
         <name>g_ulCurrentUSBTick</name>
         <value>0x200028ec</value>
         <object_component_ref idref="oc-ba"/>
      </symbol>
      <symbol id="sm-7cb">
         <name>g_ulPollRate</name>
         <value>0x20002648</value>
         <object_component_ref idref="oc-1d0"/>
      </symbol>
      <symbol id="sm-7cc">
         <name>g_eOTGModeState</name>
         <value>0x2000264c</value>
         <object_component_ref idref="oc-1d0"/>
      </symbol>
      <symbol id="sm-7cd">
         <name>USBStackModeSet</name>
         <value>0x2415</value>
         <object_component_ref idref="oc-10b"/>
      </symbol>
      <symbol id="sm-7ce">
         <name>g_ulWaitTicks</name>
         <value>0x200028f8</value>
         <object_component_ref idref="oc-1ce"/>
      </symbol>
      <symbol id="sm-7cf">
         <name>g_eUSBMode</name>
         <value>0x200028f4</value>
         <object_component_ref idref="oc-1ce"/>
      </symbol>
      <symbol id="sm-7fb">
         <name>USBDescGet</name>
         <value>0x2271</value>
         <object_component_ref idref="oc-3eb"/>
      </symbol>
      <symbol id="sm-7fc">
         <name>USBDescGetNum</name>
         <value>0x2319</value>
         <object_component_ref idref="oc-3d7"/>
      </symbol>
      <symbol id="sm-80b">
         <name>USBBufferFlush</name>
         <value>0x27ad</value>
         <object_component_ref idref="oc-2b1"/>
      </symbol>
      <symbol id="sm-819">
         <name>USBRingBufFlush</name>
         <value>0x25d1</value>
         <object_component_ref idref="oc-349"/>
      </symbol>
      <symbol id="sm-8e6">
         <name>USBEndpointDataAvail</name>
         <value>0x2453</value>
         <object_component_ref idref="oc-337"/>
      </symbol>
      <symbol id="sm-8e7">
         <name>USBDevDisconnect</name>
         <value>0x2785</value>
         <object_component_ref idref="oc-b6"/>
      </symbol>
      <symbol id="sm-8e8">
         <name>USBDevEndpointStallClear</name>
         <value>0x1bb5</value>
         <object_component_ref idref="oc-371"/>
      </symbol>
      <symbol id="sm-8e9">
         <name>USBEndpointDataPut</name>
         <value>0x2161</value>
         <object_component_ref idref="oc-23d"/>
      </symbol>
      <symbol id="sm-8ea">
         <name>USBDevAddrSet</name>
         <value>0x27bd</value>
         <object_component_ref idref="oc-179"/>
      </symbol>
      <symbol id="sm-8eb">
         <name>USBIntStatusControl</name>
         <value>0x1fc1</value>
         <object_component_ref idref="oc-60"/>
      </symbol>
      <symbol id="sm-8ec">
         <name>USBDevEndpointDataAck</name>
         <value>0x238d</value>
         <object_component_ref idref="oc-181"/>
      </symbol>
      <symbol id="sm-8ed">
         <name>USBOTGMode</name>
         <value>0x279f</value>
         <object_component_ref idref="oc-287"/>
      </symbol>
      <symbol id="sm-8ee">
         <name>USBDevMode</name>
         <value>0x2797</value>
         <object_component_ref idref="oc-28b"/>
      </symbol>
      <symbol id="sm-8ef">
         <name>USBIntEnableEndpoint</name>
         <value>0x25bd</value>
         <object_component_ref idref="oc-293"/>
      </symbol>
      <symbol id="sm-8f0">
         <name>USBEndpointDataGet</name>
         <value>0x1e45</value>
         <object_component_ref idref="oc-17d"/>
      </symbol>
      <symbol id="sm-8f1">
         <name>USBDevEndpointStatusClear</name>
         <value>0x18f1</value>
         <object_component_ref idref="oc-175"/>
      </symbol>
      <symbol id="sm-8f2">
         <name>USBFIFOConfigSet</name>
         <value>0x1d75</value>
         <object_component_ref idref="oc-3d1"/>
      </symbol>
      <symbol id="sm-8f3">
         <name>USBEndpointDataSend</name>
         <value>0x21bf</value>
         <object_component_ref idref="oc-241"/>
      </symbol>
      <symbol id="sm-8f4">
         <name>USBIntStatusEndpoint</name>
         <value>0x2727</value>
         <object_component_ref idref="oc-ae"/>
      </symbol>
      <symbol id="sm-8f5">
         <name>USBEndpointStatus</name>
         <value>0x2677</value>
         <object_component_ref idref="oc-171"/>
      </symbol>
      <symbol id="sm-8f6">
         <name>USBDevEndpointStall</name>
         <value>0x202f</value>
         <object_component_ref idref="oc-2d4"/>
      </symbol>
      <symbol id="sm-8f7">
         <name>USBDevConnect</name>
         <value>0x277b</value>
         <object_component_ref idref="oc-297"/>
      </symbol>
      <symbol id="sm-8f8">
         <name>USBDevEndpointConfigSet</name>
         <value>0x15fd</value>
         <object_component_ref idref="oc-3c9"/>
      </symbol>
      <symbol id="sm-8f9">
         <name>USBHostResume</name>
         <value>0x2591</value>
         <object_component_ref idref="oc-167"/>
      </symbol>
      <symbol id="sm-8fa">
         <name>USBIntEnableControl</name>
         <value>0x2341</value>
         <object_component_ref idref="oc-28f"/>
      </symbol>
      <symbol id="sm-8fc">
         <name>__TI_static_base__</name>
         <value>0x0</value>
      </symbol>
      <symbol id="sm-8fd">
         <name>__TI_args_main</name>
         <value>0x1</value>
      </symbol>
      <symbol id="sm-8fe">
         <name>SHT$$INIT_ARRAY$$Limit</name>
         <value>0x0</value>
      </symbol>
      <symbol id="sm-8ff">
         <name>SHT$$INIT_ARRAY$$Base</name>
         <value>0x0</value>
      </symbol>
   </symbol_table>
   <title>Link successful</title>
</link_info>
