<?xml version="1.0"?>
<link_info>
   <banner>TI ARM Linker PC v5.1.5</banner>
   <copyright>Copyright (c) 1996-2014 Texas Instruments Incorporated</copyright>
   <link_time>0x53fc99e5</link_time>
   <link_errors>0x0</link_errors>
   <output_file>test_int_ext.out</output_file>
   <entry_point>
      <name>_c_int00</name>
      <address>0x1e91</address>
   </entry_point>
   <input_file_list>
      <input_file id="fl-2">
         <path>.\</path>
         <kind>object</kind>
         <file>lm4f120h5qr_startup_ccs.obj</file>
         <name>lm4f120h5qr_startup_ccs.obj</name>
      </input_file>
      <input_file id="fl-3">
         <path>.\</path>
         <kind>object</kind>
         <file>main.obj</file>
         <name>main.obj</name>
      </input_file>
      <input_file id="fl-4">
         <path>.\</path>
         <kind>object</kind>
         <file>usb_bulk_structs.obj</file>
         <name>usb_bulk_structs.obj</name>
      </input_file>
      <input_file id="fl-5">
         <path>.\utils\</path>
         <kind>object</kind>
         <file>ustdlib.obj</file>
         <name>ustdlib.obj</name>
      </input_file>
      <input_file id="fl-134">
         <path>c:\ti\ccsv6\tools\compiler\arm_5.1.5\lib\</path>
         <kind>archive</kind>
         <file>rtsv7M4_T_le_v4SPD16_eabi.lib</file>
         <name>boot.obj</name>
      </input_file>
      <input_file id="fl-135">
         <path>c:\ti\ccsv6\tools\compiler\arm_5.1.5\lib\</path>
         <kind>archive</kind>
         <file>rtsv7M4_T_le_v4SPD16_eabi.lib</file>
         <name>copy_decompress_none.obj</name>
      </input_file>
      <input_file id="fl-136">
         <path>c:\ti\ccsv6\tools\compiler\arm_5.1.5\lib\</path>
         <kind>archive</kind>
         <file>rtsv7M4_T_le_v4SPD16_eabi.lib</file>
         <name>copy_decompress_rle.obj</name>
      </input_file>
      <input_file id="fl-137">
         <path>c:\ti\ccsv6\tools\compiler\arm_5.1.5\lib\</path>
         <kind>archive</kind>
         <file>rtsv7M4_T_le_v4SPD16_eabi.lib</file>
         <name>copy_zero_init.obj</name>
      </input_file>
      <input_file id="fl-138">
         <path>c:\ti\ccsv6\tools\compiler\arm_5.1.5\lib\</path>
         <kind>archive</kind>
         <file>rtsv7M4_T_le_v4SPD16_eabi.lib</file>
         <name>exit.obj</name>
      </input_file>
      <input_file id="fl-139">
         <path>c:\ti\ccsv6\tools\compiler\arm_5.1.5\lib\</path>
         <kind>archive</kind>
         <file>rtsv7M4_T_le_v4SPD16_eabi.lib</file>
         <name>memcpy_t2.obj</name>
      </input_file>
      <input_file id="fl-13a">
         <path>c:\ti\ccsv6\tools\compiler\arm_5.1.5\lib\</path>
         <kind>archive</kind>
         <file>rtsv7M4_T_le_v4SPD16_eabi.lib</file>
         <name>stkdepth_vars.obj</name>
      </input_file>
      <input_file id="fl-13b">
         <path>c:\ti\ccsv6\tools\compiler\arm_5.1.5\lib\</path>
         <kind>archive</kind>
         <file>rtsv7M4_T_le_v4SPD16_eabi.lib</file>
         <name>u_divt2.obj</name>
      </input_file>
      <input_file id="fl-13c">
         <path>c:\ti\ccsv6\tools\compiler\arm_5.1.5\lib\</path>
         <kind>archive</kind>
         <file>rtsv7M4_T_le_v4SPD16_eabi.lib</file>
         <name>_lock.obj</name>
      </input_file>
      <input_file id="fl-13d">
         <path>c:\ti\ccsv6\tools\compiler\arm_5.1.5\lib\</path>
         <kind>archive</kind>
         <file>rtsv7M4_T_le_v4SPD16_eabi.lib</file>
         <name>args_main.obj</name>
      </input_file>
      <input_file id="fl-13e">
         <path>c:\ti\ccsv6\tools\compiler\arm_5.1.5\lib\</path>
         <kind>archive</kind>
         <file>rtsv7M4_T_le_v4SPD16_eabi.lib</file>
         <name>auto_init.obj</name>
      </input_file>
      <input_file id="fl-13f">
         <path>c:\ti\ccsv6\tools\compiler\arm_5.1.5\lib\</path>
         <kind>archive</kind>
         <file>rtsv7M4_T_le_v4SPD16_eabi.lib</file>
         <name>cpy_tbl.obj</name>
      </input_file>
      <input_file id="fl-140">
         <path>C:\StellarisWare\driverlib\ccs-cm4f\Debug\</path>
         <kind>archive</kind>
         <file>driverlib-cm4f.lib</file>
         <name>timer.obj</name>
      </input_file>
      <input_file id="fl-141">
         <path>C:\StellarisWare\driverlib\ccs-cm4f\Debug\</path>
         <kind>archive</kind>
         <file>driverlib-cm4f.lib</file>
         <name>sysctl.obj</name>
      </input_file>
      <input_file id="fl-142">
         <path>C:\StellarisWare\driverlib\ccs-cm4f\Debug\</path>
         <kind>archive</kind>
         <file>driverlib-cm4f.lib</file>
         <name>ssi.obj</name>
      </input_file>
      <input_file id="fl-143">
         <path>C:\StellarisWare\driverlib\ccs-cm4f\Debug\</path>
         <kind>archive</kind>
         <file>driverlib-cm4f.lib</file>
         <name>interrupt.obj</name>
      </input_file>
      <input_file id="fl-144">
         <path>C:\StellarisWare\driverlib\ccs-cm4f\Debug\</path>
         <kind>archive</kind>
         <file>driverlib-cm4f.lib</file>
         <name>gpio.obj</name>
      </input_file>
      <input_file id="fl-145">
         <path>C:\StellarisWare\driverlib\ccs-cm4f\Debug\</path>
         <kind>archive</kind>
         <file>driverlib-cm4f.lib</file>
         <name>cpu.obj</name>
      </input_file>
      <input_file id="fl-146">
         <path>C:\StellarisWare\driverlib\ccs-cm4f\Debug\</path>
         <kind>archive</kind>
         <file>driverlib-cm4f.lib</file>
         <name>adc.obj</name>
      </input_file>
      <input_file id="fl-147">
         <path>c:\ti\ccsv6\..\..\StellarisWare\usblib\ccs-cm4f\Debug\</path>
         <kind>archive</kind>
         <file>usblib-cm4f.lib</file>
         <name>usbdhandler.obj</name>
      </input_file>
      <input_file id="fl-148">
         <path>c:\ti\ccsv6\..\..\StellarisWare\usblib\ccs-cm4f\Debug\</path>
         <kind>archive</kind>
         <file>usblib-cm4f.lib</file>
         <name>usbdenum.obj</name>
      </input_file>
      <input_file id="fl-149">
         <path>c:\ti\ccsv6\..\..\StellarisWare\usblib\ccs-cm4f\Debug\</path>
         <kind>archive</kind>
         <file>usblib-cm4f.lib</file>
         <name>usbdconfig.obj</name>
      </input_file>
      <input_file id="fl-14a">
         <path>c:\ti\ccsv6\..\..\StellarisWare\usblib\ccs-cm4f\Debug\</path>
         <kind>archive</kind>
         <file>usblib-cm4f.lib</file>
         <name>usbdcdesc.obj</name>
      </input_file>
      <input_file id="fl-14b">
         <path>c:\ti\ccsv6\..\..\StellarisWare\usblib\ccs-cm4f\Debug\</path>
         <kind>archive</kind>
         <file>usblib-cm4f.lib</file>
         <name>usbdbulk.obj</name>
      </input_file>
      <input_file id="fl-14c">
         <path>c:\ti\ccsv6\..\..\StellarisWare\usblib\ccs-cm4f\Debug\</path>
         <kind>archive</kind>
         <file>usblib-cm4f.lib</file>
         <name>usbtick.obj</name>
      </input_file>
      <input_file id="fl-14d">
         <path>c:\ti\ccsv6\..\..\StellarisWare\usblib\ccs-cm4f\Debug\</path>
         <kind>archive</kind>
         <file>usblib-cm4f.lib</file>
         <name>usbmode.obj</name>
      </input_file>
      <input_file id="fl-14e">
         <path>c:\ti\ccsv6\..\..\StellarisWare\usblib\ccs-cm4f\Debug\</path>
         <kind>archive</kind>
         <file>usblib-cm4f.lib</file>
         <name>usbdesc.obj</name>
      </input_file>
      <input_file id="fl-14f">
         <path>c:\ti\ccsv6\..\..\StellarisWare\usblib\ccs-cm4f\Debug\</path>
         <kind>archive</kind>
         <file>usblib-cm4f.lib</file>
         <name>usbbuffer.obj</name>
      </input_file>
      <input_file id="fl-150">
         <path>c:\ti\ccsv6\..\..\StellarisWare\usblib\ccs-cm4f\Debug\</path>
         <kind>archive</kind>
         <file>usblib-cm4f.lib</file>
         <name>usbhostenum.obj</name>
      </input_file>
      <input_file id="fl-151">
         <path>c:\ti\ccsv6\..\..\StellarisWare\usblib\ccs-cm4f\Debug\</path>
         <kind>archive</kind>
         <file>usblib-cm4f.lib</file>
         <name>usbhhub.obj</name>
      </input_file>
      <input_file id="fl-152">
         <path>c:\ti\ccsv6\..\..\StellarisWare\usblib\ccs-cm4f\Debug\</path>
         <kind>archive</kind>
         <file>usblib-cm4f.lib</file>
         <name>usbringbuf.obj</name>
      </input_file>
      <input_file id="fl-153">
         <path>C:\StellarisWare\driverlib\ccs-cm4f\Debug\</path>
         <kind>archive</kind>
         <file>driverlib-cm4f.lib</file>
         <name>usb.obj</name>
      </input_file>
      <input_file id="fl-154">
         <path>C:\StellarisWare\driverlib\ccs-cm4f\Debug\</path>
         <kind>archive</kind>
         <file>driverlib-cm4f.lib</file>
         <name>udma.obj</name>
      </input_file>
   </input_file_list>
   <object_component_list>
      <object_component id="oc-e">
         <name>.intvecs</name>
         <load_address>0x0</load_address>
         <run_address>0x0</run_address>
         <size>0x26c</size>
         <input_file_ref idref="fl-2"/>
      </object_component>
      <object_component id="oc-29">
         <name>.text</name>
         <load_address>0x26c</load_address>
         <run_address>0x26c</run_address>
         <size>0x33c</size>
         <input_file_ref idref="fl-3"/>
      </object_component>
      <object_component id="oc-1a8">
         <name>.text</name>
         <load_address>0x5a8</load_address>
         <run_address>0x5a8</run_address>
         <size>0x238</size>
         <input_file_ref idref="fl-4"/>
      </object_component>
      <object_component id="oc-99">
         <name>.text:SysCtlClockGet</name>
         <load_address>0x7e0</load_address>
         <run_address>0x7e0</run_address>
         <size>0x1d8</size>
         <input_file_ref idref="fl-141"/>
      </object_component>
      <object_component id="oc-3dc">
         <name>.text:USBDeviceConfig</name>
         <load_address>0x9b8</load_address>
         <run_address>0x9b8</run_address>
         <size>0x188</size>
         <input_file_ref idref="fl-149"/>
      </object_component>
      <object_component id="oc-2c7">
         <name>.text:USBDEP0StateTxConfig</name>
         <load_address>0xb40</load_address>
         <run_address>0xb40</run_address>
         <size>0x160</size>
         <input_file_ref idref="fl-148"/>
      </object_component>
      <object_component id="oc-65">
         <name>.text:SysCtlClockSet</name>
         <load_address>0xca0</load_address>
         <run_address>0xca0</run_address>
         <size>0x13c</size>
         <input_file_ref idref="fl-141"/>
      </object_component>
      <object_component id="oc-155">
         <name>.text:GPIOGetIntNumber</name>
         <load_address>0xddc</load_address>
         <run_address>0xddc</run_address>
         <size>0xfc</size>
         <input_file_ref idref="fl-144"/>
      </object_component>
      <object_component id="oc-195">
         <name>.text:USBDCDInit</name>
         <load_address>0xed8</load_address>
         <run_address>0xed8</run_address>
         <size>0xf4</size>
         <input_file_ref idref="fl-148"/>
      </object_component>
      <object_component id="oc-1e7">
         <name>.text:USBDeviceEnumHandler</name>
         <load_address>0xfcc</load_address>
         <run_address>0xfcc</run_address>
         <size>0xd4</size>
         <input_file_ref idref="fl-148"/>
      </object_component>
      <object_component id="oc-3a3">
         <name>.text:USBDGetDescriptor</name>
         <load_address>0x10a0</load_address>
         <run_address>0x10a0</run_address>
         <size>0xd0</size>
         <input_file_ref idref="fl-148"/>
      </object_component>
      <object_component id="oc-75">
         <name>.text:GPIOPadConfigSet</name>
         <load_address>0x1170</load_address>
         <run_address>0x1170</run_address>
         <size>0xc8</size>
         <input_file_ref idref="fl-144"/>
      </object_component>
      <object_component id="oc-3ea">
         <name>.text:USBDeviceConfigAlternate</name>
         <load_address>0x1238</load_address>
         <run_address>0x1238</run_address>
         <size>0xbc</size>
         <input_file_ref idref="fl-149"/>
      </object_component>
      <object_component id="oc-119">
         <name>.text:USBDeviceIntHandlerInternal</name>
         <load_address>0x12f4</load_address>
         <run_address>0x12f4</run_address>
         <size>0xa4</size>
         <input_file_ref idref="fl-148"/>
      </object_component>
      <object_component id="oc-46">
         <name>.text</name>
         <load_address>0x1398</load_address>
         <run_address>0x1398</run_address>
         <size>0x9c</size>
         <input_file_ref idref="fl-139"/>
      </object_component>
      <object_component id="oc-24f">
         <name>.text:SysCtlPeripheralReset</name>
         <load_address>0x1434</load_address>
         <run_address>0x1434</run_address>
         <size>0x94</size>
         <input_file_ref idref="fl-141"/>
      </object_component>
      <object_component id="oc-35">
         <name>.text</name>
         <load_address>0x14c8</load_address>
         <run_address>0x14c8</run_address>
         <size>0x94</size>
         <input_file_ref idref="fl-13e"/>
      </object_component>
      <object_component id="oc-397">
         <name>.text:USBDClearFeature</name>
         <load_address>0x155c</load_address>
         <run_address>0x155c</run_address>
         <size>0x84</size>
         <input_file_ref idref="fl-148"/>
      </object_component>
      <object_component id="oc-3af">
         <name>.text:USBDSetConfiguration</name>
         <load_address>0x15e0</load_address>
         <run_address>0x15e0</run_address>
         <size>0x84</size>
         <input_file_ref idref="fl-148"/>
      </object_component>
      <object_component id="oc-3b7">
         <name>.text:USBDSetInterface</name>
         <load_address>0x1664</load_address>
         <run_address>0x1664</run_address>
         <size>0x84</size>
         <input_file_ref idref="fl-148"/>
      </object_component>
      <object_component id="oc-393">
         <name>.text:USBDGetStatus</name>
         <load_address>0x16e8</load_address>
         <run_address>0x16e8</run_address>
         <size>0x78</size>
         <input_file_ref idref="fl-148"/>
      </object_component>
      <object_component id="oc-401">
         <name>.text:USBDevEndpointConfigSet</name>
         <load_address>0x1760</load_address>
         <run_address>0x1760</run_address>
         <size>0x76</size>
         <input_file_ref idref="fl-153"/>
      </object_component>
      <object_component id="oc-191">
         <name>.text:USBDBulkCompositeInit</name>
         <load_address>0x17d8</load_address>
         <run_address>0x17d8</run_address>
         <size>0x70</size>
         <input_file_ref idref="fl-14b"/>
      </object_component>
      <object_component id="oc-cd">
         <name>.text:ADCSequenceStepConfigure</name>
         <load_address>0x1848</load_address>
         <run_address>0x1848</run_address>
         <size>0x6c</size>
         <input_file_ref idref="fl-146"/>
      </object_component>
      <object_component id="oc-39b">
         <name>.text:USBDSetFeature</name>
         <load_address>0x18b4</load_address>
         <run_address>0x18b4</run_address>
         <size>0x6c</size>
         <input_file_ref idref="fl-148"/>
      </object_component>
      <object_component id="oc-277">
         <name>.text:USBDBulkPacketRead</name>
         <load_address>0x1920</load_address>
         <run_address>0x1920</run_address>
         <size>0x68</size>
         <input_file_ref idref="fl-14b"/>
      </object_component>
      <object_component id="oc-2cb">
         <name>.text:USBDEP0StateTx</name>
         <load_address>0x1988</load_address>
         <run_address>0x1988</run_address>
         <size>0x68</size>
         <input_file_ref idref="fl-148"/>
      </object_component>
      <object_component id="oc-8d">
         <name>.text:IntEnable</name>
         <load_address>0x19f0</load_address>
         <run_address>0x19f0</run_address>
         <size>0x64</size>
         <input_file_ref idref="fl-143"/>
      </object_component>
      <object_component id="oc-2b3">
         <name>.text:USBDevEndpointStatusClear</name>
         <load_address>0x1a54</load_address>
         <run_address>0x1a54</run_address>
         <size>0x5e</size>
         <input_file_ref idref="fl-153"/>
      </object_component>
      <object_component id="oc-58">
         <name>.text</name>
         <load_address>0x1ab2</load_address>
         <run_address>0x1ab2</run_address>
         <size>0x5e</size>
         <input_file_ref idref="fl-136"/>
      </object_component>
      <object_component id="oc-36a">
         <name>.text:ProcessDataFromHost</name>
         <load_address>0x1b10</load_address>
         <run_address>0x1b10</run_address>
         <size>0x5c</size>
         <input_file_ref idref="fl-14b"/>
      </object_component>
      <object_component id="oc-69">
         <name>.text:SysCtlPeripheralEnable</name>
         <load_address>0x1b6c</load_address>
         <run_address>0x1b6c</run_address>
         <size>0x58</size>
         <input_file_ref idref="fl-141"/>
      </object_component>
      <object_component id="oc-2c3">
         <name>.text:USBDReadAndDispatchRequest</name>
         <load_address>0x1bc4</load_address>
         <run_address>0x1bc4</run_address>
         <size>0x58</size>
         <input_file_ref idref="fl-148"/>
      </object_component>
      <object_component id="oc-3d5">
         <name>.text:USBDStringIndexFromRequest</name>
         <load_address>0x1c1c</load_address>
         <run_address>0x1c1c</run_address>
         <size>0x58</size>
         <input_file_ref idref="fl-148"/>
      </object_component>
      <object_component id="oc-3fd">
         <name>.text:GetEPDescriptorType</name>
         <load_address>0x1c74</load_address>
         <run_address>0x1c74</run_address>
         <size>0x54</size>
         <input_file_ref idref="fl-149"/>
      </object_component>
      <object_component id="oc-3f5">
         <name>.text:USBDCDConfigDescGet</name>
         <load_address>0x1cc8</load_address>
         <run_address>0x1cc8</run_address>
         <size>0x50</size>
         <input_file_ref idref="fl-14a"/>
      </object_component>
      <object_component id="oc-3ce">
         <name>.text:USBDevEndpointStallClear</name>
         <load_address>0x1d18</load_address>
         <run_address>0x1d18</run_address>
         <size>0x50</size>
         <input_file_ref idref="fl-153"/>
      </object_component>
      <object_component id="oc-414">
         <name>.text:ConfigAlternateInterfaceGet</name>
         <load_address>0x1d68</load_address>
         <run_address>0x1d68</run_address>
         <size>0x4e</size>
         <input_file_ref idref="fl-14a"/>
      </object_component>
      <object_component id="oc-27b">
         <name>.text:USBDBulkPacketWrite</name>
         <load_address>0x1db6</load_address>
         <run_address>0x1db6</run_address>
         <size>0x4a</size>
         <input_file_ref idref="fl-14b"/>
      </object_component>
      <object_component id="oc-91">
         <name>.text:GPIOPinConfigure</name>
         <load_address>0x1e00</load_address>
         <run_address>0x1e00</run_address>
         <size>0x48</size>
         <input_file_ref idref="fl-144"/>
      </object_component>
      <object_component id="oc-1db">
         <name>.text:USBDeviceResumeTickHandler</name>
         <load_address>0x1e48</load_address>
         <run_address>0x1e48</run_address>
         <size>0x48</size>
         <input_file_ref idref="fl-148"/>
      </object_component>
      <object_component id="oc-10">
         <name>.text</name>
         <load_address>0x1e90</load_address>
         <run_address>0x1e90</run_address>
         <size>0x48</size>
         <input_file_ref idref="fl-134"/>
      </object_component>
      <object_component id="oc-409">
         <name>.text:USBFIFOConfigSet</name>
         <load_address>0x1ed8</load_address>
         <run_address>0x1ed8</run_address>
         <size>0x46</size>
         <input_file_ref idref="fl-153"/>
      </object_component>
      <object_component id="oc-81">
         <name>.text:GPIOIntTypeSet</name>
         <load_address>0x1f1e</load_address>
         <run_address>0x1f1e</run_address>
         <size>0x44</size>
         <input_file_ref idref="fl-144"/>
      </object_component>
      <object_component id="oc-9d">
         <name>.text:SSIConfigSetExpClk</name>
         <load_address>0x1f62</load_address>
         <run_address>0x1f62</run_address>
         <size>0x44</size>
         <input_file_ref idref="fl-142"/>
      </object_component>
      <object_component id="oc-3b3">
         <name>.text:USBDGetInterface</name>
         <load_address>0x1fa8</load_address>
         <run_address>0x1fa8</run_address>
         <size>0x44</size>
         <input_file_ref idref="fl-148"/>
      </object_component>
      <object_component id="oc-2bb">
         <name>.text:USBEndpointDataGet</name>
         <load_address>0x1fec</load_address>
         <run_address>0x1fec</run_address>
         <size>0x44</size>
         <input_file_ref idref="fl-153"/>
      </object_component>
      <object_component id="oc-125">
         <name>.text</name>
         <load_address>0x2030</load_address>
         <run_address>0x2030</run_address>
         <size>0x44</size>
         <input_file_ref idref="fl-13f"/>
      </object_component>
      <object_component id="oc-3e">
         <name>.text</name>
         <load_address>0x2074</load_address>
         <run_address>0x2074</run_address>
         <size>0x44</size>
         <input_file_ref idref="fl-138"/>
      </object_component>
      <object_component id="oc-405">
         <name>.text:GetEndpointFIFOSize</name>
         <load_address>0x20b8</load_address>
         <run_address>0x20b8</run_address>
         <size>0x3e</size>
         <input_file_ref idref="fl-149"/>
      </object_component>
      <object_component id="oc-3f9">
         <name>.text:USBDCDConfigGetInterfaceEndpoint</name>
         <load_address>0x20f6</load_address>
         <run_address>0x20f6</run_address>
         <size>0x3a</size>
         <input_file_ref idref="fl-14a"/>
      </object_component>
      <object_component id="oc-3ab">
         <name>.text:USBDGetConfiguration</name>
         <load_address>0x2130</load_address>
         <run_address>0x2130</run_address>
         <size>0x38</size>
         <input_file_ref idref="fl-148"/>
      </object_component>
      <object_component id="oc-115">
         <name>.text:USBIntStatusControl</name>
         <load_address>0x2168</load_address>
         <run_address>0x2168</run_address>
         <size>0x38</size>
         <input_file_ref idref="fl-153"/>
      </object_component>
      <object_component id="oc-41f">
         <name>.text:NextConfigDescGet</name>
         <load_address>0x21a0</load_address>
         <run_address>0x21a0</run_address>
         <size>0x36</size>
         <input_file_ref idref="fl-14a"/>
      </object_component>
      <object_component id="oc-38c">
         <name>.text:USBDevEndpointStall</name>
         <load_address>0x21d6</load_address>
         <run_address>0x21d6</run_address>
         <size>0x36</size>
         <input_file_ref idref="fl-153"/>
      </object_component>
      <object_component id="oc-159">
         <name>.text:IntRegister</name>
         <load_address>0x220c</load_address>
         <run_address>0x220c</run_address>
         <size>0x34</size>
         <input_file_ref idref="fl-143"/>
      </object_component>
      <object_component id="oc-1df">
         <name>.text:InternalUSBStartOfFrameTick</name>
         <load_address>0x2240</load_address>
         <run_address>0x2240</run_address>
         <size>0x34</size>
         <input_file_ref idref="fl-14c"/>
      </object_component>
      <object_component id="oc-1d7">
         <name>.text:USBDeviceEnumResetHandler</name>
         <load_address>0x2274</load_address>
         <run_address>0x2274</run_address>
         <size>0x32</size>
         <input_file_ref idref="fl-148"/>
      </object_component>
      <object_component id="oc-2ff">
         <name>.text:HandleEndpoints</name>
         <load_address>0x22a6</load_address>
         <run_address>0x22a6</run_address>
         <size>0x30</size>
         <input_file_ref idref="fl-14b"/>
      </object_component>
      <object_component id="oc-23e">
         <name>.text:InternalUSBTickInit</name>
         <load_address>0x22d8</load_address>
         <run_address>0x22d8</run_address>
         <size>0x30</size>
         <input_file_ref idref="fl-14c"/>
      </object_component>
      <object_component id="oc-31c">
         <name>.text:USBEndpointDataPut</name>
         <load_address>0x2308</load_address>
         <run_address>0x2308</run_address>
         <size>0x30</size>
         <input_file_ref idref="fl-153"/>
      </object_component>
      <object_component id="oc-71">
         <name>.text:GPIODirModeSet</name>
         <load_address>0x2338</load_address>
         <run_address>0x2338</run_address>
         <size>0x2e</size>
         <input_file_ref idref="fl-144"/>
      </object_component>
      <object_component id="oc-320">
         <name>.text:USBEndpointDataSend</name>
         <load_address>0x2366</load_address>
         <run_address>0x2366</run_address>
         <size>0x2e</size>
         <input_file_ref idref="fl-153"/>
      </object_component>
      <object_component id="oc-242">
         <name>.text:InternalUSBRegisterTickHandler</name>
         <load_address>0x2394</load_address>
         <run_address>0x2394</run_address>
         <size>0x2c</size>
         <input_file_ref idref="fl-14c"/>
      </object_component>
      <object_component id="oc-36e">
         <name>.text:ProcessDataToHost</name>
         <load_address>0x23c0</load_address>
         <run_address>0x23c0</run_address>
         <size>0x2c</size>
         <input_file_ref idref="fl-14b"/>
      </object_component>
      <object_component id="oc-3e2">
         <name>.text:USBDCDConfigDescGetNum</name>
         <load_address>0x23ec</load_address>
         <run_address>0x23ec</run_address>
         <size>0x2c</size>
         <input_file_ref idref="fl-14a"/>
      </object_component>
      <object_component id="oc-41a">
         <name>.text:USBDescGet</name>
         <load_address>0x2418</load_address>
         <run_address>0x2418</run_address>
         <size>0x2c</size>
         <input_file_ref idref="fl-14e"/>
      </object_component>
      <object_component id="oc-c9">
         <name>.text:ADCSequenceConfigure</name>
         <load_address>0x2444</load_address>
         <run_address>0x2444</run_address>
         <size>0x2a</size>
         <input_file_ref idref="fl-146"/>
      </object_component>
      <object_component id="oc-303">
         <name>.text:HandleDevice</name>
         <load_address>0x246e</load_address>
         <run_address>0x246e</run_address>
         <size>0x2a</size>
         <input_file_ref idref="fl-14b"/>
      </object_component>
      <object_component id="oc-bd">
         <name>.text:ADCIntRegister</name>
         <load_address>0x2498</load_address>
         <run_address>0x2498</run_address>
         <size>0x28</size>
         <input_file_ref idref="fl-146"/>
      </object_component>
      <object_component id="oc-a5">
         <name>.text:TimerConfigure</name>
         <load_address>0x24c0</load_address>
         <run_address>0x24c0</run_address>
         <size>0x28</size>
         <input_file_ref idref="fl-140"/>
      </object_component>
      <object_component id="oc-40f">
         <name>.text:USBDescGetNum</name>
         <load_address>0x24e8</load_address>
         <run_address>0x24e8</run_address>
         <size>0x28</size>
         <input_file_ref idref="fl-14e"/>
      </object_component>
      <object_component id="oc-25f">
         <name>.text:USBIntEnableControl</name>
         <load_address>0x2510</load_address>
         <run_address>0x2510</run_address>
         <size>0x28</size>
         <input_file_ref idref="fl-153"/>
      </object_component>
      <object_component id="oc-39f">
         <name>.text:USBDSetAddress</name>
         <load_address>0x2538</load_address>
         <run_address>0x2538</run_address>
         <size>0x24</size>
         <input_file_ref idref="fl-148"/>
      </object_component>
      <object_component id="oc-2bf">
         <name>.text:USBDevEndpointDataAck</name>
         <load_address>0x255c</load_address>
         <run_address>0x255c</run_address>
         <size>0x24</size>
         <input_file_ref idref="fl-153"/>
      </object_component>
      <object_component id="oc-24a">
         <name>.text:BulkTickHandler</name>
         <load_address>0x2580</load_address>
         <run_address>0x2580</run_address>
         <size>0x22</size>
         <input_file_ref idref="fl-14b"/>
      </object_component>
      <object_component id="oc-e9">
         <name>.text:ADCSequenceDataGet</name>
         <load_address>0x25a2</load_address>
         <run_address>0x25a2</run_address>
         <size>0x20</size>
         <input_file_ref idref="fl-146"/>
      </object_component>
      <object_component id="oc-b1">
         <name>.text:SysCtlADCSpeedSet</name>
         <load_address>0x25c4</load_address>
         <run_address>0x25c4</run_address>
         <size>0x20</size>
         <input_file_ref idref="fl-141"/>
      </object_component>
      <object_component id="oc-dd">
         <name>.text:USBStackModeSet</name>
         <load_address>0x25e4</load_address>
         <run_address>0x25e4</run_address>
         <size>0x20</size>
         <input_file_ref idref="fl-14d"/>
      </object_component>
      <object_component id="oc-338">
         <name>.text:USBDBulkRxPacketAvailable</name>
         <load_address>0x2604</load_address>
         <run_address>0x2604</run_address>
         <size>0x1e</size>
         <input_file_ref idref="fl-14b"/>
      </object_component>
      <object_component id="oc-30b">
         <name>.text:USBEndpointDataAvail</name>
         <load_address>0x2622</load_address>
         <run_address>0x2622</run_address>
         <size>0x1e</size>
         <input_file_ref idref="fl-153"/>
      </object_component>
      <object_component id="oc-2ef">
         <name>.text:HandleConfigChange</name>
         <load_address>0x2640</load_address>
         <run_address>0x2640</run_address>
         <size>0x1c</size>
         <input_file_ref idref="fl-14b"/>
      </object_component>
      <object_component id="oc-2fb">
         <name>.text:HandleDisconnect</name>
         <load_address>0x265c</load_address>
         <run_address>0x265c</run_address>
         <size>0x1c</size>
         <input_file_ref idref="fl-14b"/>
      </object_component>
      <object_component id="oc-317">
         <name>.text:SetDeferredOpFlag</name>
         <load_address>0x2678</load_address>
         <run_address>0x2678</run_address>
         <size>0x1c</size>
         <input_file_ref idref="fl-14b"/>
      </object_component>
      <object_component id="oc-e1">
         <name>.text:USBDBulkInit</name>
         <load_address>0x2694</load_address>
         <run_address>0x2694</run_address>
         <size>0x1c</size>
         <input_file_ref idref="fl-14b"/>
      </object_component>
      <object_component id="oc-3e6">
         <name>.text:USBDCDConfigGetInterface</name>
         <load_address>0x26b0</load_address>
         <run_address>0x26b0</run_address>
         <size>0x1c</size>
         <input_file_ref idref="fl-14a"/>
      </object_component>
      <object_component id="oc-355">
         <name>.text:USBDCDStallEP0</name>
         <load_address>0x26cc</load_address>
         <run_address>0x26cc</run_address>
         <size>0x1c</size>
         <input_file_ref idref="fl-148"/>
      </object_component>
      <object_component id="oc-7d">
         <name>.text:GPIOPortIntRegister</name>
         <load_address>0x26e8</load_address>
         <run_address>0x26e8</run_address>
         <size>0x18</size>
         <input_file_ref idref="fl-144"/>
      </object_component>
      <object_component id="oc-ad">
         <name>.text:TimerControlTrigger</name>
         <load_address>0x2700</load_address>
         <run_address>0x2700</run_address>
         <size>0x18</size>
         <input_file_ref idref="fl-140"/>
      </object_component>
      <object_component id="oc-2e">
         <name>.text:USB0DeviceIntHandler</name>
         <load_address>0x2718</load_address>
         <run_address>0x2718</run_address>
         <size>0x18</size>
         <input_file_ref idref="fl-147"/>
      </object_component>
      <object_component id="oc-35e">
         <name>.text:USBDCDConfigDescGetSize</name>
         <load_address>0x2730</load_address>
         <run_address>0x2730</run_address>
         <size>0x18</size>
         <input_file_ref idref="fl-14a"/>
      </object_component>
      <object_component id="oc-3a7">
         <name>.text:USBDSetDescriptor</name>
         <load_address>0x2748</load_address>
         <run_address>0x2748</run_address>
         <size>0x18</size>
         <input_file_ref idref="fl-148"/>
      </object_component>
      <object_component id="oc-3bb">
         <name>.text:USBDSyncFrame</name>
         <load_address>0x2760</load_address>
         <run_address>0x2760</run_address>
         <size>0x18</size>
         <input_file_ref idref="fl-148"/>
      </object_component>
      <object_component id="oc-39">
         <name>.text</name>
         <load_address>0x2778</load_address>
         <run_address>0x2778</run_address>
         <size>0x18</size>
         <input_file_ref idref="fl-13d"/>
      </object_component>
      <object_component id="oc-2a5">
         <name>.text:USBHostResume</name>
         <load_address>0x2790</load_address>
         <run_address>0x2790</run_address>
         <size>0x16</size>
         <input_file_ref idref="fl-153"/>
      </object_component>
      <object_component id="oc-427">
         <name>.text:USBIndexWrite</name>
         <load_address>0x27a6</load_address>
         <run_address>0x27a6</run_address>
         <size>0x16</size>
         <input_file_ref idref="fl-153"/>
      </object_component>
      <object_component id="oc-263">
         <name>.text:USBIntEnableEndpoint</name>
         <load_address>0x27bc</load_address>
         <run_address>0x27bc</run_address>
         <size>0x14</size>
         <input_file_ref idref="fl-153"/>
      </object_component>
      <object_component id="oc-325">
         <name>.text:USBRingBufFlush</name>
         <load_address>0x27d0</load_address>
         <run_address>0x27d0</run_address>
         <size>0x14</size>
         <input_file_ref idref="fl-152"/>
      </object_component>
      <object_component id="oc-1ff">
         <name>.text</name>
         <load_address>0x27e4</load_address>
         <run_address>0x27e4</run_address>
         <size>0x14</size>
         <input_file_ref idref="fl-13c"/>
      </object_component>
      <object_component id="oc-79">
         <name>.text:GPIOPinTypeADC</name>
         <load_address>0x27f8</load_address>
         <run_address>0x27f8</run_address>
         <size>0x12</size>
         <input_file_ref idref="fl-144"/>
      </object_component>
      <object_component id="oc-6d">
         <name>.text:GPIOPinTypeGPIOOutput</name>
         <load_address>0x280a</load_address>
         <run_address>0x280a</run_address>
         <size>0x12</size>
         <input_file_ref idref="fl-144"/>
      </object_component>
      <object_component id="oc-95">
         <name>.text:GPIOPinTypeSSI</name>
         <load_address>0x281c</load_address>
         <run_address>0x281c</run_address>
         <size>0x12</size>
         <input_file_ref idref="fl-144"/>
      </object_component>
      <object_component id="oc-d9">
         <name>.text:GPIOPinTypeUSBAnalog</name>
         <load_address>0x282e</load_address>
         <run_address>0x282e</run_address>
         <size>0x12</size>
         <input_file_ref idref="fl-144"/>
      </object_component>
      <object_component id="oc-2f7">
         <name>.text:HandleResume</name>
         <load_address>0x2840</load_address>
         <run_address>0x2840</run_address>
         <size>0x12</size>
         <input_file_ref idref="fl-14b"/>
      </object_component>
      <object_component id="oc-2f3">
         <name>.text:HandleSuspend</name>
         <load_address>0x2852</load_address>
         <run_address>0x2852</run_address>
         <size>0x12</size>
         <input_file_ref idref="fl-14b"/>
      </object_component>
      <object_component id="oc-a9">
         <name>.text:TimerLoadSet</name>
         <load_address>0x2864</load_address>
         <run_address>0x2864</run_address>
         <size>0x12</size>
         <input_file_ref idref="fl-140"/>
      </object_component>
      <object_component id="oc-2af">
         <name>.text:USBEndpointStatus</name>
         <load_address>0x2876</load_address>
         <run_address>0x2876</run_address>
         <size>0x12</size>
         <input_file_ref idref="fl-153"/>
      </object_component>
      <object_component id="oc-19">
         <name>.text:decompress:ZI</name>
         <load_address>0x2888</load_address>
         <run_address>0x2888</run_address>
         <size>0x12</size>
         <input_file_ref idref="fl-137"/>
      </object_component>
      <object_component id="oc-c1">
         <name>.text:ADCIntEnable</name>
         <load_address>0x289a</load_address>
         <run_address>0x289a</run_address>
         <size>0x10</size>
         <input_file_ref idref="fl-146"/>
      </object_component>
      <object_component id="oc-253">
         <name>.text:SysCtlUSBPLLEnable</name>
         <load_address>0x28ac</load_address>
         <run_address>0x28ac</run_address>
         <size>0x10</size>
         <input_file_ref idref="fl-141"/>
      </object_component>
      <object_component id="oc-32f">
         <name>.text:USBDBulkTxPacketAvailable</name>
         <load_address>0x28bc</load_address>
         <run_address>0x28bc</run_address>
         <size>0x10</size>
         <input_file_ref idref="fl-14b"/>
      </object_component>
      <object_component id="oc-b9">
         <name>.text:ADCSequenceDisable</name>
         <load_address>0x28cc</load_address>
         <run_address>0x28cc</run_address>
         <size>0xe</size>
         <input_file_ref idref="fl-146"/>
      </object_component>
      <object_component id="oc-d5">
         <name>.text:ADCSequenceEnable</name>
         <load_address>0x28da</load_address>
         <run_address>0x28da</run_address>
         <size>0xe</size>
         <input_file_ref idref="fl-146"/>
      </object_component>
      <object_component id="oc-f5">
         <name>.text:GPIOPinIntDisable</name>
         <load_address>0x28e8</load_address>
         <run_address>0x28e8</run_address>
         <size>0xe</size>
         <input_file_ref idref="fl-144"/>
      </object_component>
      <object_component id="oc-f1">
         <name>.text:TimerEnable</name>
         <load_address>0x28f6</load_address>
         <run_address>0x28f6</run_address>
         <size>0xe</size>
         <input_file_ref idref="fl-140"/>
      </object_component>
      <object_component id="oc-14">
         <name>.text:decompress:none</name>
         <load_address>0x2904</load_address>
         <run_address>0x2904</run_address>
         <size>0xe</size>
         <input_file_ref idref="fl-135"/>
      </object_component>
      <object_component id="oc-b5">
         <name>.text:ADCReferenceSet</name>
         <load_address>0x2912</load_address>
         <run_address>0x2912</run_address>
         <size>0xc</size>
         <input_file_ref idref="fl-146"/>
      </object_component>
      <object_component id="oc-3c5">
         <name>.text:CPUcpsid</name>
         <load_address>0x291e</load_address>
         <run_address>0x291e</run_address>
         <size>0xc</size>
         <input_file_ref idref="fl-145"/>
      </object_component>
      <object_component id="oc-19b">
         <name>.text:CPUcpsie</name>
         <load_address>0x292a</load_address>
         <run_address>0x292a</run_address>
         <size>0xc</size>
         <input_file_ref idref="fl-145"/>
      </object_component>
      <object_component id="oc-85">
         <name>.text:GPIOPinIntEnable</name>
         <load_address>0x2936</load_address>
         <run_address>0x2936</run_address>
         <size>0xc</size>
         <input_file_ref idref="fl-144"/>
      </object_component>
      <object_component id="oc-1e3">
         <name>.text:USBIntStatusEndpoint</name>
         <load_address>0x2942</load_address>
         <run_address>0x2942</run_address>
         <size>0xc</size>
         <input_file_ref idref="fl-153"/>
      </object_component>
      <object_component id="oc-24">
         <name>.text</name>
         <load_address>0x294e</load_address>
         <run_address>0x294e</run_address>
         <size>0xc</size>
         <input_file_ref idref="fl-2"/>
      </object_component>
      <object_component id="oc-c5">
         <name>.text:ADCIntClear</name>
         <load_address>0x295a</load_address>
         <run_address>0x295a</run_address>
         <size>0xa</size>
         <input_file_ref idref="fl-146"/>
      </object_component>
      <object_component id="oc-ed">
         <name>.text:GPIOPinWrite</name>
         <load_address>0x2964</load_address>
         <run_address>0x2964</run_address>
         <size>0xa</size>
         <input_file_ref idref="fl-144"/>
      </object_component>
      <object_component id="oc-37a">
         <name>.text:IntMasterDisable</name>
         <load_address>0x296e</load_address>
         <run_address>0x296e</run_address>
         <size>0xa</size>
         <input_file_ref idref="fl-143"/>
      </object_component>
      <object_component id="oc-e5">
         <name>.text:IntMasterEnable</name>
         <load_address>0x2978</load_address>
         <run_address>0x2978</run_address>
         <size>0xa</size>
         <input_file_ref idref="fl-143"/>
      </object_component>
      <object_component id="oc-fa">
         <name>.text:SSIDataPut</name>
         <load_address>0x2982</load_address>
         <run_address>0x2982</run_address>
         <size>0xa</size>
         <input_file_ref idref="fl-142"/>
      </object_component>
      <object_component id="oc-a1">
         <name>.text:SSIEnable</name>
         <load_address>0x298c</load_address>
         <run_address>0x298c</run_address>
         <size>0xa</size>
         <input_file_ref idref="fl-142"/>
      </object_component>
      <object_component id="oc-267">
         <name>.text:USBDevConnect</name>
         <load_address>0x2996</load_address>
         <run_address>0x2996</run_address>
         <size>0xa</size>
         <input_file_ref idref="fl-153"/>
      </object_component>
      <object_component id="oc-1eb">
         <name>.text:USBDevDisconnect</name>
         <load_address>0x29a0</load_address>
         <run_address>0x29a0</run_address>
         <size>0xa</size>
         <input_file_ref idref="fl-153"/>
      </object_component>
      <object_component id="oc-fe">
         <name>.text:SSIBusy</name>
         <load_address>0x29aa</load_address>
         <run_address>0x29aa</run_address>
         <size>0x8</size>
         <input_file_ref idref="fl-142"/>
      </object_component>
      <object_component id="oc-25b">
         <name>.text:USBDevMode</name>
         <load_address>0x29b2</load_address>
         <run_address>0x29b2</run_address>
         <size>0x8</size>
         <input_file_ref idref="fl-153"/>
      </object_component>
      <object_component id="oc-257">
         <name>.text:USBOTGMode</name>
         <load_address>0x29ba</load_address>
         <run_address>0x29ba</run_address>
         <size>0x8</size>
         <input_file_ref idref="fl-153"/>
      </object_component>
      <object_component id="oc-89">
         <name>.text:GPIOPinIntClear</name>
         <load_address>0x29c2</load_address>
         <run_address>0x29c2</run_address>
         <size>0x6</size>
         <input_file_ref idref="fl-144"/>
      </object_component>
      <object_component id="oc-f9">
         <name>.text:SysCtlDelay</name>
         <load_address>0x29c8</load_address>
         <run_address>0x29c8</run_address>
         <size>0x6</size>
         <input_file_ref idref="fl-141"/>
      </object_component>
      <object_component id="oc-27f">
         <name>.text:USBBufferFlush</name>
         <load_address>0x29ce</load_address>
         <run_address>0x29ce</run_address>
         <size>0x6</size>
         <input_file_ref idref="fl-14f"/>
      </object_component>
      <object_component id="oc-1e">
         <name>.text:decompress:rle24</name>
         <load_address>0x29d4</load_address>
         <run_address>0x29d4</run_address>
         <size>0x6</size>
         <input_file_ref idref="fl-136"/>
      </object_component>
      <object_component id="oc-d1">
         <name>.text:ADCPhaseDelaySet</name>
         <load_address>0x29da</load_address>
         <run_address>0x29da</run_address>
         <size>0x4</size>
         <input_file_ref idref="fl-146"/>
      </object_component>
      <object_component id="oc-2b7">
         <name>.text:USBDevAddrSet</name>
         <load_address>0x29de</load_address>
         <run_address>0x29de</run_address>
         <size>0x4</size>
         <input_file_ref idref="fl-153"/>
      </object_component>
      <object_component id="oc-165">
         <name>.const:g_pulGPIOBaseAddrs</name>
         <load_address>0x29e4</load_address>
         <run_address>0x29e4</run_address>
         <size>0x78</size>
         <input_file_ref idref="fl-144"/>
      </object_component>
      <object_component id="oc-307">
         <name>.const:g_sUSBDefaultFIFOConfig</name>
         <load_address>0x2a5c</load_address>
         <run_address>0x2a5c</run_address>
         <size>0x78</size>
         <input_file_ref idref="fl-148"/>
      </object_component>
      <object_component id="oc-161">
         <name>.const</name>
         <load_address>0x2ad4</load_address>
         <run_address>0x2ad4</run_address>
         <size>0x70</size>
         <input_file_ref idref="fl-143"/>
      </object_component>
      <object_component id="oc-169">
         <name>.const:g_pulXtals</name>
         <load_address>0x2b44</load_address>
         <run_address>0x2b44</run_address>
         <size>0x6c</size>
         <input_file_ref idref="fl-141"/>
      </object_component>
      <object_component id="oc-14d">
         <name>.const</name>
         <load_address>0x2bb0</load_address>
         <run_address>0x2bb0</run_address>
         <size>0x40</size>
         <input_file_ref idref="fl-141"/>
      </object_component>
      <object_component id="oc-35b">
         <name>.const:g_psUSBDStdRequests</name>
         <load_address>0x2bf0</load_address>
         <run_address>0x2bf0</run_address>
         <size>0x34</size>
         <input_file_ref idref="fl-148"/>
      </object_component>
      <object_component id="oc-2eb">
         <name>.const</name>
         <load_address>0x2c24</load_address>
         <run_address>0x2c24</run_address>
         <size>0x34</size>
         <input_file_ref idref="fl-14b"/>
      </object_component>
      <object_component id="oc-299">
         <name>.const:.string:g_pConfigString</name>
         <load_address>0x2c58</load_address>
         <run_address>0x2c58</run_address>
         <size>0x30</size>
         <input_file_ref idref="fl-4"/>
      </object_component>
      <object_component id="oc-297">
         <name>.const:.string:g_pDataInterfaceString</name>
         <load_address>0x2c88</load_address>
         <run_address>0x2c88</run_address>
         <size>0x28</size>
         <input_file_ref idref="fl-4"/>
      </object_component>
      <object_component id="oc-295">
         <name>.const:.string:g_pProductString</name>
         <load_address>0x2cb0</load_address>
         <run_address>0x2cb0</run_address>
         <size>0x28</size>
         <input_file_ref idref="fl-4"/>
      </object_component>
      <object_component id="oc-293">
         <name>.const:.string:g_pManufacturerString</name>
         <load_address>0x2cd8</load_address>
         <run_address>0x2cd8</run_address>
         <size>0x24</size>
         <input_file_ref idref="fl-4"/>
      </object_component>
      <object_component id="oc-104">
         <name>.const:g_sBulkDevice</name>
         <load_address>0x2cfc</load_address>
         <run_address>0x2cfc</run_address>
         <size>0x24</size>
         <input_file_ref idref="fl-4"/>
      </object_component>
      <object_component id="oc-28a">
         <name>.const:g_sRxBuffer</name>
         <load_address>0x2d20</load_address>
         <run_address>0x2d20</run_address>
         <size>0x24</size>
         <input_file_ref idref="fl-4"/>
      </object_component>
      <object_component id="oc-288">
         <name>.const:g_sTxBuffer</name>
         <load_address>0x2d44</load_address>
         <run_address>0x2d44</run_address>
         <size>0x24</size>
         <input_file_ref idref="fl-4"/>
      </object_component>
      <object_component id="oc-1b1">
         <name>.const</name>
         <load_address>0x2d68</load_address>
         <run_address>0x2d68</run_address>
         <size>0x18</size>
         <input_file_ref idref="fl-4"/>
      </object_component>
      <object_component id="oc-291">
         <name>.const:.string</name>
         <load_address>0x2d80</load_address>
         <run_address>0x2d80</run_address>
         <size>0x16</size>
         <input_file_ref idref="fl-4"/>
      </object_component>
      <object_component id="oc-457">
         <name>.cinit..data.load</name>
         <load_address>0x2d98</load_address>
         <run_address>0x2d98</run_address>
         <size>0x77</size>
      </object_component>
      <object_component id="oc-454">
         <name>__TI_handler_table</name>
         <load_address>0x2e10</load_address>
         <run_address>0x2e10</run_address>
         <size>0xc</size>
      </object_component>
      <object_component id="oc-458">
         <name>.cinit..bss.load</name>
         <load_address>0x2e20</load_address>
         <run_address>0x2e20</run_address>
         <size>0x8</size>
      </object_component>
      <object_component id="oc-456">
         <name>.cinit..vtable.load</name>
         <load_address>0x2e28</load_address>
         <run_address>0x2e28</run_address>
         <size>0x8</size>
      </object_component>
      <object_component id="oc-455">
         <name>__TI_cinit_table</name>
         <load_address>0x2e30</load_address>
         <run_address>0x2e30</run_address>
         <size>0x18</size>
      </object_component>
      <object_component id="oc-212">
         <name>.vtable</name>
         <uninitialized>true</uninitialized>
         <run_address>0x20000000</run_address>
         <size>0x26c</size>
         <input_file_ref idref="fl-143"/>
      </object_component>
      <object_component id="oc-43">
         <name>.data</name>
         <load_address>0x20002918</load_address>
         <run_address>0x20002918</run_address>
         <size>0x4</size>
         <input_file_ref idref="fl-13a"/>
      </object_component>
      <object_component id="oc-102">
         <name>.data</name>
         <load_address>0x200028e4</load_address>
         <run_address>0x200028e4</run_address>
         <size>0xc</size>
         <input_file_ref idref="fl-3"/>
      </object_component>
      <object_component id="oc-12d">
         <name>.data</name>
         <load_address>0x20002908</load_address>
         <run_address>0x20002908</run_address>
         <size>0x8</size>
         <input_file_ref idref="fl-13c"/>
      </object_component>
      <object_component id="oc-12f">
         <name>.data</name>
         <load_address>0x20002910</load_address>
         <run_address>0x20002910</run_address>
         <size>0x8</size>
         <input_file_ref idref="fl-138"/>
      </object_component>
      <object_component id="oc-183">
         <name>.data</name>
         <load_address>0x200028fc</load_address>
         <run_address>0x200028fc</run_address>
         <size>0x9</size>
         <input_file_ref idref="fl-14d"/>
      </object_component>
      <object_component id="oc-1ef">
         <name>.data</name>
         <load_address>0x200028f0</load_address>
         <run_address>0x200028f0</run_address>
         <size>0xc</size>
         <input_file_ref idref="fl-14c"/>
      </object_component>
      <object_component id="oc-1f1">
         <name>.data</name>
         <load_address>0x2000291c</load_address>
         <run_address>0x2000291c</run_address>
         <size>0x4</size>
         <input_file_ref idref="fl-148"/>
      </object_component>
      <object_component id="oc-246">
         <name>.data</name>
         <load_address>0x200028b0</load_address>
         <run_address>0x200028b0</run_address>
         <size>0x24</size>
         <input_file_ref idref="fl-14b"/>
      </object_component>
      <object_component id="oc-248">
         <name>.data:g_sBulkDeviceInfo</name>
         <load_address>0x20002864</load_address>
         <run_address>0x20002864</run_address>
         <size>0x4c</size>
         <input_file_ref idref="fl-14b"/>
      </object_component>
      <object_component id="oc-285">
         <name>.data</name>
         <load_address>0x200028d4</load_address>
         <run_address>0x200028d4</run_address>
         <size>0xd</size>
         <input_file_ref idref="fl-4"/>
      </object_component>
      <object_component id="oc-10d">
         <name>.bss:histBuff</name>
         <uninitialized>true</uninitialized>
         <run_address>0x2000026c</run_address>
         <size>0x2000</size>
         <input_file_ref idref="fl-4"/>
      </object_component>
      <object_component id="oc-185">
         <name>.bss</name>
         <uninitialized>true</uninitialized>
         <run_address>0x20002648</run_address>
         <size>0xc</size>
         <input_file_ref idref="fl-14d"/>
      </object_component>
      <object_component id="oc-1ad">
         <name>.bss:rxBuffer</name>
         <uninitialized>true</uninitialized>
         <run_address>0x20002500</run_address>
         <size>0x40</size>
         <input_file_ref idref="fl-4"/>
      </object_component>
      <object_component id="oc-1af">
         <name>.bss:txBuffer</name>
         <uninitialized>true</uninitialized>
         <run_address>0x20002580</run_address>
         <size>0x40</size>
         <input_file_ref idref="fl-4"/>
      </object_component>
      <object_component id="oc-1f2">
         <name>.bss:g_psUSBDevice</name>
         <uninitialized>true</uninitialized>
         <run_address>0x2000246c</run_address>
         <size>0x54</size>
         <input_file_ref idref="fl-148"/>
      </object_component>
      <object_component id="oc-283">
         <name>.bss:sendData</name>
         <uninitialized>true</uninitialized>
         <run_address>0x20002540</run_address>
         <size>0x40</size>
         <input_file_ref idref="fl-4"/>
      </object_component>
      <object_component id="oc-2aa">
         <name>.bss</name>
         <uninitialized>true</uninitialized>
         <run_address>0x200025c0</run_address>
         <size>0x30</size>
         <input_file_ref idref="fl-14c"/>
      </object_component>
      <object_component id="oc-333">
         <name>.bss:g_pucUSBTxBuffer</name>
         <uninitialized>true</uninitialized>
         <run_address>0x2000236c</run_address>
         <size>0x100</size>
         <input_file_ref idref="fl-4"/>
      </object_component>
      <object_component id="oc-33c">
         <name>.bss:g_pucUSBRxBuffer</name>
         <uninitialized>true</uninitialized>
         <run_address>0x2000226c</run_address>
         <size>0x100</size>
         <input_file_ref idref="fl-4"/>
      </object_component>
      <object_component id="oc-359">
         <name>.bss:g_pucDataBufferIn</name>
         <uninitialized>true</uninitialized>
         <run_address>0x200024c0</run_address>
         <size>0x40</size>
         <input_file_ref idref="fl-148"/>
      </object_component>
      <object_component id="oc-10b">
         <name>.common:adcTemp</name>
         <uninitialized>true</uninitialized>
         <run_address>0x20002638</run_address>
         <size>0x10</size>
      </object_component>
      <object_component id="oc-1b3">
         <name>.common:g_sBulkInstance</name>
         <uninitialized>true</uninitialized>
         <run_address>0x20002620</run_address>
         <size>0x18</size>
      </object_component>
      <object_component id="oc-10a">
         <name>.common:ulTxCount</name>
         <uninitialized>true</uninitialized>
         <run_address>0x20002660</run_address>
         <size>0x4</size>
      </object_component>
      <object_component id="oc-109">
         <name>.common:ulRxCount</name>
         <uninitialized>true</uninitialized>
         <run_address>0x2000265c</run_address>
         <size>0x4</size>
      </object_component>
      <object_component id="oc-287">
         <name>.common:g_ulTxCount</name>
         <uninitialized>true</uninitialized>
         <run_address>0x20002658</run_address>
         <size>0x4</size>
      </object_component>
      <object_component id="oc-106">
         <name>.common:g_ulRxCount</name>
         <uninitialized>true</uninitialized>
         <run_address>0x20002654</run_address>
         <size>0x4</size>
      </object_component>
      <object_component id="oc-33e">
         <name>.common:g_pucRxBufferWorkspace</name>
         <uninitialized>true</uninitialized>
         <run_address>0x200025f0</run_address>
         <size>0x18</size>
      </object_component>
      <object_component id="oc-335">
         <name>.common:g_pucTxBufferWorkspace</name>
         <uninitialized>true</uninitialized>
         <run_address>0x20002608</run_address>
         <size>0x18</size>
      </object_component>
      <object_component id="oc-23">
         <name>.stack</name>
         <uninitialized>true</uninitialized>
         <run_address>0x20002664</run_address>
         <size>0x0</size>
         <input_file_ref idref="fl-134"/>
      </object_component>
      <object_component id="oc-459">
         <name>.stack</name>
         <uninitialized>true</uninitialized>
         <run_address>0x20002664</run_address>
         <size>0x0</size>
      </object_component>
      <object_component id="oc-f">
         <name>.debug_info</name>
         <load_address>0x0</load_address>
         <run_address>0x0</run_address>
         <size>0xf4</size>
         <input_file_ref idref="fl-2"/>
      </object_component>
      <object_component id="oc-13">
         <name>.debug_info</name>
         <load_address>0xf4</load_address>
         <run_address>0xf4</run_address>
         <size>0xf3</size>
         <input_file_ref idref="fl-134"/>
      </object_component>
      <object_component id="oc-18">
         <name>.debug_info</name>
         <load_address>0x1e7</load_address>
         <run_address>0x1e7</run_address>
         <size>0x194</size>
         <input_file_ref idref="fl-135"/>
      </object_component>
      <object_component id="oc-1d">
         <name>.debug_info</name>
         <load_address>0x37b</load_address>
         <run_address>0x37b</run_address>
         <size>0x16a</size>
         <input_file_ref idref="fl-137"/>
      </object_component>
      <object_component id="oc-22">
         <name>.debug_info</name>
         <load_address>0x4e5</load_address>
         <run_address>0x4e5</run_address>
         <size>0x18e</size>
         <input_file_ref idref="fl-136"/>
      </object_component>
      <object_component id="oc-25">
         <name>.debug_info</name>
         <load_address>0x673</load_address>
         <run_address>0x673</run_address>
         <size>0x268</size>
         <input_file_ref idref="fl-2"/>
      </object_component>
      <object_component id="oc-2a">
         <name>.debug_info</name>
         <load_address>0x8db</load_address>
         <run_address>0x8db</run_address>
         <size>0x837</size>
         <input_file_ref idref="fl-3"/>
      </object_component>
      <object_component id="oc-2f">
         <name>.debug_info</name>
         <load_address>0x1112</load_address>
         <run_address>0x1112</run_address>
         <size>0x1e5</size>
         <input_file_ref idref="fl-147"/>
      </object_component>
      <object_component id="oc-34">
         <name>.debug_info</name>
         <load_address>0x12f7</load_address>
         <run_address>0x12f7</run_address>
         <size>0x19d</size>
         <input_file_ref idref="fl-2"/>
      </object_component>
      <object_component id="oc-37">
         <name>.debug_info</name>
         <load_address>0x1494</load_address>
         <run_address>0x1494</run_address>
         <size>0x13d</size>
         <input_file_ref idref="fl-13e"/>
      </object_component>
      <object_component id="oc-3a">
         <name>.debug_info</name>
         <load_address>0x15d1</load_address>
         <run_address>0x15d1</run_address>
         <size>0x11c</size>
         <input_file_ref idref="fl-13d"/>
      </object_component>
      <object_component id="oc-40">
         <name>.debug_info</name>
         <load_address>0x16ed</load_address>
         <run_address>0x16ed</run_address>
         <size>0x1c2</size>
         <input_file_ref idref="fl-138"/>
      </object_component>
      <object_component id="oc-44">
         <name>.debug_info</name>
         <load_address>0x18af</load_address>
         <run_address>0x18af</run_address>
         <size>0xbe</size>
         <input_file_ref idref="fl-13a"/>
      </object_component>
      <object_component id="oc-48">
         <name>.debug_info</name>
         <load_address>0x196d</load_address>
         <run_address>0x196d</run_address>
         <size>0xcc</size>
         <input_file_ref idref="fl-139"/>
      </object_component>
      <object_component id="oc-4b">
         <name>.debug_info</name>
         <load_address>0x1a39</load_address>
         <run_address>0x1a39</run_address>
         <size>0x46</size>
         <input_file_ref idref="fl-135"/>
      </object_component>
      <object_component id="oc-50">
         <name>.debug_info</name>
         <load_address>0x1a7f</load_address>
         <run_address>0x1a7f</run_address>
         <size>0xf2</size>
         <input_file_ref idref="fl-135"/>
      </object_component>
      <object_component id="oc-52">
         <name>.debug_info</name>
         <load_address>0x1b71</load_address>
         <run_address>0x1b71</run_address>
         <size>0x46</size>
         <input_file_ref idref="fl-137"/>
      </object_component>
      <object_component id="oc-57">
         <name>.debug_info</name>
         <load_address>0x1bb7</load_address>
         <run_address>0x1bb7</run_address>
         <size>0xad</size>
         <input_file_ref idref="fl-137"/>
      </object_component>
      <object_component id="oc-5c">
         <name>.debug_info</name>
         <load_address>0x1c64</load_address>
         <run_address>0x1c64</run_address>
         <size>0x1ef</size>
         <input_file_ref idref="fl-136"/>
      </object_component>
      <object_component id="oc-5e">
         <name>.debug_info</name>
         <load_address>0x1e53</load_address>
         <run_address>0x1e53</run_address>
         <size>0xb7</size>
         <input_file_ref idref="fl-136"/>
      </object_component>
      <object_component id="oc-5f">
         <name>.debug_info</name>
         <load_address>0x1f0a</load_address>
         <run_address>0x1f0a</run_address>
         <size>0x39</size>
         <input_file_ref idref="fl-136"/>
      </object_component>
      <object_component id="oc-66">
         <name>.debug_info</name>
         <load_address>0x1f43</load_address>
         <run_address>0x1f43</run_address>
         <size>0x2cf</size>
         <input_file_ref idref="fl-141"/>
      </object_component>
      <object_component id="oc-6a">
         <name>.debug_info</name>
         <load_address>0x2212</load_address>
         <run_address>0x2212</run_address>
         <size>0x1da</size>
         <input_file_ref idref="fl-141"/>
      </object_component>
      <object_component id="oc-6e">
         <name>.debug_info</name>
         <load_address>0x23ec</load_address>
         <run_address>0x23ec</run_address>
         <size>0x1e6</size>
         <input_file_ref idref="fl-144"/>
      </object_component>
      <object_component id="oc-72">
         <name>.debug_info</name>
         <load_address>0x25d2</load_address>
         <run_address>0x25d2</run_address>
         <size>0x204</size>
         <input_file_ref idref="fl-144"/>
      </object_component>
      <object_component id="oc-76">
         <name>.debug_info</name>
         <load_address>0x27d6</load_address>
         <run_address>0x27d6</run_address>
         <size>0x24a</size>
         <input_file_ref idref="fl-144"/>
      </object_component>
      <object_component id="oc-7a">
         <name>.debug_info</name>
         <load_address>0x2a20</load_address>
         <run_address>0x2a20</run_address>
         <size>0x1d8</size>
         <input_file_ref idref="fl-144"/>
      </object_component>
      <object_component id="oc-7e">
         <name>.debug_info</name>
         <load_address>0x2bf8</load_address>
         <run_address>0x2bf8</run_address>
         <size>0x1fd</size>
         <input_file_ref idref="fl-144"/>
      </object_component>
      <object_component id="oc-82">
         <name>.debug_info</name>
         <load_address>0x2df5</load_address>
         <run_address>0x2df5</run_address>
         <size>0x20c</size>
         <input_file_ref idref="fl-144"/>
      </object_component>
      <object_component id="oc-86">
         <name>.debug_info</name>
         <load_address>0x3001</load_address>
         <run_address>0x3001</run_address>
         <size>0x1da</size>
         <input_file_ref idref="fl-144"/>
      </object_component>
      <object_component id="oc-8a">
         <name>.debug_info</name>
         <load_address>0x31db</load_address>
         <run_address>0x31db</run_address>
         <size>0x1d8</size>
         <input_file_ref idref="fl-144"/>
      </object_component>
      <object_component id="oc-8e">
         <name>.debug_info</name>
         <load_address>0x33b3</load_address>
         <run_address>0x33b3</run_address>
         <size>0x1c5</size>
         <input_file_ref idref="fl-143"/>
      </object_component>
      <object_component id="oc-92">
         <name>.debug_info</name>
         <load_address>0x3578</load_address>
         <run_address>0x3578</run_address>
         <size>0x1d9</size>
         <input_file_ref idref="fl-144"/>
      </object_component>
      <object_component id="oc-96">
         <name>.debug_info</name>
         <load_address>0x3751</load_address>
         <run_address>0x3751</run_address>
         <size>0x1d8</size>
         <input_file_ref idref="fl-144"/>
      </object_component>
      <object_component id="oc-9a">
         <name>.debug_info</name>
         <load_address>0x3929</load_address>
         <run_address>0x3929</run_address>
         <size>0x202</size>
         <input_file_ref idref="fl-141"/>
      </object_component>
      <object_component id="oc-9e">
         <name>.debug_info</name>
         <load_address>0x3b2b</load_address>
         <run_address>0x3b2b</run_address>
         <size>0x381</size>
         <input_file_ref idref="fl-142"/>
      </object_component>
      <object_component id="oc-a2">
         <name>.debug_info</name>
         <load_address>0x3eac</load_address>
         <run_address>0x3eac</run_address>
         <size>0x19f</size>
         <input_file_ref idref="fl-142"/>
      </object_component>
      <object_component id="oc-a6">
         <name>.debug_info</name>
         <load_address>0x404b</load_address>
         <run_address>0x404b</run_address>
         <size>0x1e1</size>
         <input_file_ref idref="fl-140"/>
      </object_component>
      <object_component id="oc-aa">
         <name>.debug_info</name>
         <load_address>0x422c</load_address>
         <run_address>0x422c</run_address>
         <size>0x207</size>
         <input_file_ref idref="fl-140"/>
      </object_component>
      <object_component id="oc-ae">
         <name>.debug_info</name>
         <load_address>0x4433</load_address>
         <run_address>0x4433</run_address>
         <size>0x215</size>
         <input_file_ref idref="fl-140"/>
      </object_component>
      <object_component id="oc-b2">
         <name>.debug_info</name>
         <load_address>0x4648</load_address>
         <run_address>0x4648</run_address>
         <size>0x1bc</size>
         <input_file_ref idref="fl-141"/>
      </object_component>
      <object_component id="oc-b6">
         <name>.debug_info</name>
         <load_address>0x4804</load_address>
         <run_address>0x4804</run_address>
         <size>0x1d1</size>
         <input_file_ref idref="fl-146"/>
      </object_component>
      <object_component id="oc-ba">
         <name>.debug_info</name>
         <load_address>0x49d5</load_address>
         <run_address>0x49d5</run_address>
         <size>0x1f7</size>
         <input_file_ref idref="fl-146"/>
      </object_component>
      <object_component id="oc-be">
         <name>.debug_info</name>
         <load_address>0x4bcc</load_address>
         <run_address>0x4bcc</run_address>
         <size>0x23e</size>
         <input_file_ref idref="fl-146"/>
      </object_component>
      <object_component id="oc-c2">
         <name>.debug_info</name>
         <load_address>0x4e0a</load_address>
         <run_address>0x4e0a</run_address>
         <size>0x1e8</size>
         <input_file_ref idref="fl-146"/>
      </object_component>
      <object_component id="oc-c6">
         <name>.debug_info</name>
         <load_address>0x4ff2</load_address>
         <run_address>0x4ff2</run_address>
         <size>0x1e9</size>
         <input_file_ref idref="fl-146"/>
      </object_component>
      <object_component id="oc-ca">
         <name>.debug_info</name>
         <load_address>0x51db</load_address>
         <run_address>0x51db</run_address>
         <size>0x26b</size>
         <input_file_ref idref="fl-146"/>
      </object_component>
      <object_component id="oc-ce">
         <name>.debug_info</name>
         <load_address>0x5446</load_address>
         <run_address>0x5446</run_address>
         <size>0x29e</size>
         <input_file_ref idref="fl-146"/>
      </object_component>
      <object_component id="oc-d2">
         <name>.debug_info</name>
         <load_address>0x56e4</load_address>
         <run_address>0x56e4</run_address>
         <size>0x1db</size>
         <input_file_ref idref="fl-146"/>
      </object_component>
      <object_component id="oc-d6">
         <name>.debug_info</name>
         <load_address>0x58bf</load_address>
         <run_address>0x58bf</run_address>
         <size>0x1f5</size>
         <input_file_ref idref="fl-146"/>
      </object_component>
      <object_component id="oc-da">
         <name>.debug_info</name>
         <load_address>0x5ab4</load_address>
         <run_address>0x5ab4</run_address>
         <size>0x1e4</size>
         <input_file_ref idref="fl-144"/>
      </object_component>
      <object_component id="oc-de">
         <name>.debug_info</name>
         <load_address>0x5c98</load_address>
         <run_address>0x5c98</run_address>
         <size>0x20f</size>
         <input_file_ref idref="fl-14d"/>
      </object_component>
      <object_component id="oc-e2">
         <name>.debug_info</name>
         <load_address>0x5ea7</load_address>
         <run_address>0x5ea7</run_address>
         <size>0x22a</size>
         <input_file_ref idref="fl-14b"/>
      </object_component>
      <object_component id="oc-e6">
         <name>.debug_info</name>
         <load_address>0x60d1</load_address>
         <run_address>0x60d1</run_address>
         <size>0x1a3</size>
         <input_file_ref idref="fl-143"/>
      </object_component>
      <object_component id="oc-ea">
         <name>.debug_info</name>
         <load_address>0x6274</load_address>
         <run_address>0x6274</run_address>
         <size>0x2dc</size>
         <input_file_ref idref="fl-146"/>
      </object_component>
      <object_component id="oc-ee">
         <name>.debug_info</name>
         <load_address>0x6550</load_address>
         <run_address>0x6550</run_address>
         <size>0x1f8</size>
         <input_file_ref idref="fl-144"/>
      </object_component>
      <object_component id="oc-f2">
         <name>.debug_info</name>
         <load_address>0x6748</load_address>
         <run_address>0x6748</run_address>
         <size>0x1d4</size>
         <input_file_ref idref="fl-140"/>
      </object_component>
      <object_component id="oc-f6">
         <name>.debug_info</name>
         <load_address>0x691c</load_address>
         <run_address>0x691c</run_address>
         <size>0x1dc</size>
         <input_file_ref idref="fl-144"/>
      </object_component>
      <object_component id="oc-fb">
         <name>.debug_info</name>
         <load_address>0x6af8</load_address>
         <run_address>0x6af8</run_address>
         <size>0x24c</size>
         <input_file_ref idref="fl-142"/>
      </object_component>
      <object_component id="oc-ff">
         <name>.debug_info</name>
         <load_address>0x6d44</load_address>
         <run_address>0x6d44</run_address>
         <size>0x19f</size>
         <input_file_ref idref="fl-142"/>
      </object_component>
      <object_component id="oc-103">
         <name>.debug_info</name>
         <load_address>0x6ee3</load_address>
         <run_address>0x6ee3</run_address>
         <size>0x117</size>
         <input_file_ref idref="fl-3"/>
      </object_component>
      <object_component id="oc-105">
         <name>.debug_info</name>
         <load_address>0x6ffa</load_address>
         <run_address>0x6ffa</run_address>
         <size>0xef</size>
         <input_file_ref idref="fl-4"/>
      </object_component>
      <object_component id="oc-107">
         <name>.debug_info</name>
         <load_address>0x70e9</load_address>
         <run_address>0x70e9</run_address>
         <size>0x5d6</size>
         <input_file_ref idref="fl-4"/>
      </object_component>
      <object_component id="oc-10c">
         <name>.debug_info</name>
         <load_address>0x76bf</load_address>
         <run_address>0x76bf</run_address>
         <size>0xc4f</size>
         <input_file_ref idref="fl-3"/>
      </object_component>
      <object_component id="oc-10e">
         <name>.debug_info</name>
         <load_address>0x830e</load_address>
         <run_address>0x830e</run_address>
         <size>0xe6</size>
         <input_file_ref idref="fl-4"/>
      </object_component>
      <object_component id="oc-110">
         <name>.debug_info</name>
         <load_address>0x83f4</load_address>
         <run_address>0x83f4</run_address>
         <size>0x84</size>
         <input_file_ref idref="fl-2"/>
      </object_component>
      <object_component id="oc-116">
         <name>.debug_info</name>
         <load_address>0x8478</load_address>
         <run_address>0x8478</run_address>
         <size>0x1d0</size>
         <input_file_ref idref="fl-153"/>
      </object_component>
      <object_component id="oc-11a">
         <name>.debug_info</name>
         <load_address>0x8648</load_address>
         <run_address>0x8648</run_address>
         <size>0x336</size>
         <input_file_ref idref="fl-148"/>
      </object_component>
      <object_component id="oc-120">
         <name>.debug_info</name>
         <load_address>0x897e</load_address>
         <run_address>0x897e</run_address>
         <size>0x18b</size>
         <input_file_ref idref="fl-2"/>
      </object_component>
      <object_component id="oc-126">
         <name>.debug_info</name>
         <load_address>0x8b09</load_address>
         <run_address>0x8b09</run_address>
         <size>0x14b</size>
         <input_file_ref idref="fl-13f"/>
      </object_component>
      <object_component id="oc-12c">
         <name>.debug_info</name>
         <load_address>0x8c54</load_address>
         <run_address>0x8c54</run_address>
         <size>0x11b</size>
         <input_file_ref idref="fl-13d"/>
      </object_component>
      <object_component id="oc-12e">
         <name>.debug_info</name>
         <load_address>0x8d6f</load_address>
         <run_address>0x8d6f</run_address>
         <size>0xc8</size>
         <input_file_ref idref="fl-13c"/>
      </object_component>
      <object_component id="oc-130">
         <name>.debug_info</name>
         <load_address>0x8e37</load_address>
         <run_address>0x8e37</run_address>
         <size>0xeb</size>
         <input_file_ref idref="fl-138"/>
      </object_component>
      <object_component id="oc-132">
         <name>.debug_info</name>
         <load_address>0x8f22</load_address>
         <run_address>0x8f22</run_address>
         <size>0x146</size>
         <input_file_ref idref="fl-138"/>
      </object_component>
      <object_component id="oc-136">
         <name>.debug_info</name>
         <load_address>0x9068</load_address>
         <run_address>0x9068</run_address>
         <size>0x2c</size>
         <input_file_ref idref="fl-135"/>
      </object_component>
      <object_component id="oc-13d">
         <name>.debug_info</name>
         <load_address>0x9094</load_address>
         <run_address>0x9094</run_address>
         <size>0x2c</size>
         <input_file_ref idref="fl-5"/>
      </object_component>
      <object_component id="oc-148">
         <name>.debug_info</name>
         <load_address>0x90c0</load_address>
         <run_address>0x90c0</run_address>
         <size>0x84</size>
         <input_file_ref idref="fl-140"/>
      </object_component>
[...]
         <object_component_ref idref="oc-39"/>
      </symbol>
      <symbol id="sm-226">
         <name>__TI_auto_init</name>
         <value>0x14c9</value>
         <object_component_ref idref="oc-35"/>
      </symbol>
      <symbol id="sm-23e">
         <name>copy_in</name>
         <value>0x2031</value>
         <object_component_ref idref="oc-125"/>
      </symbol>
      <symbol id="sm-269">
         <name>TimerLoadSet</name>
         <value>0x2865</value>
         <object_component_ref idref="oc-a9"/>
      </symbol>
      <symbol id="sm-26a">
         <name>TimerEnable</name>
         <value>0x28f7</value>
         <object_component_ref idref="oc-f1"/>
      </symbol>
      <symbol id="sm-26b">
         <name>TimerControlTrigger</name>
         <value>0x2701</value>
         <object_component_ref idref="oc-ad"/>
      </symbol>
      <symbol id="sm-26c">
         <name>TimerConfigure</name>
         <value>0x24c1</value>
         <object_component_ref idref="oc-a5"/>
      </symbol>
      <symbol id="sm-302">
         <name>SysCtlClockSet</name>
         <value>0xca1</value>
         <object_component_ref idref="oc-65"/>
      </symbol>
      <symbol id="sm-303">
         <name>SysCtlDelay</name>
         <value>0x29c9</value>
         <object_component_ref idref="oc-f9"/>
      </symbol>
      <symbol id="sm-304">
         <name>SysCtlPeripheralEnable</name>
         <value>0x1b6d</value>
         <object_component_ref idref="oc-69"/>
      </symbol>
      <symbol id="sm-305">
         <name>SysCtlADCSpeedSet</name>
         <value>0x25c5</value>
         <object_component_ref idref="oc-b1"/>
      </symbol>
      <symbol id="sm-306">
         <name>SysCtlClockGet</name>
         <value>0x7e1</value>
         <object_component_ref idref="oc-99"/>
      </symbol>
      <symbol id="sm-307">
         <name>SysCtlUSBPLLEnable</name>
         <value>0x28ad</value>
         <object_component_ref idref="oc-253"/>
      </symbol>
      <symbol id="sm-308">
         <name>SysCtlPeripheralReset</name>
         <value>0x1435</value>
         <object_component_ref idref="oc-24f"/>
      </symbol>
      <symbol id="sm-32e">
         <name>SSIDataPut</name>
         <value>0x2983</value>
         <object_component_ref idref="oc-fa"/>
      </symbol>
      <symbol id="sm-32f">
         <name>SSIConfigSetExpClk</name>
         <value>0x1f63</value>
         <object_component_ref idref="oc-9d"/>
      </symbol>
      <symbol id="sm-330">
         <name>SSIEnable</name>
         <value>0x298d</value>
         <object_component_ref idref="oc-a1"/>
      </symbol>
      <symbol id="sm-331">
         <name>SSIBusy</name>
         <value>0x29ab</value>
         <object_component_ref idref="oc-fe"/>
      </symbol>
      <symbol id="sm-370">
         <name>IntEnable</name>
         <value>0x19f1</value>
         <object_component_ref idref="oc-8d"/>
      </symbol>
      <symbol id="sm-371">
         <name>IntRegister</name>
         <value>0x220d</value>
         <object_component_ref idref="oc-159"/>
      </symbol>
      <symbol id="sm-372">
         <name>IntMasterDisable</name>
         <value>0x296f</value>
         <object_component_ref idref="oc-37a"/>
      </symbol>
      <symbol id="sm-373">
         <name>g_pfnRAMVectors</name>
         <value>0x20000000</value>
         <object_component_ref idref="oc-212"/>
      </symbol>
      <symbol id="sm-374">
         <name>IntMasterEnable</name>
         <value>0x2979</value>
         <object_component_ref idref="oc-e5"/>
      </symbol>
      <symbol id="sm-411">
         <name>GPIOPinIntClear</name>
         <value>0x29c3</value>
         <object_component_ref idref="oc-89"/>
      </symbol>
      <symbol id="sm-412">
         <name>GPIOPinConfigure</name>
         <value>0x1e01</value>
         <object_component_ref idref="oc-91"/>
      </symbol>
      <symbol id="sm-413">
         <name>GPIOPinTypeUSBAnalog</name>
         <value>0x282f</value>
         <object_component_ref idref="oc-d9"/>
      </symbol>
      <symbol id="sm-414">
         <name>GPIOPinIntDisable</name>
         <value>0x28e9</value>
         <object_component_ref idref="oc-f5"/>
      </symbol>
      <symbol id="sm-415">
         <name>GPIOIntTypeSet</name>
         <value>0x1f1f</value>
         <object_component_ref idref="oc-81"/>
      </symbol>
      <symbol id="sm-416">
         <name>GPIOPinTypeADC</name>
         <value>0x27f9</value>
         <object_component_ref idref="oc-79"/>
      </symbol>
      <symbol id="sm-417">
         <name>GPIOPinIntEnable</name>
         <value>0x2937</value>
         <object_component_ref idref="oc-85"/>
      </symbol>
      <symbol id="sm-418">
         <name>GPIOPinTypeGPIOOutput</name>
         <value>0x280b</value>
         <object_component_ref idref="oc-6d"/>
      </symbol>
      <symbol id="sm-419">
         <name>GPIODirModeSet</name>
         <value>0x2339</value>
         <object_component_ref idref="oc-71"/>
      </symbol>
      <symbol id="sm-41a">
         <name>GPIOPinWrite</name>
         <value>0x2965</value>
         <object_component_ref idref="oc-ed"/>
      </symbol>
      <symbol id="sm-41b">
         <name>GPIOPadConfigSet</name>
         <value>0x1171</value>
         <object_component_ref idref="oc-75"/>
      </symbol>
      <symbol id="sm-41c">
         <name>GPIOPinTypeSSI</name>
         <value>0x281d</value>
         <object_component_ref idref="oc-95"/>
      </symbol>
      <symbol id="sm-41d">
         <name>GPIOPortIntRegister</name>
         <value>0x26e9</value>
         <object_component_ref idref="oc-7d"/>
      </symbol>
      <symbol id="sm-42b">
         <name>CPUcpsie</name>
         <value>0x292b</value>
         <object_component_ref idref="oc-19b"/>
      </symbol>
      <symbol id="sm-42c">
         <name>CPUcpsid</name>
         <value>0x291f</value>
         <object_component_ref idref="oc-3c5"/>
      </symbol>
      <symbol id="sm-47c">
         <name>ADCPhaseDelaySet</name>
         <value>0x29db</value>
         <object_component_ref idref="oc-d1"/>
      </symbol>
      <symbol id="sm-47d">
         <name>ADCSequenceEnable</name>
         <value>0x28db</value>
         <object_component_ref idref="oc-d5"/>
      </symbol>
      <symbol id="sm-47e">
         <name>ADCSequenceConfigure</name>
         <value>0x2445</value>
         <object_component_ref idref="oc-c9"/>
      </symbol>
      <symbol id="sm-47f">
         <name>ADCIntEnable</name>
         <value>0x289b</value>
         <object_component_ref idref="oc-c1"/>
      </symbol>
      <symbol id="sm-480">
         <name>ADCReferenceSet</name>
         <value>0x2913</value>
         <object_component_ref idref="oc-b5"/>
      </symbol>
      <symbol id="sm-481">
         <name>ADCSequenceStepConfigure</name>
         <value>0x1849</value>
         <object_component_ref idref="oc-cd"/>
      </symbol>
      <symbol id="sm-482">
         <name>ADCIntClear</name>
         <value>0x295b</value>
         <object_component_ref idref="oc-c5"/>
      </symbol>
      <symbol id="sm-483">
         <name>ADCIntRegister</name>
         <value>0x2499</value>
         <object_component_ref idref="oc-bd"/>
      </symbol>
      <symbol id="sm-484">
         <name>ADCSequenceDisable</name>
         <value>0x28cd</value>
         <object_component_ref idref="oc-b9"/>
      </symbol>
      <symbol id="sm-485">
         <name>ADCSequenceDataGet</name>
         <value>0x25a3</value>
         <object_component_ref idref="oc-e9"/>
      </symbol>
      <symbol id="sm-4aa">
         <name>USB0DeviceIntHandler</name>
         <value>0x2719</value>
         <object_component_ref idref="oc-2e"/>
      </symbol>
      <symbol id="sm-603">
         <name>g_psUSBDevice</name>
         <value>0x2000246c</value>
         <object_component_ref idref="oc-1f2"/>
      </symbol>
      <symbol id="sm-604">
         <name>USBDCDStallEP0</name>
         <value>0x26cd</value>
         <object_component_ref idref="oc-355"/>
      </symbol>
      <symbol id="sm-605">
         <name>g_sUSBDefaultFIFOConfig</name>
         <value>0x2a5c</value>
         <object_component_ref idref="oc-307"/>
      </symbol>
      <symbol id="sm-606">
         <name>USBDeviceEnumHandler</name>
         <value>0xfcd</value>
         <object_component_ref idref="oc-1e7"/>
      </symbol>
      <symbol id="sm-607">
         <name>USBDCDInit</name>
         <value>0xed9</value>
         <object_component_ref idref="oc-195"/>
      </symbol>
      <symbol id="sm-608">
         <name>USBDeviceEnumResetHandler</name>
         <value>0x2275</value>
         <object_component_ref idref="oc-1d7"/>
      </symbol>
      <symbol id="sm-609">
         <name>USBDeviceIntHandlerInternal</name>
         <value>0x12f5</value>
         <object_component_ref idref="oc-119"/>
      </symbol>
      <symbol id="sm-60a">
         <name>USBDeviceResumeTickHandler</name>
         <value>0x1e49</value>
         <object_component_ref idref="oc-1db"/>
      </symbol>
      <symbol id="sm-6ad">
         <name>USBDeviceConfigAlternate</name>
         <value>0x1239</value>
         <object_component_ref idref="oc-3ea"/>
      </symbol>
      <symbol id="sm-6ae">
         <name>USBDeviceConfig</name>
         <value>0x9b9</value>
         <object_component_ref idref="oc-3dc"/>
      </symbol>
      <symbol id="sm-713">
         <name>USBDCDConfigDescGet</name>
         <value>0x1cc9</value>
         <object_component_ref idref="oc-3f5"/>
      </symbol>
      <symbol id="sm-714">
         <name>USBDCDConfigGetInterface</name>
         <value>0x26b1</value>
         <object_component_ref idref="oc-3e6"/>
      </symbol>
      <symbol id="sm-715">
         <name>USBDCDConfigDescGetSize</name>
         <value>0x2731</value>
         <object_component_ref idref="oc-35e"/>
      </symbol>
      <symbol id="sm-716">
         <name>USBDCDConfigGetInterfaceEndpoint</name>
         <value>0x20f7</value>
         <object_component_ref idref="oc-3f9"/>
      </symbol>
      <symbol id="sm-717">
         <name>USBDCDConfigDescGetNum</name>
         <value>0x23ed</value>
         <object_component_ref idref="oc-3e2"/>
      </symbol>
      <symbol id="sm-7bc">
         <name>USBDBulkTxPacketAvailable</name>
         <value>0x28bd</value>
         <object_component_ref idref="oc-32f"/>
      </symbol>
      <symbol id="sm-7bd">
         <name>USBDBulkCompositeInit</name>
         <value>0x17d9</value>
         <object_component_ref idref="oc-191"/>
      </symbol>
      <symbol id="sm-7be">
         <name>g_sBulkInterfaceSection</name>
         <value>0x2c44</value>
         <object_component_ref idref="oc-2eb"/>
      </symbol>
      <symbol id="sm-7bf">
         <name>g_psBulkSections</name>
         <value>0x200028cc</value>
         <object_component_ref idref="oc-246"/>
      </symbol>
      <symbol id="sm-7c0">
         <name>g_sBulkConfigSection</name>
         <value>0x2c3c</value>
         <object_component_ref idref="oc-2eb"/>
      </symbol>
      <symbol id="sm-7c1">
         <name>g_pBulkInterface</name>
         <value>0x2c24</value>
         <object_component_ref idref="oc-2eb"/>
      </symbol>
      <symbol id="sm-7c2">
         <name>USBDBulkInit</name>
         <value>0x2695</value>
         <object_component_ref idref="oc-e1"/>
      </symbol>
      <symbol id="sm-7c3">
         <name>USBDBulkRxPacketAvailable</name>
         <value>0x2605</value>
         <object_component_ref idref="oc-338"/>
      </symbol>
      <symbol id="sm-7c4">
         <name>USBDBulkPacketRead</name>
         <value>0x1921</value>
         <object_component_ref idref="oc-277"/>
      </symbol>
      <symbol id="sm-7c5">
         <name>g_pBulkDescriptor</name>
         <value>0x200028c2</value>
         <object_component_ref idref="oc-246"/>
      </symbol>
      <symbol id="sm-7c6">
         <name>g_pBulkConfigDescriptors</name>
         <value>0x2c54</value>
         <object_component_ref idref="oc-2eb"/>
      </symbol>
      <symbol id="sm-7c7">
         <name>USBDBulkPacketWrite</name>
         <value>0x1db7</value>
         <object_component_ref idref="oc-27b"/>
      </symbol>
      <symbol id="sm-7c8">
         <name>g_sBulkDeviceInfo</name>
         <value>0x20002864</value>
         <object_component_ref idref="oc-248"/>
      </symbol>
      <symbol id="sm-7c9">
         <name>g_pBulkDeviceDescriptor</name>
         <value>0x200028b0</value>
         <object_component_ref idref="oc-246"/>
      </symbol>
      <symbol id="sm-7ca">
         <name>g_sBulkConfigHeader</name>
         <value>0x2c4c</value>
         <object_component_ref idref="oc-2eb"/>
      </symbol>
      <symbol id="sm-80b">
         <name>g_pfTickHandlers</name>
         <value>0x200025c0</value>
         <object_component_ref idref="oc-2aa"/>
      </symbol>
      <symbol id="sm-80c">
         <name>g_ulUSBSOFCount</name>
         <value>0x200028f8</value>
         <object_component_ref idref="oc-1ef"/>
      </symbol>
      <symbol id="sm-80d">
         <name>g_pvTickInstance</name>
         <value>0x200025d8</value>
         <object_component_ref idref="oc-2aa"/>
      </symbol>
      <symbol id="sm-80e">
         <name>g_bUSBTimerInitialized</name>
         <value>0x200028f0</value>
         <object_component_ref idref="oc-1ef"/>
      </symbol>
      <symbol id="sm-80f">
         <name>InternalUSBStartOfFrameTick</name>
         <value>0x2241</value>
         <object_component_ref idref="oc-1df"/>
      </symbol>
      <symbol id="sm-810">
         <name>InternalUSBRegisterTickHandler</name>
         <value>0x2395</value>
         <object_component_ref idref="oc-242"/>
      </symbol>
      <symbol id="sm-811">
         <name>InternalUSBTickInit</name>
         <value>0x22d9</value>
         <object_component_ref idref="oc-23e"/>
      </symbol>
      <symbol id="sm-812">
         <name>g_ulCurrentUSBTick</name>
         <value>0x200028f4</value>
         <object_component_ref idref="oc-1ef"/>
      </symbol>
      <symbol id="sm-83a">
         <name>g_ulPollRate</name>
         <value>0x20002648</value>
         <object_component_ref idref="oc-185"/>
      </symbol>
      <symbol id="sm-83b">
         <name>g_eOTGModeState</name>
         <value>0x2000264c</value>
         <object_component_ref idref="oc-185"/>
      </symbol>
      <symbol id="sm-83c">
         <name>USBStackModeSet</name>
         <value>0x25e5</value>
         <object_component_ref idref="oc-dd"/>
      </symbol>
      <symbol id="sm-83d">
         <name>g_ulWaitTicks</name>
         <value>0x20002900</value>
         <object_component_ref idref="oc-183"/>
      </symbol>
      <symbol id="sm-83e">
         <name>g_eUSBMode</name>
         <value>0x200028fc</value>
         <object_component_ref idref="oc-183"/>
      </symbol>
      <symbol id="sm-86a">
         <name>USBDescGet</name>
         <value>0x2419</value>
         <object_component_ref idref="oc-41a"/>
      </symbol>
      <symbol id="sm-86b">
         <name>USBDescGetNum</name>
         <value>0x24e9</value>
         <object_component_ref idref="oc-40f"/>
      </symbol>
      <symbol id="sm-87a">
         <name>USBBufferFlush</name>
         <value>0x29cf</value>
         <object_component_ref idref="oc-27f"/>
      </symbol>
      <symbol id="sm-888">
         <name>USBRingBufFlush</name>
         <value>0x27d1</value>
         <object_component_ref idref="oc-325"/>
      </symbol>
      <symbol id="sm-955">
         <name>USBEndpointDataAvail</name>
         <value>0x2623</value>
         <object_component_ref idref="oc-30b"/>
      </symbol>
      <symbol id="sm-956">
         <name>USBDevDisconnect</name>
         <value>0x29a1</value>
         <object_component_ref idref="oc-1eb"/>
      </symbol>
      <symbol id="sm-957">
         <name>USBDevEndpointStallClear</name>
         <value>0x1d19</value>
         <object_component_ref idref="oc-3ce"/>
      </symbol>
      <symbol id="sm-958">
         <name>USBEndpointDataPut</name>
         <value>0x2309</value>
         <object_component_ref idref="oc-31c"/>
      </symbol>
      <symbol id="sm-959">
         <name>USBDevAddrSet</name>
         <value>0x29df</value>
         <object_component_ref idref="oc-2b7"/>
      </symbol>
      <symbol id="sm-95a">
         <name>USBIntStatusControl</name>
         <value>0x2169</value>
         <object_component_ref idref="oc-115"/>
      </symbol>
      <symbol id="sm-95b">
         <name>USBDevEndpointDataAck</name>
         <value>0x255d</value>
         <object_component_ref idref="oc-2bf"/>
      </symbol>
      <symbol id="sm-95c">
         <name>USBOTGMode</name>
         <value>0x29bb</value>
         <object_component_ref idref="oc-257"/>
      </symbol>
      <symbol id="sm-95d">
         <name>USBDevMode</name>
         <value>0x29b3</value>
         <object_component_ref idref="oc-25b"/>
      </symbol>
      <symbol id="sm-95e">
         <name>USBIntEnableEndpoint</name>
         <value>0x27bd</value>
         <object_component_ref idref="oc-263"/>
      </symbol>
      <symbol id="sm-95f">
         <name>USBEndpointDataGet</name>
         <value>0x1fed</value>
         <object_component_ref idref="oc-2bb"/>
      </symbol>
      <symbol id="sm-960">
         <name>USBDevEndpointStatusClear</name>
         <value>0x1a55</value>
         <object_component_ref idref="oc-2b3"/>
      </symbol>
      <symbol id="sm-961">
         <name>USBFIFOConfigSet</name>
         <value>0x1ed9</value>
         <object_component_ref idref="oc-409"/>
      </symbol>
      <symbol id="sm-962">
         <name>USBEndpointDataSend</name>
         <value>0x2367</value>
         <object_component_ref idref="oc-320"/>
      </symbol>
      <symbol id="sm-963">
         <name>USBIntStatusEndpoint</name>
         <value>0x2943</value>
         <object_component_ref idref="oc-1e3"/>
      </symbol>
      <symbol id="sm-964">
         <name>USBEndpointStatus</name>
         <value>0x2877</value>
         <object_component_ref idref="oc-2af"/>
      </symbol>
      <symbol id="sm-965">
         <name>USBDevEndpointStall</name>
         <value>0x21d7</value>
         <object_component_ref idref="oc-38c"/>
      </symbol>
      <symbol id="sm-966">
         <name>USBDevConnect</name>
         <value>0x2997</value>
         <object_component_ref idref="oc-267"/>
      </symbol>
      <symbol id="sm-967">
         <name>USBDevEndpointConfigSet</name>
         <value>0x1761</value>
         <object_component_ref idref="oc-401"/>
      </symbol>
      <symbol id="sm-968">
         <name>USBHostResume</name>
         <value>0x2791</value>
         <object_component_ref idref="oc-2a5"/>
      </symbol>
      <symbol id="sm-969">
         <name>USBIntEnableControl</name>
         <value>0x2511</value>
         <object_component_ref idref="oc-25f"/>
      </symbol>
      <symbol id="sm-96b">
         <name>__TI_static_base__</name>
         <value>0x0</value>
      </symbol>
      <symbol id="sm-96c">
         <name>__TI_args_main</name>
         <value>0x1</value>
      </symbol>
      <symbol id="sm-96d">
         <name>SHT$$INIT_ARRAY$$Limit</name>
         <value>0x0</value>
      </symbol>
      <symbol id="sm-96e">
         <name>SHT$$INIT_ARRAY$$Base</name>
         <value>0x0</value>
      </symbol>
   </symbol_table>
   <title>Link successful</title>
</link_info>
