******************************************************************************
                  TI ARM Linker PC v5.1.5                      
******************************************************************************
>> Linked Tue Aug 05 13:55:41 2014

OUTPUT FILE NAME:   <test_int_ext.out>
ENTRY POINT SYMBOL: "_c_int00"  address: 00001d39


MEMORY CONFIGURATION

         name            origin    length      used     unused   attr    fill
----------------------  --------  ---------  --------  --------  ----  --------
  FLASH                 00000000   00040000  00002cbe  0003d342  R  X
  SRAM                  20000000   00008000  00002848  000057b8  RW X


SEGMENT ALLOCATION MAP

run origin  load origin   length   init length attrs members
----------  ----------- ---------- ----------- ----- -------
00000000    00000000    00002cc0   00002cc0    r-x
  00000000    00000000    0000026c   0000026c    r-- .intvecs
  0000026c    0000026c    00002670   00002670    r-x .text
  000028dc    000028dc    0000033a   0000033a    r-- .const
  00002c18    00002c18    000000a8   000000a8    r-- .cinit
20000000    20000000    00002848   00000000    rw-
  20000000    20000000    0000026c   00000000    rw- .vtable
  2000026c    2000026c    0000233c   00000000    rw- .bss
  200025a8    200025a8    00000200   00000000    rw- .stack
  200027a8    200027a8    000000a0   00000000    rw- .data


SECTION ALLOCATION MAP

 output                                  attributes/
section   page    origin      length       input sections
--------  ----  ----------  ----------   ----------------
.intvecs   0    00000000    0000026c     
                  00000000    0000026c     lm4f120h5qr_startup_ccs.obj (.intvecs)

.init_array 
*          0    00000000    00000000     UNINITIALIZED

.text      0    0000026c    00002670     
                  0000026c    00000234     main.obj (.text)
                  000004a0    000001d8     driverlib-cm4f.lib : sysctl.obj (.text:SysCtlClockGet)
                  00000678    00000188     usblib-cm4f.lib : usbdconfig.obj (.text:USBDeviceConfig)
                  00000800    00000174     usb_bulk_structs.obj (.text)
                  00000974    00000160     usblib-cm4f.lib : usbdenum.obj (.text:USBDEP0StateTxConfig)
                  00000ad4    0000013c     driverlib-cm4f.lib : sysctl.obj (.text:SysCtlClockSet)
                  00000c10    000000f4     usblib-cm4f.lib : usbdenum.obj (.text:USBDCDInit)
                  00000d04    000000d4                     : usbdenum.obj (.text:USBDeviceEnumHandler)
                  00000dd8    000000d0                     : usbdenum.obj (.text:USBDGetDescriptor)
                  00000ea8    000000c8     driverlib-cm4f.lib : gpio.obj (.text:GPIOPadConfigSet)
                  00000f70    000000bc     usblib-cm4f.lib : usbdconfig.obj (.text:USBDeviceConfigAlternate)
                  0000102c    000000b4                     : usbbuffer.obj (.text:HandleRxAvailable)
                  000010e0    000000a4                     : usbdenum.obj (.text:USBDeviceIntHandlerInternal)
                  00001184    000000a2                     : usbbuffer.obj (.text:ScheduleNextTransmission)
                  00001226    0000009c     rtsv7M4_T_le_v4SPD16_eabi.lib : memcpy_t2.obj (.text)
                  000012c2    00000002     --HOLE-- [fill = 0]
                  000012c4    00000094     driverlib-cm4f.lib : sysctl.obj (.text:SysCtlPeripheralReset)
                  00001358    00000094     rtsv7M4_T_le_v4SPD16_eabi.lib : auto_init.obj (.text)
                  000013ec    00000084     usblib-cm4f.lib : usbdenum.obj (.text:USBDClearFeature)
                  00001470    00000084                     : usbdenum.obj (.text:USBDSetConfiguration)
                  000014f4    00000084                     : usbdenum.obj (.text:USBDSetInterface)
                  00001578    00000078                     : usbdenum.obj (.text:USBDGetStatus)
                  000015f0    00000076     driverlib-cm4f.lib : usb.obj (.text:USBDevEndpointConfigSet)
                  00001666    00000002     --HOLE-- [fill = 0]
                  00001668    00000070     usblib-cm4f.lib : usbdbulk.obj (.text:USBDBulkCompositeInit)
                  000016d8    0000006c     driverlib-cm4f.lib : adc.obj (.text:ADCSequenceStepConfigure)
                  00001744    0000006c     usblib-cm4f.lib : usbdenum.obj (.text:USBDSetFeature)
                  000017b0    00000068                     : usbdbulk.obj (.text:USBDBulkPacketRead)
                  00001818    00000068                     : usbdenum.obj (.text:USBDEP0StateTx)
                  00001880    00000064     driverlib-cm4f.lib : interrupt.obj (.text:IntEnable)
                  000018e4    00000060     usblib-cm4f.lib : usbbuffer.obj (.text:USBBufferEventCallback)
                  00001944    0000005e     driverlib-cm4f.lib : usb.obj (.text:USBDevEndpointStatusClear)
                  000019a2    0000005e     rtsv7M4_T_le_v4SPD16_eabi.lib : copy_decompress_rle.obj (.text)
                  00001a00    0000005c     usblib-cm4f.lib : usbdbulk.obj (.text:ProcessDataFromHost)
                  00001a5c    00000058     driverlib-cm4f.lib : sysctl.obj (.text:SysCtlPeripheralEnable)
                  00001ab4    00000058     usblib-cm4f.lib : usbdenum.obj (.text:USBDReadAndDispatchRequest)
                  00001b0c    00000058                     : usbdenum.obj (.text:USBDStringIndexFromRequest)
                  00001b64    00000054                     : usbdconfig.obj (.text:GetEPDescriptorType)
                  00001bb8    00000050                     : usbdcdesc.obj (.text:USBDCDConfigDescGet)
                  00001c08    00000050     driverlib-cm4f.lib : usb.obj (.text:USBDevEndpointStallClear)
                  00001c58    0000004e     usblib-cm4f.lib : usbdcdesc.obj (.text:ConfigAlternateInterfaceGet)
                  00001ca6    0000004a                     : usbdbulk.obj (.text:USBDBulkPacketWrite)
                  00001cf0    00000048                     : usbdenum.obj (.text:USBDeviceResumeTickHandler)
                  00001d38    00000048     rtsv7M4_T_le_v4SPD16_eabi.lib : boot.obj (.text)
                  00001d80    00000046     driverlib-cm4f.lib : usb.obj (.text:USBFIFOConfigSet)
                  00001dc6    00000002     --HOLE-- [fill = 0]
                  00001dc8    00000044     usblib-cm4f.lib : usbdenum.obj (.text:USBDGetInterface)
                  00001e0c    00000044     driverlib-cm4f.lib : usb.obj (.text:USBEndpointDataGet)
                  00001e50    00000044     rtsv7M4_T_le_v4SPD16_eabi.lib : cpy_tbl.obj (.text)
                  00001e94    00000044                                   : exit.obj (.text)
                  00001ed8    0000003e     usblib-cm4f.lib : usbdconfig.obj (.text:GetEndpointFIFOSize)
                  00001f16    0000003a                     : usbdcdesc.obj (.text:USBDCDConfigGetInterfaceEndpoint)
                  00001f50    00000038                     : usbdenum.obj (.text:USBDGetConfiguration)
                  00001f88    00000038     driverlib-cm4f.lib : usb.obj (.text:USBIntStatusControl)
                  00001fc0    00000036     usblib-cm4f.lib : usbdcdesc.obj (.text:NextConfigDescGet)
                  00001ff6    00000036     driverlib-cm4f.lib : usb.obj (.text:USBDevEndpointStall)
                  0000202c    00000036     usblib-cm4f.lib : usbringbuf.obj (.text:USBRingBufAdvanceWrite)
                  00002062    00000002     --HOLE-- [fill = 0]
                  00002064    00000034     driverlib-cm4f.lib : interrupt.obj (.text:IntRegister)
                  00002098    00000034     usblib-cm4f.lib : usbtick.obj (.text:InternalUSBStartOfFrameTick)
                  000020cc    00000032                     : usbdenum.obj (.text:USBDeviceEnumResetHandler)
                  000020fe    00000030                     : usbdbulk.obj (.text:HandleEndpoints)
                  0000212e    00000002     --HOLE-- [fill = 0]
                  00002130    00000030                     : usbtick.obj (.text:InternalUSBTickInit)
                  00002160    00000030     driverlib-cm4f.lib : usb.obj (.text:USBEndpointDataPut)
                  00002190    0000002e                        : gpio.obj (.text:GPIODirModeSet)
                  000021be    0000002e                        : usb.obj (.text:USBEndpointDataSend)
                  000021ec    0000002c     usblib-cm4f.lib : usbtick.obj (.text:InternalUSBRegisterTickHandler)
                  00002218    0000002c                     : usbdbulk.obj (.text:ProcessDataToHost)
                  00002244    0000002c                     : usbdcdesc.obj (.text:USBDCDConfigDescGetNum)
                  00002270    0000002c                     : usbdesc.obj (.text:USBDescGet)
                  0000229c    0000002a     driverlib-cm4f.lib : adc.obj (.text:ADCSequenceConfigure)
                  000022c6    0000002a     usblib-cm4f.lib : usbdbulk.obj (.text:HandleDevice)
                  000022f0    00000028     driverlib-cm4f.lib : adc.obj (.text:ADCIntRegister)
                  00002318    00000028     usblib-cm4f.lib : usbdesc.obj (.text:USBDescGetNum)
                  00002340    00000028     driverlib-cm4f.lib : usb.obj (.text:USBIntEnableControl)
                  00002368    00000028     usblib-cm4f.lib : usbringbuf.obj (.text:UpdateIndexAtomic)
                  00002390    00000024                     : usbbuffer.obj (.text:HandleRequestBuffer)
                  000023b4    00000024                     : usbdenum.obj (.text:USBDSetAddress)
                  000023d8    00000024     driverlib-cm4f.lib : usb.obj (.text:USBDevEndpointDataAck)
                  000023fc    00000022     usblib-cm4f.lib : usbdbulk.obj (.text:BulkTickHandler)
                  0000241e    00000020     driverlib-cm4f.lib : adc.obj (.text:ADCSequenceDataGet)
                  0000243e    00000002     --HOLE-- [fill = 0]
                  00002440    00000020                        : sysctl.obj (.text:SysCtlADCSpeedSet)
                  00002460    00000020     usblib-cm4f.lib : usbmode.obj (.text:USBStackModeSet)
                  00002480    0000001e                     : usbbuffer.obj (.text:HandleDataRemaining)
                  0000249e    0000001e                     : usbdbulk.obj (.text:USBDBulkRxPacketAvailable)
                  000024bc    0000001e     driverlib-cm4f.lib : usb.obj (.text:USBEndpointDataAvail)
                  000024da    0000001e     usblib-cm4f.lib : usbringbuf.obj (.text:USBRingBufAdvanceRead)
                  000024f8    0000001c                     : usbdbulk.obj (.text:HandleConfigChange)
                  00002514    0000001c                     : usbdbulk.obj (.text:HandleDisconnect)
                  00002530    0000001c                     : usbdbulk.obj (.text:SetDeferredOpFlag)
                  0000254c    0000001c                     : usbdbulk.obj (.text:USBDBulkInit)
                  00002568    0000001c                     : usbdcdesc.obj (.text:USBDCDConfigGetInterface)
                  00002584    0000001c                     : usbdenum.obj (.text:USBDCDStallEP0)
                  000025a0    0000001c                     : usbringbuf.obj (.text:USBRingBufContigFree)
                  000025bc    0000001a                     : usbringbuf.obj (.text:USBRingBufWrite)
                  000025d6    00000002     --HOLE-- [fill = 0]
                  000025d8    00000018                     : usbdhandler.obj (.text:USB0DeviceIntHandler)
                  000025f0    00000018                     : usbdcdesc.obj (.text:USBDCDConfigDescGetSize)
                  00002608    00000018                     : usbdenum.obj (.text:USBDSetDescriptor)
                  00002620    00000018                     : usbdenum.obj (.text:USBDSyncFrame)
                  00002638    00000018     rtsv7M4_T_le_v4SPD16_eabi.lib : args_main.obj (.text)
                  00002650    00000016     usblib-cm4f.lib : usbbuffer.obj (.text:USBBufferInit)
                  00002666    00000016     driverlib-cm4f.lib : usb.obj (.text:USBHostResume)
                  0000267c    00000016                        : usb.obj (.text:USBIndexWrite)
                  00002692    00000016     usblib-cm4f.lib : usbringbuf.obj (.text:USBRingBufUsed)
                  000026a8    00000014                     : usbbuffer.obj (.text:USBBufferDataWritten)
                  000026bc    00000014     driverlib-cm4f.lib : usb.obj (.text:USBIntEnableEndpoint)
                  000026d0    00000014     usblib-cm4f.lib : usbringbuf.obj (.text:USBRingBufContigUsed)
                  000026e4    00000014                     : usbringbuf.obj (.text:USBRingBufFlush)
                  000026f8    00000014     rtsv7M4_T_le_v4SPD16_eabi.lib : _lock.obj (.text)
                  0000270c    00000012     driverlib-cm4f.lib : gpio.obj (.text:GPIOPinTypeGPIOInput)
                  0000271e    00000012                        : gpio.obj (.text:GPIOPinTypeGPIOOutput)
                  00002730    00000012                        : gpio.obj (.text:GPIOPinTypeUSBAnalog)
                  00002742    00000012     usblib-cm4f.lib : usbdbulk.obj (.text:HandleResume)
                  00002754    00000012                     : usbdbulk.obj (.text:HandleSuspend)
                  00002766    00000012                     : usbbuffer.obj (.text:HandleTxComplete)
                  00002778    00000012     driverlib-cm4f.lib : usb.obj (.text:USBEndpointStatus)
                  0000278a    00000012     usblib-cm4f.lib : usbringbuf.obj (.text:USBRingBufFree)
                  0000279c    00000012                     : usbringbuf.obj (.text:USBRingBufWriteOne)
                  000027ae    00000012     rtsv7M4_T_le_v4SPD16_eabi.lib : copy_zero_init.obj (.text:decompress:ZI)
                  000027c0    00000010     driverlib-cm4f.lib : adc.obj (.text:ADCIntEnable)
                  000027d0    00000010                        : sysctl.obj (.text:SysCtlUSBPLLEnable)
                  000027e0    00000010     usblib-cm4f.lib : usbdbulk.obj (.text:USBDBulkTxPacketAvailable)
                  000027f0    0000000e     driverlib-cm4f.lib : adc.obj (.text:ADCSequenceDisable)
                  000027fe    0000000e                        : adc.obj (.text:ADCSequenceEnable)
                  0000280c    0000000e     usblib-cm4f.lib : usbbuffer.obj (.text:USBBufferInfoGet)
                  0000281a    0000000e     rtsv7M4_T_le_v4SPD16_eabi.lib : copy_decompress_none.obj (.text:decompress:none)
                  00002828    0000000c     driverlib-cm4f.lib : cpu.obj (.text:CPUcpsid)
                  00002834    0000000c                        : cpu.obj (.text:CPUcpsie)
                  00002840    0000000c                        : gpio.obj (.text:GPIOADCTriggerEnable)
                  0000284c    0000000c                        : usb.obj (.text:USBIntStatusEndpoint)
                  00002858    0000000c     usblib-cm4f.lib : usbringbuf.obj (.text:USBRingBufInit)
                  00002864    0000000c     lm4f120h5qr_startup_ccs.obj (.text)
                  00002870    0000000a     driverlib-cm4f.lib : adc.obj (.text:ADCIntClear)
                  0000287a    0000000a                        : gpio.obj (.text:GPIOPinWrite)
                  00002884    0000000a                        : interrupt.obj (.text:IntMasterDisable)
                  0000288e    0000000a                        : interrupt.obj (.text:IntMasterEnable)
                  00002898    0000000a                        : usb.obj (.text:USBDevConnect)
                  000028a2    0000000a                        : usb.obj (.text:USBDevDisconnect)
                  000028ac    00000008                        : usb.obj (.text:USBDevMode)
                  000028b4    00000008                        : usb.obj (.text:USBOTGMode)
                  000028bc    00000006                        : sysctl.obj (.text:SysCtlDelay)
                  000028c2    00000006     usblib-cm4f.lib : usbbuffer.obj (.text:USBBufferFlush)
                  000028c8    00000006                     : usbbuffer.obj (.text:USBBufferSpaceAvailable)
                  000028ce    00000006     rtsv7M4_T_le_v4SPD16_eabi.lib : copy_decompress_rle.obj (.text:decompress:rle24)
                  000028d4    00000004     driverlib-cm4f.lib : adc.obj (.text:ADCPhaseDelaySet)
                  000028d8    00000004                        : usb.obj (.text:USBDevAddrSet)

.const     0    000028dc    0000033a     
                  000028dc    00000078     usblib-cm4f.lib : usbdenum.obj (.const:g_sUSBDefaultFIFOConfig)
                  00002954    00000070     driverlib-cm4f.lib : interrupt.obj (.const)
                  000029c4    0000006c                        : sysctl.obj (.const:g_pulXtals)
                  00002a30    00000040                        : sysctl.obj (.const)
                  00002a70    00000034     usblib-cm4f.lib : usbdenum.obj (.const:g_psUSBDStdRequests)
                  00002aa4    00000034                     : usbdbulk.obj (.const)
                  00002ad8    00000030     usb_bulk_structs.obj (.const:.string:g_pConfigString)
                  00002b08    00000028     usb_bulk_structs.obj (.const:.string:g_pDataInterfaceString)
                  00002b30    00000028     usb_bulk_structs.obj (.const:.string:g_pProductString)
                  00002b58    00000024     usb_bulk_structs.obj (.const:.string:g_pManufacturerString)
                  00002b7c    00000024     usb_bulk_structs.obj (.const:g_sBulkDevice)
                  00002ba0    00000024     usb_bulk_structs.obj (.const:g_sRxBuffer)
                  00002bc4    00000024     usb_bulk_structs.obj (.const:g_sTxBuffer)
                  00002be8    00000018     usb_bulk_structs.obj (.const)
                  00002c00    00000016     usb_bulk_structs.obj (.const:.string)

.cinit     0    00002c18    000000a8     
                  00002c18    0000006d     (.cinit..data.load) [load image, compression = rle]
                  00002c85    00000003     --HOLE-- [fill = 0]
                  00002c88    0000000c     (__TI_handler_table)
                  00002c94    00000004     --HOLE-- [fill = 0]
                  00002c98    00000008     (.cinit..bss.load) [load image, compression = zero_init]
                  00002ca0    00000008     (.cinit..vtable.load) [load image, compression = zero_init]
                  00002ca8    00000018     (__TI_cinit_table)

.vtable    0    20000000    0000026c     UNINITIALIZED
                  20000000    0000026c     driverlib-cm4f.lib : interrupt.obj (.vtable)

.bss       0    2000026c    0000233c     UNINITIALIZED
                  2000026c    00002000     usb_bulk_structs.obj (.bss:histBuff)
                  2000226c    00000100     usb_bulk_structs.obj (.bss:g_pucUSBRxBuffer)
                  2000236c    00000100     usb_bulk_structs.obj (.bss:g_pucUSBTxBuffer)
                  2000246c    00000054     usblib-cm4f.lib : usbdenum.obj (.bss:g_psUSBDevice)
                  200024c0    00000040                     : usbdenum.obj (.bss:g_pucDataBufferIn)
                  20002500    00000030                     : usbtick.obj (.bss)
                  20002530    00000018     (.common:g_pucRxBufferWorkspace)
                  20002548    00000018     (.common:g_pucTxBufferWorkspace)
                  20002560    00000018     (.common:g_sBulkInstance)
                  20002578    00000010     (.common:adcTemp)
                  20002588    0000000c                     : usbmode.obj (.bss)
                  20002594    00000004     (.common:g_ulRxCount)
                  20002598    00000004     (.common:g_ulTxCount)
                  2000259c    00000004     (.common:tempValue)
                  200025a0    00000004     (.common:ulRxCount)
                  200025a4    00000004     (.common:ulTxCount)

.stack     0    200025a8    00000200     UNINITIALIZED
                  200025a8    00000200     --HOLE--

.data      0    200027a8    000000a0     UNINITIALIZED
                  200027a8    0000004c     usblib-cm4f.lib : usbdbulk.obj (.data:g_sBulkDeviceInfo)
                  200027f4    00000024                     : usbdbulk.obj (.data)
                  20002818    0000000c                     : usbtick.obj (.data)
                  20002824    00000009                     : usbmode.obj (.data)
                  2000282d    00000001     usb_bulk_structs.obj (.data)
                  2000282e    00000002     --HOLE--
                  20002830    00000008     rtsv7M4_T_le_v4SPD16_eabi.lib : _lock.obj (.data)
                  20002838    00000008                                   : exit.obj (.data)
                  20002840    00000004                                   : stkdepth_vars.obj (.data)
                  20002844    00000004     usblib-cm4f.lib : usbdenum.obj (.data)


LINKER GENERATED COPY TABLES

__TI_cinit_table @ 00002ca8 records: 3, size/record: 8, table size: 24
	.data: load addr=00002c18, load size=0000006d bytes, run addr=200027a8, run size=000000a0 bytes, compression=rle
	.bss: load addr=00002c98, load size=00000008 bytes, run addr=2000026c, run size=0000233c bytes, compression=zero_init
	.vtable: load addr=00002ca0, load size=00000008 bytes, run addr=20000000, run size=0000026c bytes, compression=zero_init


LINKER GENERATED HANDLER TABLE

__TI_handler_table @ 00002c88 records: 3, size/record: 4, table size: 12
	index: 0, handler: __TI_zero_init
	index: 1, handler: __TI_decompress_rle24
	index: 2, handler: __TI_decompress_none


GLOBAL SYMBOLS: SORTED ALPHABETICALLY BY Name 

address    name
--------   ----
00002871   ADCIntClear
000027c1   ADCIntEnable
000022f1   ADCIntRegister
000028d5   ADCPhaseDelaySet
0000229d   ADCSequenceConfigure
0000241f   ADCSequenceDataGet
000027f1   ADCSequenceDisable
000027ff   ADCSequenceEnable
000016d9   ADCSequenceStepConfigure
00001e95   C$$EXIT
00002829   CPUcpsid
00002835   CPUcpsie
000003f5   ConvDoneInt
00002841   GPIOADCTriggerEnable
00002191   GPIODirModeSet
00000ea9   GPIOPadConfigSet
0000270d   GPIOPinTypeGPIOInput
0000271f   GPIOPinTypeGPIOOutput
00002731   GPIOPinTypeUSBAnalog
0000287b   GPIOPinWrite
00001881   IntEnable
00002885   IntMasterDisable
0000288f   IntMasterEnable
00002065   IntRegister
000021ed   InternalUSBRegisterTickHandler
00002099   InternalUSBStartOfFrameTick
00002131   InternalUSBTickInit
00002865   ResetISR
00000909   RxHandler
UNDEFED    SHT$$INIT_ARRAY$$Base
UNDEFED    SHT$$INIT_ARRAY$$Limit
00002441   SysCtlADCSpeedSet
000004a1   SysCtlClockGet
00000ad5   SysCtlClockSet
000028bd   SysCtlDelay
00001a5d   SysCtlPeripheralEnable
000012c5   SysCtlPeripheralReset
000027d1   SysCtlUSBPLLEnable
000008e7   TxHandler
000025d9   USB0DeviceIntHandler
000026a9   USBBufferDataWritten
000018e5   USBBufferEventCallback
000028c3   USBBufferFlush
0000280d   USBBufferInfoGet
00002651   USBBufferInit
000028c9   USBBufferSpaceAvailable
00001669   USBDBulkCompositeInit
0000254d   USBDBulkInit
000017b1   USBDBulkPacketRead
00001ca7   USBDBulkPacketWrite
0000249f   USBDBulkRxPacketAvailable
000027e1   USBDBulkTxPacketAvailable
00001bb9   USBDCDConfigDescGet
00002245   USBDCDConfigDescGetNum
000025f1   USBDCDConfigDescGetSize
00002569   USBDCDConfigGetInterface
00001f17   USBDCDConfigGetInterfaceEndpoint
00000c11   USBDCDInit
00002585   USBDCDStallEP0
00002271   USBDescGet
00002319   USBDescGetNum
000028d9   USBDevAddrSet
00002899   USBDevConnect
000028a3   USBDevDisconnect
000015f1   USBDevEndpointConfigSet
000023d9   USBDevEndpointDataAck
00001ff7   USBDevEndpointStall
00001c09   USBDevEndpointStallClear
00001945   USBDevEndpointStatusClear
000028ad   USBDevMode
00000679   USBDeviceConfig
00000f71   USBDeviceConfigAlternate
00000d05   USBDeviceEnumHandler
000020cd   USBDeviceEnumResetHandler
000010e1   USBDeviceIntHandlerInternal
00001cf1   USBDeviceResumeTickHandler
000024bd   USBEndpointDataAvail
00001e0d   USBEndpointDataGet
00002161   USBEndpointDataPut
000021bf   USBEndpointDataSend
00002779   USBEndpointStatus
00001d81   USBFIFOConfigSet
00002667   USBHostResume
00002341   USBIntEnableControl
000026bd   USBIntEnableEndpoint
00001f89   USBIntStatusControl
0000284d   USBIntStatusEndpoint
000028b5   USBOTGMode
000024db   USBRingBufAdvanceRead
0000202d   USBRingBufAdvanceWrite
000025a1   USBRingBufContigFree
000026d1   USBRingBufContigUsed
000026e5   USBRingBufFlush
0000278b   USBRingBufFree
00002859   USBRingBufInit
00002693   USBRingBufUsed
000025bd   USBRingBufWrite
0000279d   USBRingBufWriteOne
00002461   USBStackModeSet
200027a8   __STACK_END
00000200   __STACK_SIZE
200027a8   __STACK_TOP
00002ca8   __TI_CINIT_Base
00002cc0   __TI_CINIT_Limit
00002c88   __TI_Handler_Table_Base
00002c94   __TI_Handler_Table_Limit
00000001   __TI_args_main
00001359   __TI_auto_init
20002838   __TI_cleanup_ptr
0000281b   __TI_decompress_none
000028cf   __TI_decompress_rle24
2000283c   __TI_dtors_ptr
00000000   __TI_static_base__
000027af   __TI_zero_init
00001227   __aeabi_memcpy
00001227   __aeabi_memcpy4
00001227   __aeabi_memcpy8
ffffffff   __binit__
ffffffff   __c_args__
200025a8   __stack
00002639   _args_main
00001d39   _c_int00
20002830   _lock
00002707   _nop
000026ff   _register_lock
000026f9   _register_unlock
20002834   _unlock
00001e99   abort
20002578   adcTemp
ffffffff   binit
00001e51   copy_in
00001ea1   exit
20002818   g_bUSBTimerInitialized
2000258c   g_eOTGModeState
20002824   g_eUSBMode
00002ad4   g_pBulkConfigDescriptors
20002806   g_pBulkDescriptor
200027f4   g_pBulkDeviceDescriptor
00002aa4   g_pBulkInterface
00002ad8   g_pConfigString
00002b08   g_pDataInterfaceString
00002c00   g_pLangDescriptor
00002b58   g_pManufacturerString
00002b30   g_pProductString
00002c04   g_pSerialNumberString
00002be8   g_pStringDescriptors
20002500   g_pfTickHandlers
20000000   g_pfnRAMVectors
00000000   g_pfnVectors
20002810   g_psBulkSections
2000246c   g_psUSBDevice
20002530   g_pucRxBufferWorkspace
20002548   g_pucTxBufferWorkspace
2000226c   g_pucUSBRxBuffer
2000236c   g_pucUSBTxBuffer
20002518   g_pvTickInstance
00002acc   g_sBulkConfigHeader
00002abc   g_sBulkConfigSection
00002b7c   g_sBulkDevice
200027a8   g_sBulkDeviceInfo
20002560   g_sBulkInstance
00002ac4   g_sBulkInterfaceSection
00002ba0   g_sRxBuffer
00002bc4   g_sTxBuffer
000028dc   g_sUSBDefaultFIFOConfig
2000281c   g_ulCurrentUSBTick
20002588   g_ulPollRate
20002594   g_ulRxCount
20002598   g_ulTxCount
20002820   g_ulUSBSOFCount
20002828   g_ulWaitTicks
2000026c   histBuff
0000026d   main
20002840   main_func_sp
00001227   memcpy
2000259c   tempValue
200025a0   ulRxCount
200025a4   ulTxCount


GLOBAL SYMBOLS: SORTED BY Symbol Address 

address    name
--------   ----
00000000   __TI_static_base__
00000000   g_pfnVectors
00000001   __TI_args_main
00000200   __STACK_SIZE
0000026d   main
000003f5   ConvDoneInt
000004a1   SysCtlClockGet
00000679   USBDeviceConfig
000008e7   TxHandler
00000909   RxHandler
00000ad5   SysCtlClockSet
00000c11   USBDCDInit
00000d05   USBDeviceEnumHandler
00000ea9   GPIOPadConfigSet
00000f71   USBDeviceConfigAlternate
000010e1   USBDeviceIntHandlerInternal
00001227   __aeabi_memcpy
00001227   __aeabi_memcpy4
00001227   __aeabi_memcpy8
00001227   memcpy
000012c5   SysCtlPeripheralReset
00001359   __TI_auto_init
000015f1   USBDevEndpointConfigSet
00001669   USBDBulkCompositeInit
000016d9   ADCSequenceStepConfigure
000017b1   USBDBulkPacketRead
00001881   IntEnable
000018e5   USBBufferEventCallback
00001945   USBDevEndpointStatusClear
00001a5d   SysCtlPeripheralEnable
00001bb9   USBDCDConfigDescGet
00001c09   USBDevEndpointStallClear
00001ca7   USBDBulkPacketWrite
00001cf1   USBDeviceResumeTickHandler
00001d39   _c_int00
00001d81   USBFIFOConfigSet
00001e0d   USBEndpointDataGet
00001e51   copy_in
00001e95   C$$EXIT
00001e99   abort
00001ea1   exit
00001f17   USBDCDConfigGetInterfaceEndpoint
00001f89   USBIntStatusControl
00001ff7   USBDevEndpointStall
0000202d   USBRingBufAdvanceWrite
00002065   IntRegister
00002099   InternalUSBStartOfFrameTick
000020cd   USBDeviceEnumResetHandler
00002131   InternalUSBTickInit
00002161   USBEndpointDataPut
00002191   GPIODirModeSet
000021bf   USBEndpointDataSend
000021ed   InternalUSBRegisterTickHandler
00002245   USBDCDConfigDescGetNum
00002271   USBDescGet
0000229d   ADCSequenceConfigure
000022f1   ADCIntRegister
00002319   USBDescGetNum
00002341   USBIntEnableControl
000023d9   USBDevEndpointDataAck
0000241f   ADCSequenceDataGet
00002441   SysCtlADCSpeedSet
00002461   USBStackModeSet
0000249f   USBDBulkRxPacketAvailable
000024bd   USBEndpointDataAvail
000024db   USBRingBufAdvanceRead
0000254d   USBDBulkInit
00002569   USBDCDConfigGetInterface
00002585   USBDCDStallEP0
000025a1   USBRingBufContigFree
000025bd   USBRingBufWrite
000025d9   USB0DeviceIntHandler
000025f1   USBDCDConfigDescGetSize
00002639   _args_main
00002651   USBBufferInit
00002667   USBHostResume
00002693   USBRingBufUsed
000026a9   USBBufferDataWritten
000026bd   USBIntEnableEndpoint
000026d1   USBRingBufContigUsed
000026e5   USBRingBufFlush
000026f9   _register_unlock
000026ff   _register_lock
00002707   _nop
0000270d   GPIOPinTypeGPIOInput
0000271f   GPIOPinTypeGPIOOutput
00002731   GPIOPinTypeUSBAnalog
00002779   USBEndpointStatus
0000278b   USBRingBufFree
0000279d   USBRingBufWriteOne
000027af   __TI_zero_init
000027c1   ADCIntEnable
000027d1   SysCtlUSBPLLEnable
000027e1   USBDBulkTxPacketAvailable
000027f1   ADCSequenceDisable
000027ff   ADCSequenceEnable
0000280d   USBBufferInfoGet
0000281b   __TI_decompress_none
00002829   CPUcpsid
00002835   CPUcpsie
00002841   GPIOADCTriggerEnable
0000284d   USBIntStatusEndpoint
00002859   USBRingBufInit
00002865   ResetISR
00002871   ADCIntClear
0000287b   GPIOPinWrite
00002885   IntMasterDisable
0000288f   IntMasterEnable
00002899   USBDevConnect
000028a3   USBDevDisconnect
000028ad   USBDevMode
000028b5   USBOTGMode
000028bd   SysCtlDelay
000028c3   USBBufferFlush
000028c9   USBBufferSpaceAvailable
000028cf   __TI_decompress_rle24
000028d5   ADCPhaseDelaySet
000028d9   USBDevAddrSet
000028dc   g_sUSBDefaultFIFOConfig
00002aa4   g_pBulkInterface
00002abc   g_sBulkConfigSection
00002ac4   g_sBulkInterfaceSection
00002acc   g_sBulkConfigHeader
00002ad4   g_pBulkConfigDescriptors
00002ad8   g_pConfigString
00002b08   g_pDataInterfaceString
00002b30   g_pProductString
00002b58   g_pManufacturerString
00002b7c   g_sBulkDevice
00002ba0   g_sRxBuffer
00002bc4   g_sTxBuffer
00002be8   g_pStringDescriptors
00002c00   g_pLangDescriptor
00002c04   g_pSerialNumberString
00002c88   __TI_Handler_Table_Base
00002c94   __TI_Handler_Table_Limit
00002ca8   __TI_CINIT_Base
00002cc0   __TI_CINIT_Limit
20000000   g_pfnRAMVectors
2000026c   histBuff
2000226c   g_pucUSBRxBuffer
2000236c   g_pucUSBTxBuffer
2000246c   g_psUSBDevice
20002500   g_pfTickHandlers
20002518   g_pvTickInstance
20002530   g_pucRxBufferWorkspace
20002548   g_pucTxBufferWorkspace
20002560   g_sBulkInstance
20002578   adcTemp
20002588   g_ulPollRate
2000258c   g_eOTGModeState
20002594   g_ulRxCount
20002598   g_ulTxCount
2000259c   tempValue
200025a0   ulRxCount
200025a4   ulTxCount
200025a8   __stack
200027a8   __STACK_END
200027a8   __STACK_TOP
200027a8   g_sBulkDeviceInfo
200027f4   g_pBulkDeviceDescriptor
20002806   g_pBulkDescriptor
20002810   g_psBulkSections
20002818   g_bUSBTimerInitialized
2000281c   g_ulCurrentUSBTick
20002820   g_ulUSBSOFCount
20002824   g_eUSBMode
20002828   g_ulWaitTicks
20002830   _lock
20002834   _unlock
20002838   __TI_cleanup_ptr
2000283c   __TI_dtors_ptr
20002840   main_func_sp
ffffffff   __binit__
ffffffff   __c_args__
ffffffff   binit
UNDEFED    SHT$$INIT_ARRAY$$Base
UNDEFED    SHT$$INIT_ARRAY$$Limit

[178 symbols]
