------------------------------------------------------------
TimeQuest Timing Analyzer Summary
------------------------------------------------------------

Type  : Slow Model Setup 'control_disparo:inst|EA[0]'
Slack : -4.599
TNS   : -1953.109

Type  : Slow Model Setup 'ifclk'
Slack : -4.427
TNS   : -8.740

Type  : Slow Model Setup 'inst1|altpll_component|pll|clk[0]'
Slack : -1.764
TNS   : -17.391

Type  : Slow Model Hold 'control_disparo:inst|EA[0]'
Slack : -0.172
TNS   : -0.332

Type  : Slow Model Hold 'ifclk'
Slack : 0.445
TNS   : 0.000

Type  : Slow Model Hold 'inst1|altpll_component|pll|clk[0]'
Slack : 0.445
TNS   : 0.000

Type  : Slow Model Recovery 'ifclk'
Slack : 7.690
TNS   : 0.000

Type  : Slow Model Removal 'ifclk'
Slack : 11.594
TNS   : 0.000

Type  : Slow Model Minimum Pulse Width 'control_disparo:inst|EA[0]'
Slack : -2.064
TNS   : -2044.984

Type  : Slow Model Minimum Pulse Width 'inst1|altpll_component|pll|clk[0]'
Slack : 3.888
TNS   : 0.000

Type  : Slow Model Minimum Pulse Width 'ifclk'
Slack : 7.852
TNS   : 0.000

Type  : Fast Model Setup 'ifclk'
Slack : -1.621
TNS   : -3.189

Type  : Fast Model Setup 'control_disparo:inst|EA[0]'
Slack : -1.457
TNS   : -513.981

Type  : Fast Model Setup 'inst1|altpll_component|pll|clk[0]'
Slack : -0.975
TNS   : -11.002

Type  : Fast Model Hold 'control_disparo:inst|EA[0]'
Slack : 0.031
TNS   : 0.000

Type  : Fast Model Hold 'ifclk'
Slack : 0.215
TNS   : 0.000

Type  : Fast Model Hold 'inst1|altpll_component|pll|clk[0]'
Slack : 0.215
TNS   : 0.000

Type  : Fast Model Recovery 'ifclk'
Slack : 9.189
TNS   : 0.000

Type  : Fast Model Removal 'ifclk'
Slack : 11.000
TNS   : 0.000

Type  : Fast Model Minimum Pulse Width 'control_disparo:inst|EA[0]'
Slack : -1.880
TNS   : -1856.800

Type  : Fast Model Minimum Pulse Width 'inst1|altpll_component|pll|clk[0]'
Slack : 3.999
TNS   : 0.000

Type  : Fast Model Minimum Pulse Width 'ifclk'
Slack : 8.036
TNS   : 0.000

------------------------------------------------------------
