------------------------------------------------------------
TimeQuest Timing Analyzer Summary
------------------------------------------------------------

Type  : Slow Model Setup 'wen'
Slack : -3.984
TNS   : -1703.679

Type  : Slow Model Setup 'ifclk'
Slack : 2.084
TNS   : 0.000

Type  : Slow Model Setup 'inst4|altpll_component|pll|clk[1]'
Slack : 8.985
TNS   : 0.000

Type  : Slow Model Setup 'inst4|altpll_component|pll|clk[2]'
Slack : 18.983
TNS   : 0.000

Type  : Slow Model Hold 'ifclk'
Slack : -1.520
TNS   : -3.035

Type  : Slow Model Hold 'wen'
Slack : -0.227
TNS   : -0.227

Type  : Slow Model Hold 'inst4|altpll_component|pll|clk[1]'
Slack : 0.615
TNS   : 0.000

Type  : Slow Model Hold 'inst4|altpll_component|pll|clk[2]'
Slack : 0.625
TNS   : 0.000

Type  : Slow Model Recovery 'ifclk'
Slack : 7.803
TNS   : 0.000

Type  : Slow Model Removal 'ifclk'
Slack : 11.588
TNS   : 0.000

Type  : Slow Model Minimum Pulse Width 'wen'
Slack : -2.064
TNS   : -2052.563

Type  : Slow Model Minimum Pulse Width 'inst4|altpll_component|pll|clk[1]'
Slack : 3.888
TNS   : 0.000

Type  : Slow Model Minimum Pulse Width 'ifclk'
Slack : 7.852
TNS   : 0.000

Type  : Slow Model Minimum Pulse Width 'inst4|altpll_component|pll|clk[2]'
Slack : 8.888
TNS   : 0.000

Type  : Fast Model Setup 'wen'
Slack : -1.457
TNS   : -419.674

Type  : Fast Model Setup 'ifclk'
Slack : 2.276
TNS   : 0.000

Type  : Fast Model Setup 'inst4|altpll_component|pll|clk[1]'
Slack : 9.552
TNS   : 0.000

Type  : Fast Model Setup 'inst4|altpll_component|pll|clk[2]'
Slack : 19.551
TNS   : 0.000

Type  : Fast Model Hold 'ifclk'
Slack : -1.582
TNS   : -3.161

Type  : Fast Model Hold 'wen'
Slack : -0.573
TNS   : -6.374

Type  : Fast Model Hold 'inst4|altpll_component|pll|clk[1]'
Slack : 0.239
TNS   : 0.000

Type  : Fast Model Hold 'inst4|altpll_component|pll|clk[2]'
Slack : 0.245
TNS   : 0.000

Type  : Fast Model Recovery 'ifclk'
Slack : 9.237
TNS   : 0.000

Type  : Fast Model Removal 'ifclk'
Slack : 10.998
TNS   : 0.000

Type  : Fast Model Minimum Pulse Width 'wen'
Slack : -1.880
TNS   : -1863.022

Type  : Fast Model Minimum Pulse Width 'inst4|altpll_component|pll|clk[1]'
Slack : 3.999
TNS   : 0.000

Type  : Fast Model Minimum Pulse Width 'ifclk'
Slack : 8.036
TNS   : 0.000

Type  : Fast Model Minimum Pulse Width 'inst4|altpll_component|pll|clk[2]'
Slack : 8.999
TNS   : 0.000

------------------------------------------------------------
