14:08:16 **** Clean-only build of configuration Debug for project Test1 ****
make clean 
rm -rf  ./src/main.o  ./src/main.d  Test1.elf.size  Test1.elf
' '
14:08:16 **** Clean-only build of project standalone_bsp_0 ****
make -k clean 
rm -rf ps7_cortexa9_0
14:08:17 **** Build of project standalone_bsp_0 ****
make -k all 
libgen -hw ../module_1_hw_platform/system.xml\
	       \
	       -pe ps7_cortexa9_0 \
	       -log libgen.log \
	       system.mss
libgen
Xilinx EDK 14.5 Build EDK_P.58f
Copyright (c) 1995-2012 Xilinx, Inc.  All rights reserved.

Command Line: libgen -hw ../module_1_hw_platform/system.xml -pe ps7_cortexa9_0
-log libgen.log system.mss 


Staging source files.
Running DRCs.
Running generate.
Running post_generate.
Running include - 'make -s include "COMPILER=arm-xilinx-eabi-gcc"
"ARCHIVER=arm-xilinx-eabi-ar" "COMPILER_FLAGS= -O2 -c"
"EXTRA_COMPILER_FLAGS=-g"'.

Running libs - 'make -s libs "COMPILER=arm-xilinx-eabi-gcc"
"ARCHIVER=arm-xilinx-eabi-ar" "COMPILER_FLAGS= -O2 -c"
"EXTRA_COMPILER_FLAGS=-g"'.
"Compiling common"
arm-xilinx-eabi-ar: creating ../../../lib/libxil.a
"Compiling xadc"
"Compiling standalone"
"Compiling gpio"
"Compiling devcfg"
"Compiling dmaps"
"Compiling emacps"
"Compiling gpiops"
"Compiling qspips"
"Compiling scugic"
"Compiling scutimer"
"Compiling scuwdt"
"Compiling uartps"
"Compiling usbps"
"Compiling cpu_cortexa9"
Running execs_generate.
'Finished building libraries'
14:08:29 **** Build of configuration Debug for project Test1 ****
make all 
'Building file: ../src/main.c'
'Invoking: ARM gcc compiler'
arm-xilinx-eabi-gcc -Wall -O0 -g3 -c -fmessage-length=0 -I../../standalone_bsp_0/ps7_cortexa9_0/include -MMD -MP -MF"src/main.d" -MT"src/main.d" -o "src/main.o" "../src/main.c"
'Finished building: ../src/main.c'
' '
'Building target: Test1.elf'
'Invoking: ARM gcc linker'
arm-xilinx-eabi-gcc -Wl,-T -Wl,../src/lscript.ld -L../../standalone_bsp_0/ps7_cortexa9_0/lib -o "Test1.elf"  ./src/main.o   -Wl,--start-group,-lxil,-lgcc,-lc,--end-group
'Finished building target: Test1.elf'
' '
'Invoking: ARM Print Size'
arm-xilinx-eabi-size Test1.elf  |tee "Test1.elf.size"
   text	   data	    bss	    dec	    hex	filename
  29500	   1904	  38036	  69440	  10f40	Test1.elf
'Finished building: Test1.elf.size'
' '
14:09:07 **** Incremental Build of configuration Debug for project Test1 ****
make all 
make: No se hace nada para `all'.
15:42:01 **** Auto Build of project standalone_bsp_0 ****
make -k all 
'Finished building libraries'
15:42:27 **** Incremental Build of configuration Debug for project Test1 ****
make all 
make: No se hace nada para `all'.
15:43:53 **** Auto Build of configuration Debug for project Test1 ****
make all 
'Building file: ../src/main.c'
'Invoking: ARM gcc compiler'
arm-xilinx-eabi-gcc -Wall -O0 -g3 -c -fmessage-length=0 -I../../standalone_bsp_0/ps7_cortexa9_0/include -MMD -MP -MF"src/main.d" -MT"src/main.d" -o "src/main.o" "../src/main.c"
'Finished building: ../src/main.c'
' '
'Building target: Test1.elf'
'Invoking: ARM gcc linker'
arm-xilinx-eabi-gcc -Wl,-T -Wl,../src/lscript.ld -L../../standalone_bsp_0/ps7_cortexa9_0/lib -o "Test1.elf"  ./src/main.o   -Wl,--start-group,-lxil,-lgcc,-lc,--end-group
'Finished building target: Test1.elf'
' '
'Invoking: ARM Print Size'
arm-xilinx-eabi-size Test1.elf  |tee "Test1.elf.size"
   text	   data	    bss	    dec	    hex	filename
  29500	   1904	  38036	  69440	  10f40	Test1.elf
'Finished building: Test1.elf.size'
' '
15:44:13 **** Incremental Build of configuration Debug for project Test1 ****
make all 
make: No se hace nada para `all'.
15:44:49 **** Auto Build of configuration Debug for project Test1 ****
make all 
'Building file: ../src/main.c'
'Invoking: ARM gcc compiler'
arm-xilinx-eabi-gcc -Wall -O0 -g3 -c -fmessage-length=0 -I../../standalone_bsp_0/ps7_cortexa9_0/include -MMD -MP -MF"src/main.d" -MT"src/main.d" -o "src/main.o" "../src/main.c"
'Finished building: ../src/main.c'
' '
'Building target: Test1.elf'
'Invoking: ARM gcc linker'
arm-xilinx-eabi-gcc -Wl,-T -Wl,../src/lscript.ld -L../../standalone_bsp_0/ps7_cortexa9_0/lib -o "Test1.elf"  ./src/main.o   -Wl,--start-group,-lxil,-lgcc,-lc,--end-group
'Finished building target: Test1.elf'
' '
'Invoking: ARM Print Size'
arm-xilinx-eabi-size Test1.elf  |tee "Test1.elf.size"
   text	   data	    bss	    dec	    hex	filename
  29500	   1904	  38036	  69440	  10f40	Test1.elf
'Finished building: Test1.elf.size'
' '
15:44:58 **** Incremental Build of configuration Debug for project Test1 ****
make all 
make: No se hace nada para `all'.
15:45:17 **** Auto Build of configuration Debug for project Test1 ****
make all 
'Building file: ../src/main.c'
'Invoking: ARM gcc compiler'
arm-xilinx-eabi-gcc -Wall -O0 -g3 -c -fmessage-length=0 -I../../standalone_bsp_0/ps7_cortexa9_0/include -MMD -MP -MF"src/main.d" -MT"src/main.d" -o "src/main.o" "../src/main.c"
'Finished building: ../src/main.c'
' '
'Building target: Test1.elf'
'Invoking: ARM gcc linker'
arm-xilinx-eabi-gcc -Wl,-T -Wl,../src/lscript.ld -L../../standalone_bsp_0/ps7_cortexa9_0/lib -o "Test1.elf"  ./src/main.o   -Wl,--start-group,-lxil,-lgcc,-lc,--end-group
'Finished building target: Test1.elf'
' '
'Invoking: ARM Print Size'
arm-xilinx-eabi-size Test1.elf  |tee "Test1.elf.size"
   text	   data	    bss	    dec	    hex	filename
  29500	   1904	  38036	  69440	  10f40	Test1.elf
'Finished building: Test1.elf.size'
' '
15:45:23 **** Incremental Build of configuration Debug for project Test1 ****
make all 
make: No se hace nada para `all'.
15:47:19 **** Auto Build of configuration Debug for project Test1 ****
make all 
'Building file: ../src/main.c'
'Invoking: ARM gcc compiler'
arm-xilinx-eabi-gcc -Wall -O0 -g3 -c -fmessage-length=0 -I../../standalone_bsp_0/ps7_cortexa9_0/include -MMD -MP -MF"src/main.d" -MT"src/main.d" -o "src/main.o" "../src/main.c"
'Finished building: ../src/main.c'
' '
'Building target: Test1.elf'
'Invoking: ARM gcc linker'
arm-xilinx-eabi-gcc -Wl,-T -Wl,../src/lscript.ld -L../../standalone_bsp_0/ps7_cortexa9_0/lib -o "Test1.elf"  ./src/main.o   -Wl,--start-group,-lxil,-lgcc,-lc,--end-group
'Finished building target: Test1.elf'
' '
'Invoking: ARM Print Size'
arm-xilinx-eabi-size Test1.elf  |tee "Test1.elf.size"
   text	   data	    bss	    dec	    hex	filename
  29500	   1904	  38036	  69440	  10f40	Test1.elf
'Finished building: Test1.elf.size'
' '
15:47:23 **** Incremental Build of configuration Debug for project Test1 ****
make all 
make: No se hace nada para `all'.
15:47:54 **** Incremental Build of configuration Debug for project Test1 ****
make all 
make: No se hace nada para `all'.
15:59:28 **** Incremental Build of configuration Debug for project Test1 ****
make all 
make: No se hace nada para `all'.
16:01:28 **** Incremental Build of configuration Debug for project Test1 ****
make all 
make: No se hace nada para `all'.
16:01:51 **** Incremental Build of configuration Debug for project Test1 ****
make all 
make: No se hace nada para `all'.
16:03:23 **** Incremental Build of configuration Debug for project Test1 ****
make all 
make: No se hace nada para `all'.
16:08:17 **** Auto Build of project standalone_bsp_0 ****
make -k all 
'Finished building libraries'
16:17:51 **** Incremental Build of configuration Debug for project Test1 ****
make all 
make: No se hace nada para `all'.
16:33:21 **** Auto Build of project standalone_bsp_0 ****
make -k all 
'Finished building libraries'
16:34:28 **** Incremental Build of configuration Debug for project Test1 ****
make all 
make: No se hace nada para `all'.
16:36:47 **** Incremental Build of configuration Debug for project Test1 ****
make all 
make: No se hace nada para `all'.
16:38:37 **** Incremental Build of configuration Debug for project Test1 ****
make all 
make: No se hace nada para `all'.
16:38:56 **** Incremental Build of configuration Debug for project Test1 ****
make all 
make: No se hace nada para `all'.
17:06:40 **** Auto Build of project standalone_bsp_0 ****
make -k all 
'Finished building libraries'
17:07:01 **** Incremental Build of configuration Debug for project Test1 ****
make all 
make: No se hace nada para `all'.
17:08:21 **** Incremental Build of configuration Debug for project Test1 ****
make all 
make: No se hace nada para `all'.
17:24:41 **** Auto Build of project standalone_bsp_0 ****
make -k all 
'Finished building libraries'
17:25:06 **** Incremental Build of configuration Debug for project Test1 ****
make all 
make: No se hace nada para `all'.
17:26:17 **** Incremental Build of configuration Debug for project Test1 ****
make all 
make: No se hace nada para `all'.
17:29:42 **** Auto Build of project standalone_bsp_0 ****
make -k all 
'Finished building libraries'
17:34:30 **** Incremental Build of configuration Debug for project Test1 ****
make all 
make: No se hace nada para `all'.
17:34:51 **** Incremental Build of configuration Debug for project Test1 ****
make all 
make: No se hace nada para `all'.
17:44:46 **** Auto Build of project standalone_bsp_0 ****
make -k all 
'Finished building libraries'
17:45:05 **** Incremental Build of configuration Debug for project Test1 ****
make all 
make: No se hace nada para `all'.
17:45:31 **** Incremental Build of configuration Debug for project Test1 ****
make all 
make: No se hace nada para `all'.
17:46:23 **** Incremental Build of configuration Debug for project Test1 ****
make all 
make: No se hace nada para `all'.
17:48:15 **** Incremental Build of configuration Debug for project Test1 ****
make all 
make: No se hace nada para `all'.
17:49:04 **** Incremental Build of configuration Debug for project Test1 ****
make all 
make: No se hace nada para `all'.
17:57:53 **** Auto Build of project standalone_bsp_0 ****
make -k all 
'Finished building libraries'
17:58:11 **** Incremental Build of configuration Debug for project Test1 ****
make all 
make: No se hace nada para `all'.
17:58:34 **** Incremental Build of configuration Debug for project Test1 ****
make all 
make: No se hace nada para `all'.
17:59:23 **** Auto Build of configuration Debug for project Test1 ****
make all 
'Building file: ../src/main.c'
'Invoking: ARM gcc compiler'
arm-xilinx-eabi-gcc -Wall -O0 -g3 -c -fmessage-length=0 -I../../standalone_bsp_0/ps7_cortexa9_0/include -MMD -MP -MF"src/main.d" -MT"src/main.d" -o "src/main.o" "../src/main.c"
'Finished building: ../src/main.c'
' '
'Building target: Test1.elf'
'Invoking: ARM gcc linker'
arm-xilinx-eabi-gcc -Wl,-T -Wl,../src/lscript.ld -L../../standalone_bsp_0/ps7_cortexa9_0/lib -o "Test1.elf"  ./src/main.o   -Wl,--start-group,-lxil,-lgcc,-lc,--end-group
'Finished building target: Test1.elf'
' '
'Invoking: ARM Print Size'
arm-xilinx-eabi-size Test1.elf  |tee "Test1.elf.size"
   text	   data	    bss	    dec	    hex	filename
  29500	   1904	  38036	  69440	  10f40	Test1.elf
'Finished building: Test1.elf.size'
' '
17:59:28 **** Incremental Build of configuration Debug for project Test1 ****
make all 
make: No se hace nada para `all'.
18:05:11 **** Auto Build of project standalone_bsp_0 ****
make -k all 
'Finished building libraries'
18:06:00 **** Incremental Build of configuration Debug for project Test1 ****
make all 
make: No se hace nada para `all'.
18:11:07 **** Auto Build of project standalone_bsp_0 ****
make -k all 
'Finished building libraries'
18:11:36 **** Incremental Build of configuration Debug for project Test1 ****
make all 
make: No se hace nada para `all'.
18:12:42 **** Auto Build of configuration Debug for project Test1 ****
make all 
'Building file: ../src/main.c'
'Invoking: ARM gcc compiler'
arm-xilinx-eabi-gcc -Wall -O0 -g3 -c -fmessage-length=0 -I../../standalone_bsp_0/ps7_cortexa9_0/include -MMD -MP -MF"src/main.d" -MT"src/main.d" -o "src/main.o" "../src/main.c"
'Finished building: ../src/main.c'
' '
'Building target: Test1.elf'
'Invoking: ARM gcc linker'
arm-xilinx-eabi-gcc -Wl,-T -Wl,../src/lscript.ld -L../../standalone_bsp_0/ps7_cortexa9_0/lib -o "Test1.elf"  ./src/main.o   -Wl,--start-group,-lxil,-lgcc,-lc,--end-group
'Finished building target: Test1.elf'
' '
'Invoking: ARM Print Size'
arm-xilinx-eabi-size Test1.elf  |tee "Test1.elf.size"
   text	   data	    bss	    dec	    hex	filename
  29500	   1904	  38036	  69440	  10f40	Test1.elf
'Finished building: Test1.elf.size'
' '
18:12:52 **** Incremental Build of configuration Debug for project Test1 ****
make all 
make: No se hace nada para `all'.
18:15:46 **** Auto Build of configuration Debug for project Test1 ****
make all 
'Building file: ../src/main.c'
'Invoking: ARM gcc compiler'
arm-xilinx-eabi-gcc -Wall -O0 -g3 -c -fmessage-length=0 -I../../standalone_bsp_0/ps7_cortexa9_0/include -MMD -MP -MF"src/main.d" -MT"src/main.d" -o "src/main.o" "../src/main.c"
'Finished building: ../src/main.c'
' '
'Building target: Test1.elf'
'Invoking: ARM gcc linker'
arm-xilinx-eabi-gcc -Wl,-T -Wl,../src/lscript.ld -L../../standalone_bsp_0/ps7_cortexa9_0/lib -o "Test1.elf"  ./src/main.o   -Wl,--start-group,-lxil,-lgcc,-lc,--end-group
'Finished building target: Test1.elf'
' '
'Invoking: ARM Print Size'
arm-xilinx-eabi-size Test1.elf  |tee "Test1.elf.size"
   text	   data	    bss	    dec	    hex	filename
  29500	   1904	  38036	  69440	  10f40	Test1.elf
'Finished building: Test1.elf.size'
' '
18:15:50 **** Incremental Build of configuration Debug for project Test1 ****
make all 
make: No se hace nada para `all'.
18:16:07 **** Auto Build of configuration Debug for project Test1 ****
make all 
'Building file: ../src/main.c'
'Invoking: ARM gcc compiler'
arm-xilinx-eabi-gcc -Wall -O0 -g3 -c -fmessage-length=0 -I../../standalone_bsp_0/ps7_cortexa9_0/include -MMD -MP -MF"src/main.d" -MT"src/main.d" -o "src/main.o" "../src/main.c"
'Finished building: ../src/main.c'
' '
'Building target: Test1.elf'
'Invoking: ARM gcc linker'
arm-xilinx-eabi-gcc -Wl,-T -Wl,../src/lscript.ld -L../../standalone_bsp_0/ps7_cortexa9_0/lib -o "Test1.elf"  ./src/main.o   -Wl,--start-group,-lxil,-lgcc,-lc,--end-group
'Finished building target: Test1.elf'
' '
'Invoking: ARM Print Size'
arm-xilinx-eabi-size Test1.elf  |tee "Test1.elf.size"
   text	   data	    bss	    dec	    hex	filename
  29500	   1904	  38036	  69440	  10f40	Test1.elf
'Finished building: Test1.elf.size'
' '
18:16:16 **** Incremental Build of configuration Debug for project Test1 ****
make all 
make: No se hace nada para `all'.
18:16:48 **** Incremental Build of configuration Debug for project Test1 ****
make all 
make: No se hace nada para `all'.
18:19:20 **** Incremental Build of configuration Debug for project Test1 ****
make all 
make: No se hace nada para `all'.
18:21:30 **** Auto Build of configuration Debug for project Test1 ****
make all 
'Building file: ../src/main.c'
'Invoking: ARM gcc compiler'
arm-xilinx-eabi-gcc -Wall -O0 -g3 -c -fmessage-length=0 -I../../standalone_bsp_0/ps7_cortexa9_0/include -MMD -MP -MF"src/main.d" -MT"src/main.d" -o "src/main.o" "../src/main.c"
'Finished building: ../src/main.c'
' '
'Building target: Test1.elf'
'Invoking: ARM gcc linker'
arm-xilinx-eabi-gcc -Wl,-T -Wl,../src/lscript.ld -L../../standalone_bsp_0/ps7_cortexa9_0/lib -o "Test1.elf"  ./src/main.o   -Wl,--start-group,-lxil,-lgcc,-lc,--end-group
'Finished building target: Test1.elf'
' '
'Invoking: ARM Print Size'
arm-xilinx-eabi-size Test1.elf  |tee "Test1.elf.size"
   text	   data	    bss	    dec	    hex	filename
  29500	   1904	  38036	  69440	  10f40	Test1.elf
'Finished building: Test1.elf.size'
' '
18:22:00 **** Incremental Build of configuration Debug for project Test1 ****
make all 
make: No se hace nada para `all'.
18:33:13 **** Incremental Build of configuration Debug for project Test1 ****
make all 
make: No se hace nada para `all'.
09:37:45 **** Incremental Build of configuration Debug for project Test1 ****
make all 
make: No se hace nada para `all'.
10:14:43 **** Incremental Build of configuration Debug for project Test1 ****
make all 
make: No se hace nada para `all'.
10:17:45 **** Incremental Build of configuration Debug for project Test1 ****
make all 
make: No se hace nada para `all'.
10:42:27 **** Auto Build of configuration Debug for project Test1 ****
make all 
'Building file: ../src/main.c'
'Invoking: ARM gcc compiler'
arm-xilinx-eabi-gcc -Wall -O0 -g3 -c -fmessage-length=0 -I../../standalone_bsp_0/ps7_cortexa9_0/include -MMD -MP -MF"src/main.d" -MT"src/main.d" -o "src/main.o" "../src/main.c"
'Finished building: ../src/main.c'
' '
'Building target: Test1.elf'
'Invoking: ARM gcc linker'
arm-xilinx-eabi-gcc -Wl,-T -Wl,../src/lscript.ld -L../../standalone_bsp_0/ps7_cortexa9_0/lib -o "Test1.elf"  ./src/main.o   -Wl,--start-group,-lxil,-lgcc,-lc,--end-group
'Finished building target: Test1.elf'
' '
'Invoking: ARM Print Size'
arm-xilinx-eabi-size Test1.elf  |tee "Test1.elf.size"
   text	   data	    bss	    dec	    hex	filename
  29500	   1904	  38036	  69440	  10f40	Test1.elf
'Finished building: Test1.elf.size'
' '
10:42:31 **** Incremental Build of configuration Debug for project Test1 ****
make all 
make: No se hace nada para `all'.
10:44:00 **** Incremental Build of configuration Debug for project Test1 ****
make all 
make: No se hace nada para `all'.
10:58:45 **** Incremental Build of configuration Debug for project Test1 ****
make all 
make: No se hace nada para `all'.
11:01:38 **** Incremental Build of configuration Debug for project Test1 ****
make all 
make: No se hace nada para `all'.
11:05:05 **** Incremental Build of configuration Debug for project Test1 ****
make all 
make: No se hace nada para `all'.
11:09:07 **** Incremental Build of configuration Debug for project Test1 ****
make all 
make: No se hace nada para `all'.
11:29:48 **** Auto Build of project standalone_bsp_0 ****
make -k all 
'Finished building libraries'
11:30:14 **** Incremental Build of configuration Debug for project Test1 ****
make all 
make: No se hace nada para `all'.
11:30:45 **** Auto Build of configuration Debug for project Test1 ****
make all 
'Building file: ../src/main.c'
'Invoking: ARM gcc compiler'
arm-xilinx-eabi-gcc -Wall -O0 -g3 -c -fmessage-length=0 -I../../standalone_bsp_0/ps7_cortexa9_0/include -MMD -MP -MF"src/main.d" -MT"src/main.d" -o "src/main.o" "../src/main.c"
'Finished building: ../src/main.c'
' '
'Building target: Test1.elf'
'Invoking: ARM gcc linker'
arm-xilinx-eabi-gcc -Wl,-T -Wl,../src/lscript.ld -L../../standalone_bsp_0/ps7_cortexa9_0/lib -o "Test1.elf"  ./src/main.o   -Wl,--start-group,-lxil,-lgcc,-lc,--end-group
'Finished building target: Test1.elf'
' '
'Invoking: ARM Print Size'
arm-xilinx-eabi-size Test1.elf  |tee "Test1.elf.size"
   text	   data	    bss	    dec	    hex	filename
  29500	   1904	  38036	  69440	  10f40	Test1.elf
'Finished building: Test1.elf.size'
' '
11:30:49 **** Incremental Build of configuration Debug for project Test1 ****
make all 
make: No se hace nada para `all'.
11:39:33 **** Auto Build of project standalone_bsp_0 ****
make -k all 
'Finished building libraries'
11:46:58 **** Incremental Build of configuration Debug for project Test1 ****
make all 
make: No se hace nada para `all'.
11:47:50 **** Auto Build of configuration Debug for project Test1 ****
make all 
'Building file: ../src/main.c'
'Invoking: ARM gcc compiler'
arm-xilinx-eabi-gcc -Wall -O0 -g3 -c -fmessage-length=0 -I../../standalone_bsp_0/ps7_cortexa9_0/include -MMD -MP -MF"src/main.d" -MT"src/main.d" -o "src/main.o" "../src/main.c"
'Finished building: ../src/main.c'
' '
'Building target: Test1.elf'
'Invoking: ARM gcc linker'
arm-xilinx-eabi-gcc -Wl,-T -Wl,../src/lscript.ld -L../../standalone_bsp_0/ps7_cortexa9_0/lib -o "Test1.elf"  ./src/main.o   -Wl,--start-group,-lxil,-lgcc,-lc,--end-group
'Finished building target: Test1.elf'
' '
'Invoking: ARM Print Size'
arm-xilinx-eabi-size Test1.elf  |tee "Test1.elf.size"
   text	   data	    bss	    dec	    hex	filename
  29500	   1904	  38036	  69440	  10f40	Test1.elf
'Finished building: Test1.elf.size'
' '
11:47:54 **** Incremental Build of configuration Debug for project Test1 ****
make all 
make: No se hace nada para `all'.
11:50:20 **** Incremental Build of configuration Debug for project Test1 ****
make all 
make: No se hace nada para `all'.
12:06:32 **** Auto Build of project standalone_bsp_0 ****
make -k all 
'Finished building libraries'
12:06:50 **** Incremental Build of configuration Debug for project Test1 ****
make all 
make: No se hace nada para `all'.
12:10:43 **** Incremental Build of configuration Debug for project Test1 ****
make all 
make: No se hace nada para `all'.
12:16:09 **** Auto Build of configuration Debug for project Test1 ****
make all 
'Building file: ../src/main.c'
'Invoking: ARM gcc compiler'
arm-xilinx-eabi-gcc -Wall -O0 -g3 -c -fmessage-length=0 -I../../standalone_bsp_0/ps7_cortexa9_0/include -MMD -MP -MF"src/main.d" -MT"src/main.d" -o "src/main.o" "../src/main.c"
'Finished building: ../src/main.c'
' '
'Building target: Test1.elf'
'Invoking: ARM gcc linker'
arm-xilinx-eabi-gcc -Wl,-T -Wl,../src/lscript.ld -L../../standalone_bsp_0/ps7_cortexa9_0/lib -o "Test1.elf"  ./src/main.o   -Wl,--start-group,-lxil,-lgcc,-lc,--end-group
'Finished building target: Test1.elf'
' '
'Invoking: ARM Print Size'
arm-xilinx-eabi-size Test1.elf  |tee "Test1.elf.size"
   text	   data	    bss	    dec	    hex	filename
  29500	   1904	  38036	  69440	  10f40	Test1.elf
'Finished building: Test1.elf.size'
' '
12:16:20 **** Incremental Build of configuration Debug for project Test1 ****
make all 
make: No se hace nada para `all'.
12:18:05 **** Auto Build of configuration Debug for project Test1 ****
make all 
'Building file: ../src/main.c'
'Invoking: ARM gcc compiler'
arm-xilinx-eabi-gcc -Wall -O0 -g3 -c -fmessage-length=0 -I../../standalone_bsp_0/ps7_cortexa9_0/include -MMD -MP -MF"src/main.d" -MT"src/main.d" -o "src/main.o" "../src/main.c"
'Finished building: ../src/main.c'
' '
'Building target: Test1.elf'
'Invoking: ARM gcc linker'
arm-xilinx-eabi-gcc -Wl,-T -Wl,../src/lscript.ld -L../../standalone_bsp_0/ps7_cortexa9_0/lib -o "Test1.elf"  ./src/main.o   -Wl,--start-group,-lxil,-lgcc,-lc,--end-group
'Finished building target: Test1.elf'
' '
'Invoking: ARM Print Size'
arm-xilinx-eabi-size Test1.elf  |tee "Test1.elf.size"
   text	   data	    bss	    dec	    hex	filename
  29500	   1904	  38036	  69440	  10f40	Test1.elf
'Finished building: Test1.elf.size'
' '
12:18:09 **** Incremental Build of configuration Debug for project Test1 ****
make all 
make: No se hace nada para `all'.
12:24:50 **** Auto Build of project standalone_bsp_0 ****
make -k all 
'Finished building libraries'
12:25:13 **** Incremental Build of configuration Debug for project Test1 ****
make all 
make: No se hace nada para `all'.
12:25:48 **** Incremental Build of configuration Debug for project Test1 ****
make all 
make: No se hace nada para `all'.
12:26:09 **** Auto Build of configuration Debug for project Test1 ****
make all 
'Building file: ../src/main.c'
'Invoking: ARM gcc compiler'
arm-xilinx-eabi-gcc -Wall -O0 -g3 -c -fmessage-length=0 -I../../standalone_bsp_0/ps7_cortexa9_0/include -MMD -MP -MF"src/main.d" -MT"src/main.d" -o "src/main.o" "../src/main.c"
'Finished building: ../src/main.c'
' '
'Building target: Test1.elf'
'Invoking: ARM gcc linker'
arm-xilinx-eabi-gcc -Wl,-T -Wl,../src/lscript.ld -L../../standalone_bsp_0/ps7_cortexa9_0/lib -o "Test1.elf"  ./src/main.o   -Wl,--start-group,-lxil,-lgcc,-lc,--end-group
'Finished building target: Test1.elf'
' '
'Invoking: ARM Print Size'
arm-xilinx-eabi-size Test1.elf  |tee "Test1.elf.size"
   text	   data	    bss	    dec	    hex	filename
  29500	   1904	  38036	  69440	  10f40	Test1.elf
'Finished building: Test1.elf.size'
' '
12:26:16 **** Incremental Build of configuration Debug for project Test1 ****
make all 
make: No se hace nada para `all'.
12:27:09 **** Incremental Build of configuration Debug for project Test1 ****
make all 
make: No se hace nada para `all'.
12:39:36 **** Auto Build of project standalone_bsp_0 ****
make -k all 
'Finished building libraries'
12:40:04 **** Incremental Build of configuration Debug for project Test1 ****
make all 
make: No se hace nada para `all'.
12:40:24 **** Incremental Build of configuration Debug for project Test1 ****
make all 
make: No se hace nada para `all'.
12:49:57 **** Incremental Build of configuration Debug for project Test1 ****
make all 
make: No se hace nada para `all'.
12:51:09 **** Incremental Build of configuration Debug for project Test1 ****
make all 
make: No se hace nada para `all'.
12:52:50 **** Auto Build of project standalone_bsp_0 ****
make -k all 
'Finished building libraries'
12:53:05 **** Incremental Build of configuration Debug for project Test1 ****
make all 
make: No se hace nada para `all'.
12:59:05 **** Auto Build of project standalone_bsp_0 ****
make -k all 
'Finished building libraries'
12:59:26 **** Incremental Build of configuration Debug for project Test1 ****
make all 
make: No se hace nada para `all'.
13:13:38 **** Auto Build of project standalone_bsp_0 ****
make -k all 
'Finished building libraries'
13:13:57 **** Incremental Build of configuration Debug for project Test1 ****
make all 
make: No se hace nada para `all'.
13:14:18 **** Incremental Build of configuration Debug for project Test1 ****
make all 
make: No se hace nada para `all'.
13:15:06 **** Incremental Build of configuration Debug for project Test1 ****
make all 
make: No se hace nada para `all'.
13:15:39 **** Incremental Build of configuration Debug for project Test1 ****
make all 
make: No se hace nada para `all'.
13:22:10 **** Auto Build of project standalone_bsp_0 ****
make -k all 
'Finished building libraries'
13:22:27 **** Incremental Build of configuration Debug for project Test1 ****
make all 
make: No se hace nada para `all'.
13:22:59 **** Incremental Build of configuration Debug for project Test1 ****
make all 
make: No se hace nada para `all'.
13:36:03 **** Auto Build of project standalone_bsp_0 ****
make -k all 
'Finished building libraries'
13:36:46 **** Incremental Build of configuration Debug for project Test1 ****
make all 
make: No se hace nada para `all'.
13:37:45 **** Incremental Build of configuration Debug for project Test1 ****
make all 
make: No se hace nada para `all'.
13:42:38 **** Auto Build of project standalone_bsp_0 ****
make -k all 
'Finished building libraries'
13:43:05 **** Incremental Build of configuration Debug for project Test1 ****
make all 
make: No se hace nada para `all'.
13:49:12 **** Auto Build of project standalone_bsp_0 ****
make -k all 
'Finished building libraries'
13:49:35 **** Incremental Build of configuration Debug for project Test1 ****
make all 
make: No se hace nada para `all'.
13:55:54 **** Auto Build of configuration Debug for project Test1 ****
make all 
'Building file: ../src/main.c'
'Invoking: ARM gcc compiler'
arm-xilinx-eabi-gcc -Wall -O0 -g3 -c -fmessage-length=0 -I../../standalone_bsp_0/ps7_cortexa9_0/include -MMD -MP -MF"src/main.d" -MT"src/main.d" -o "src/main.o" "../src/main.c"
'Finished building: ../src/main.c'
' '
'Building target: Test1.elf'
'Invoking: ARM gcc linker'
arm-xilinx-eabi-gcc -Wl,-T -Wl,../src/lscript.ld -L../../standalone_bsp_0/ps7_cortexa9_0/lib -o "Test1.elf"  ./src/main.o   -Wl,--start-group,-lxil,-lgcc,-lc,--end-group
'Finished building target: Test1.elf'
' '
'Invoking: ARM Print Size'
arm-xilinx-eabi-size Test1.elf  |tee "Test1.elf.size"
   text	   data	    bss	    dec	    hex	filename
  29500	   1904	  38036	  69440	  10f40	Test1.elf
'Finished building: Test1.elf.size'
' '
13:55:58 **** Incremental Build of configuration Debug for project Test1 ****
make all 
make: No se hace nada para `all'.
13:58:03 **** Auto Build of project standalone_bsp_0 ****
make -k all 
'Finished building libraries'
13:58:29 **** Incremental Build of configuration Debug for project Test1 ****
make all 
make: No se hace nada para `all'.
13:59:07 **** Incremental Build of configuration Debug for project Test1 ****
make all 
make: No se hace nada para `all'.
14:03:10 **** Auto Build of project standalone_bsp_0 ****
make -k all 
'Finished building libraries'
14:03:33 **** Incremental Build of configuration Debug for project Test1 ****
make all 
make: No se hace nada para `all'.
