******************************************************************************
                  TI ARM Linker PC v5.1.7                      
******************************************************************************
>> Linked Tue Aug 26 13:02:41 2014

OUTPUT FILE NAME:   <test_SPI.out>
ENTRY POINT SYMBOL: "_c_int00"  address: 00000d49


MEMORY CONFIGURATION

         name            origin    length      used     unused   attr    fill
----------------------  --------  ---------  --------  --------  ----  --------
  FLASH                 00000000   00040000  00001308  0003ecf8  R  X
  SRAM                  20000000   00008000  0000249c  00005b64  RW X


SEGMENT ALLOCATION MAP

run origin  load origin   length   init length attrs members
----------  ----------- ---------- ----------- ----- -------
00000000    00000000    00001308   00001308    r-x
  00000000    00000000    0000026c   0000026c    r-- .intvecs
  0000026c    0000026c    00000ec0   00000ec0    r-x .text
  0000112c    0000112c    00000194   00000194    r-- .const
  000012c0    000012c0    00000048   00000048    r-- .cinit
20000000    20000000    0000249c   00000000    rw-
  20000000    20000000    0000026c   00000000    rw- .vtable
  2000026c    2000026c    00002018   00000000    rw- .bss
  20002284    20002284    00000200   00000000    rw- .stack
  20002484    20002484    00000018   00000000    rw- .data


SECTION ALLOCATION MAP

 output                                  attributes/
section   page    origin      length       input sections
--------  ----  ----------  ----------   ----------------
.intvecs   0    00000000    0000026c     
                  00000000    0000026c     lm4f120h5qr_startup_ccs.obj (.intvecs)

.init_array 
*          0    00000000    00000000     UNINITIALIZED

.text      0    0000026c    00000ec0     
                  0000026c    00000304     main.obj (.text)
                  00000570    000001d8     driverlib-cm4f.lib : sysctl.obj (.text:SysCtlClockGet)
                  00000748    0000013c                        : sysctl.obj (.text:SysCtlClockSet)
                  00000884    000000fc                        : gpio.obj (.text:GPIOGetIntNumber)
                  00000980    000000c8                        : gpio.obj (.text:GPIOPadConfigSet)
                  00000a48    0000009c     rtsv7M4_T_le_v4SPD16_eabi.lib : memcpy_t2.obj (.text)
                  00000ae4    00000094                                   : auto_init.obj (.text)
                  00000b78    0000006c     driverlib-cm4f.lib : adc.obj (.text:ADCSequenceStepConfigure)
                  00000be4    00000064                        : interrupt.obj (.text:IntEnable)
                  00000c48    0000005e     rtsv7M4_T_le_v4SPD16_eabi.lib : copy_decompress_rle.obj (.text)
                  00000ca6    00000002     --HOLE-- [fill = 0]
                  00000ca8    00000058     driverlib-cm4f.lib : sysctl.obj (.text:SysCtlPeripheralEnable)
                  00000d00    00000048                        : gpio.obj (.text:GPIOPinConfigure)
                  00000d48    00000048     rtsv7M4_T_le_v4SPD16_eabi.lib : boot.obj (.text)
                  00000d90    00000044     driverlib-cm4f.lib : gpio.obj (.text:GPIOIntTypeSet)
                  00000dd4    00000044                        : ssi.obj (.text:SSIConfigSetExpClk)
                  00000e18    00000044     rtsv7M4_T_le_v4SPD16_eabi.lib : cpy_tbl.obj (.text)
                  00000e5c    00000044                                   : exit.obj (.text)
                  00000ea0    00000034     driverlib-cm4f.lib : interrupt.obj (.text:IntRegister)
                  00000ed4    0000002e                        : gpio.obj (.text:GPIODirModeSet)
                  00000f02    0000002a                        : adc.obj (.text:ADCSequenceConfigure)
                  00000f2c    00000028                        : adc.obj (.text:ADCIntRegister)
                  00000f54    00000028                        : timer.obj (.text:TimerConfigure)
                  00000f7c    00000020                        : adc.obj (.text:ADCSequenceDataGet)
                  00000f9c    00000020                        : sysctl.obj (.text:SysCtlADCSpeedSet)
                  00000fbc    00000018                        : gpio.obj (.text:GPIOPortIntRegister)
                  00000fd4    00000018                        : timer.obj (.text:TimerControlTrigger)
                  00000fec    00000018     rtsv7M4_T_le_v4SPD16_eabi.lib : args_main.obj (.text)
                  00001004    00000014                                   : _lock.obj (.text)
                  00001018    00000012     driverlib-cm4f.lib : gpio.obj (.text:GPIOPinTypeADC)
                  0000102a    00000012                        : gpio.obj (.text:GPIOPinTypeGPIOOutput)
                  0000103c    00000012                        : gpio.obj (.text:GPIOPinTypeSSI)
                  0000104e    00000012                        : timer.obj (.text:TimerLoadSet)
                  00001060    00000012     rtsv7M4_T_le_v4SPD16_eabi.lib : copy_zero_init.obj (.text:decompress:ZI)
                  00001072    00000010     driverlib-cm4f.lib : adc.obj (.text:ADCIntEnable)
                  00001082    0000000e                        : adc.obj (.text:ADCSequenceDisable)
                  00001090    0000000e                        : adc.obj (.text:ADCSequenceEnable)
                  0000109e    0000000e     rtsv7M4_T_le_v4SPD16_eabi.lib : copy_decompress_none.obj (.text:decompress:none)
                  000010ac    0000000c     driverlib-cm4f.lib : adc.obj (.text:ADCReferenceSet)
                  000010b8    0000000c                        : cpu.obj (.text:CPUcpsie)
                  000010c4    0000000c                        : gpio.obj (.text:GPIOPinIntEnable)
                  000010d0    0000000c     lm4f120h5qr_startup_ccs.obj (.text)
                  000010dc    0000000a     driverlib-cm4f.lib : adc.obj (.text:ADCIntClear)
                  000010e6    0000000a                        : gpio.obj (.text:GPIOPinWrite)
                  000010f0    0000000a                        : interrupt.obj (.text:IntMasterEnable)
                  000010fa    0000000a                        : ssi.obj (.text:SSIDataPut)
                  00001104    0000000a                        : ssi.obj (.text:SSIEnable)
                  0000110e    00000008                        : ssi.obj (.text:SSIBusy)
                  00001116    00000006                        : gpio.obj (.text:GPIOPinIntClear)
                  0000111c    00000006                        : sysctl.obj (.text:SysCtlDelay)
                  00001122    00000006     rtsv7M4_T_le_v4SPD16_eabi.lib : copy_decompress_rle.obj (.text:decompress:rle24)
                  00001128    00000004     driverlib-cm4f.lib : adc.obj (.text:ADCPhaseDelaySet)

.const     0    0000112c    00000194     
                  0000112c    00000078     driverlib-cm4f.lib : gpio.obj (.const:g_pulGPIOBaseAddrs)
                  000011a4    00000070                        : interrupt.obj (.const)
                  00001214    0000006c                        : sysctl.obj (.const:g_pulXtals)
                  00001280    00000040                        : sysctl.obj (.const)

.cinit     0    000012c0    00000048     
                  000012c0    00000013     (.cinit..data.load) [load image, compression = rle]
                  000012d3    00000001     --HOLE-- [fill = 0]
                  000012d4    0000000c     (__TI_handler_table)
                  000012e0    00000008     (.cinit..bss.load) [load image, compression = zero_init]
                  000012e8    00000008     (.cinit..vtable.load) [load image, compression = zero_init]
                  000012f0    00000018     (__TI_cinit_table)

.vtable    0    20000000    0000026c     UNINITIALIZED
                  20000000    0000026c     driverlib-cm4f.lib : interrupt.obj (.vtable)

.bss       0    2000026c    00002018     UNINITIALIZED
                  2000026c    00002000     main.obj (.bss:histBuff)
                  2000226c    00000010     (.common:adcTemp)
                  2000227c    00000004     (.common:tempValue)
                  20002280    00000004     (.common:ulData)

.stack     0    20002284    00000200     UNINITIALIZED
                  20002284    00000200     --HOLE--

.data      0    20002484    00000018     UNINITIALIZED
                  20002484    00000008     rtsv7M4_T_le_v4SPD16_eabi.lib : _lock.obj (.data)
                  2000248c    00000008                                   : exit.obj (.data)
                  20002494    00000004     main.obj (.data)
                  20002498    00000004     rtsv7M4_T_le_v4SPD16_eabi.lib : stkdepth_vars.obj (.data)


LINKER GENERATED COPY TABLES

__TI_cinit_table @ 000012f0 records: 3, size/record: 8, table size: 24
	.data: load addr=000012c0, load size=00000013 bytes, run addr=20002484, run size=00000018 bytes, compression=rle
	.bss: load addr=000012e0, load size=00000008 bytes, run addr=2000026c, run size=00002018 bytes, compression=zero_init
	.vtable: load addr=000012e8, load size=00000008 bytes, run addr=20000000, run size=0000026c bytes, compression=zero_init


LINKER GENERATED HANDLER TABLE

__TI_handler_table @ 000012d4 records: 3, size/record: 4, table size: 12
	index: 0, handler: __TI_zero_init
	index: 1, handler: __TI_decompress_rle24
	index: 2, handler: __TI_decompress_none


GLOBAL SYMBOLS: SORTED ALPHABETICALLY BY Name 

address    name
--------   ----
000010dd   ADCIntClear
00001073   ADCIntEnable
00000f2d   ADCIntRegister
00001129   ADCPhaseDelaySet
000010ad   ADCReferenceSet
00000f03   ADCSequenceConfigure
00000f7d   ADCSequenceDataGet
00001083   ADCSequenceDisable
00001091   ADCSequenceEnable
00000b79   ADCSequenceStepConfigure
00000e5d   C$$EXIT
000010b9   CPUcpsie
0000049d   CompInt
000004c3   ConvDoneInt
00000ed5   GPIODirModeSet
00000d91   GPIOIntTypeSet
00000981   GPIOPadConfigSet
00000d01   GPIOPinConfigure
00001117   GPIOPinIntClear
000010c5   GPIOPinIntEnable
00001019   GPIOPinTypeADC
0000102b   GPIOPinTypeGPIOOutput
0000103d   GPIOPinTypeSSI
000010e7   GPIOPinWrite
00000fbd   GPIOPortIntRegister
00000be5   IntEnable
000010f1   IntMasterEnable
00000ea1   IntRegister
000010d1   ResetISR
UNDEFED    SHT$$INIT_ARRAY$$Base
UNDEFED    SHT$$INIT_ARRAY$$Limit
00000405   SPISendCmd
0000110f   SSIBusy
00000dd5   SSIConfigSetExpClk
000010fb   SSIDataPut
00001105   SSIEnable
00000f9d   SysCtlADCSpeedSet
00000571   SysCtlClockGet
00000749   SysCtlClockSet
0000111d   SysCtlDelay
00000ca9   SysCtlPeripheralEnable
00000f55   TimerConfigure
00000fd5   TimerControlTrigger
0000104f   TimerLoadSet
20002484   __STACK_END
00000200   __STACK_SIZE
20002484   __STACK_TOP
000012f0   __TI_CINIT_Base
00001308   __TI_CINIT_Limit
000012d4   __TI_Handler_Table_Base
000012e0   __TI_Handler_Table_Limit
00000001   __TI_args_main
00000ae5   __TI_auto_init
2000248c   __TI_cleanup_ptr
0000109f   __TI_decompress_none
00001123   __TI_decompress_rle24
20002490   __TI_dtors_ptr
00000000   __TI_static_base__
00001061   __TI_zero_init
00000a49   __aeabi_memcpy
00000a49   __aeabi_memcpy4
00000a49   __aeabi_memcpy8
ffffffff   __binit__
ffffffff   __c_args__
20002284   __stack
00000fed   _args_main
00000d49   _c_int00
20002484   _lock
00001013   _nop
0000100b   _register_lock
00001005   _register_unlock
20002488   _unlock
00000e61   abort
2000226c   adcTemp
ffffffff   binit
00000e19   copy_in
00000e69   exit
20000000   g_pfnRAMVectors
00000000   g_pfnVectors
2000026c   histBuff
20002494   intTime
0000026d   main
20002498   main_func_sp
00000a49   memcpy
2000227c   tempValue
20002280   ulData


GLOBAL SYMBOLS: SORTED BY Symbol Address 

address    name
--------   ----
00000000   __TI_static_base__
00000000   g_pfnVectors
00000001   __TI_args_main
00000200   __STACK_SIZE
0000026d   main
00000405   SPISendCmd
0000049d   CompInt
000004c3   ConvDoneInt
00000571   SysCtlClockGet
00000749   SysCtlClockSet
00000981   GPIOPadConfigSet
00000a49   __aeabi_memcpy
00000a49   __aeabi_memcpy4
00000a49   __aeabi_memcpy8
00000a49   memcpy
00000ae5   __TI_auto_init
00000b79   ADCSequenceStepConfigure
00000be5   IntEnable
00000ca9   SysCtlPeripheralEnable
00000d01   GPIOPinConfigure
00000d49   _c_int00
00000d91   GPIOIntTypeSet
00000dd5   SSIConfigSetExpClk
00000e19   copy_in
00000e5d   C$$EXIT
00000e61   abort
00000e69   exit
00000ea1   IntRegister
00000ed5   GPIODirModeSet
00000f03   ADCSequenceConfigure
00000f2d   ADCIntRegister
00000f55   TimerConfigure
00000f7d   ADCSequenceDataGet
00000f9d   SysCtlADCSpeedSet
00000fbd   GPIOPortIntRegister
00000fd5   TimerControlTrigger
00000fed   _args_main
00001005   _register_unlock
0000100b   _register_lock
00001013   _nop
00001019   GPIOPinTypeADC
0000102b   GPIOPinTypeGPIOOutput
0000103d   GPIOPinTypeSSI
0000104f   TimerLoadSet
00001061   __TI_zero_init
00001073   ADCIntEnable
00001083   ADCSequenceDisable
00001091   ADCSequenceEnable
0000109f   __TI_decompress_none
000010ad   ADCReferenceSet
000010b9   CPUcpsie
000010c5   GPIOPinIntEnable
000010d1   ResetISR
000010dd   ADCIntClear
000010e7   GPIOPinWrite
000010f1   IntMasterEnable
000010fb   SSIDataPut
00001105   SSIEnable
0000110f   SSIBusy
00001117   GPIOPinIntClear
0000111d   SysCtlDelay
00001123   __TI_decompress_rle24
00001129   ADCPhaseDelaySet
000012d4   __TI_Handler_Table_Base
000012e0   __TI_Handler_Table_Limit
000012f0   __TI_CINIT_Base
00001308   __TI_CINIT_Limit
20000000   g_pfnRAMVectors
2000026c   histBuff
2000226c   adcTemp
2000227c   tempValue
20002280   ulData
20002284   __stack
20002484   __STACK_END
20002484   __STACK_TOP
20002484   _lock
20002488   _unlock
2000248c   __TI_cleanup_ptr
20002490   __TI_dtors_ptr
20002494   intTime
20002498   main_func_sp
ffffffff   __binit__
ffffffff   __c_args__
ffffffff   binit
UNDEFED    SHT$$INIT_ARRAY$$Base
UNDEFED    SHT$$INIT_ARRAY$$Limit

[86 symbols]
