******************************************************************************
                  TI ARM Linker PC v5.2.2                      
******************************************************************************
>> Linked Mon Feb 08 14:46:17 2016

OUTPUT FILE NAME:   <booster_C11204_4fuentes.out>
ENTRY POINT SYMBOL: "_c_int00"  address: 00002205


MEMORY CONFIGURATION

         name            origin    length      used     unused   attr    fill
----------------------  --------  ---------  --------  --------  ----  --------
  FLASH                 00000000   00040000  000027c2  0003d83e  R  X
  SRAM                  20000000   00008000  00000240  00007dc0  RW X


SEGMENT ALLOCATION MAP

run origin  load origin   length   init length attrs members
----------  ----------- ---------- ----------- ----- -------
00000000    00000000    000027c8   000027c8    r-x
  00000000    00000000    0000026c   0000026c    r-- .intvecs
  0000026c    0000026c    0000231e   0000231e    r-x .text
  0000258c    0000258c    00000200   00000200    r-- .const
  00002790    00002790    00000038   00000038    r-- .cinit
20000000    20000000    00000240   00000000    rw-
  20000000    20000000    00000200   00000000    rw- .stack
  20000200    20000200    00000028   00000000    rw- .bss
  20000228    20000228    00000018   00000000    rw- .data


SECTION ALLOCATION MAP

 output                                  attributes/
section   page    origin      length       input sections
--------  ----  ----------  ----------   ----------------
.intvecs   0    00000000    0000026c     
                  00000000    0000026c     tm4c123gh6pm_startup_ccs.obj (.intvecs)

.text      0    0000026c    0000231e     
                  0000026c    000010be     C11204PS.obj (.text)
                  0000132a    00000002     --HOLE-- [fill = 0]
                  0000132c    00000440     main.obj (.text)
                  0000176c    000001b6     rtsv7M4_T_le_v4SPD16_eabi.lib : fd_add_t2.obj (.text)
                  00001922    00000136                                   : fd_div_t2.obj (.text)
                  00001a58    00000134                                   : strtol.obj (.text)
                  00001b8c    00000130     driverlib.lib : gpio.obj (.text:GPIOPadConfigSet)
                  00001cbc    00000118                   : sysctl.obj (.text:SysCtlClockGet)
                  00001dd4    000000fc     rtsv7M4_T_le_v4SPD16_eabi.lib : fd_mul_t2.obj (.text)
                  00001ed0    000000f0     driverlib.lib : sysctl.obj (.text:SysCtlClockSet)
                  00001fc0    0000009c     rtsv7M4_T_le_v4SPD16_eabi.lib : memcpy_t2.obj (.text)
                  0000205c    0000007a                                   : memset_t2.obj (.text)
                  000020d6    00000002     --HOLE-- [fill = 0]
                  000020d8    0000006c                                   : autoinit.obj (.text)
                  00002144    0000006a                                   : copy_decompress_rle.obj (.text)
                  000021ae    00000056                                   : ltoa.obj (.text)
                  00002204    00000050                                   : boot.obj (.text)
                  00002254    0000004c                                   : cpy_tbl.obj (.text)
                  000022a0    0000004a                                   : fd_tos_t2.obj (.text)
                  000022ea    00000002     --HOLE-- [fill = 0]
                  000022ec    00000048     driverlib.lib : gpio.obj (.text:GPIOPinConfigure)
                  00002334    00000048     rtsv7M4_T_le_v4SPD16_eabi.lib : fd_toi_t2.obj (.text)
                  0000237c    00000044                                   : exit.obj (.text)
                  000023c0    00000040     driverlib.lib : uart.obj (.text:UARTConfigSetExpClk)
                  00002400    00000038     rtsv7M4_T_le_v4SPD16_eabi.lib : fs_tod_t2.obj (.text)
                  00002438    00000034     driverlib.lib : sysctl.obj (.text:SysCtlPeripheralEnable)
                  0000246c    0000002a                   : gpio.obj (.text:GPIODirModeSet)
                  00002496    00000002     --HOLE-- [fill = 0]
                  00002498    0000001c                   : uart.obj (.text:UARTDisable)
                  000024b4    00000018                   : gpio.obj (.text:GPIOPinTypeGPIOOutput)
                  000024cc    00000018     rtsv7M4_T_le_v4SPD16_eabi.lib : args_main.obj (.text)
                  000024e4    00000014     driverlib.lib : uart.obj (.text:UARTEnable)
                  000024f8    00000014     rtsv7M4_T_le_v4SPD16_eabi.lib : _lock.obj (.text)
                  0000250c    00000012     driverlib.lib : gpio.obj (.text:GPIOPinTypeUART)
                  0000251e    0000000e                   : uart.obj (.text:UARTCharGetNonBlocking)
                  0000252c    0000000e     rtsv7M4_T_le_v4SPD16_eabi.lib : copy_decompress_none.obj (.text:decompress:none)
                  0000253a    0000000c     driverlib.lib : uart.obj (.text:UARTCharsAvail)
                  00002546    0000000c     rtsv7M4_T_le_v4SPD16_eabi.lib : copy_zero_init.obj (.text:decompress:ZI)
                  00002552    0000000c     tm4c123gh6pm_startup_ccs.obj (.text)
                  0000255e    0000000a     driverlib.lib : uart.obj (.text:UARTCharGet)
                  00002568    0000000a                   : uart.obj (.text:UARTCharPut)
                  00002572    00000008                   : uart.obj (.text:UARTBusy)
                  0000257a    00000006                   : sysctl.obj (.text:SysCtlDelay)
                  00002580    00000006     rtsv7M4_T_le_v4SPD16_eabi.lib : copy_decompress_rle.obj (.text:decompress:rle24)
                  00002586    00000004                                   : pre_init.obj (.text)

.const     0    0000258c    00000200     
                  0000258c    00000101     rtsv7M4_T_le_v4SPD16_eabi.lib : ctype.obj (.const:.string:_ctypes_)
                  0000268d    00000003     --HOLE-- [fill = 0]
                  00002690    00000090     driverlib.lib : gpio.obj (.const:g_pui32GPIOBaseAddrs)
                  00002720    0000006c                   : sysctl.obj (.const:g_pui32Xtals)

.cinit     0    00002790    00000038     
                  00002790    0000000f     (.cinit..data.load) [load image, compression = rle]
                  0000279f    00000001     --HOLE-- [fill = 0]
                  000027a0    0000000c     (__TI_handler_table)
                  000027ac    00000004     --HOLE-- [fill = 0]
                  000027b0    00000008     (.cinit..bss.load) [load image, compression = zero_init]
                  000027b8    00000010     (__TI_cinit_table)

.init_array 
*          0    00000000    00000000     UNINITIALIZED

.stack     0    20000000    00000200     UNINITIALIZED
                  20000000    00000200     --HOLE--

.bss       0    20000200    00000028     UNINITIALIZED
                  20000200    00000018     (.common:tempCorrs)
                  20000218    0000000c     (.common:buffIn)
                  20000224    00000004     (.common:HVset)

.TI.noinit 
*          0    20000200    00000000     UNINITIALIZED

.data      0    20000228    00000018     UNINITIALIZED
                  20000228    00000008     rtsv7M4_T_le_v4SPD16_eabi.lib : _lock.obj (.data)
                  20000230    00000008                                   : exit.obj (.data)
                  20000238    00000004                                   : errno.obj (.data)
                  2000023c    00000004                                   : stkdepth_vars.obj (.data)

.TI.persistent 
*          0    20000228    00000000     UNINITIALIZED


LINKER GENERATED COPY TABLES

__TI_cinit_table @ 000027b8 records: 2, size/record: 8, table size: 16
	.data: load addr=00002790, load size=0000000f bytes, run addr=20000228, run size=00000018 bytes, compression=rle
	.bss: load addr=000027b0, load size=00000008 bytes, run addr=20000200, run size=00000028 bytes, compression=zero_init


LINKER GENERATED HANDLER TABLE

__TI_handler_table @ 000027a0 records: 3, size/record: 4, table size: 12
	index: 0, handler: __TI_decompress_rle24
	index: 1, handler: __TI_decompress_none
	index: 2, handler: __TI_zero_init


GLOBAL SYMBOLS: SORTED ALPHABETICALLY BY Name 

address   name                    
-------   ----                    
0000237d  C$$EXIT                 
0000246d  GPIODirModeSet          
00001b8d  GPIOPadConfigSet        
000022ed  GPIOPinConfigure        
000024b5  GPIOPinTypeGPIOOutput   
0000250d  GPIOPinTypeUART         
20000224  HVset                   
00002553  ResetISR                
UNDEFED   SHT$$INIT_ARRAY$$Base   
UNDEFED   SHT$$INIT_ARRAY$$Limit  
00001cbd  SysCtlClockGet          
00001ed1  SysCtlClockSet          
0000257b  SysCtlDelay             
00002439  SysCtlPeripheralEnable  
00002573  UARTBusy                
0000255f  UARTCharGet             
0000251f  UARTCharGetNonBlocking  
00002569  UARTCharPut             
0000253b  UARTCharsAvail          
000023c1  UARTConfigSetExpClk     
00002499  UARTDisable             
000024e5  UARTEnable              
20000238  _Errno                  
00000359  _Z11decimal_hexiPh      
00000431  _Z8charConvfcPh         
20000200  __STACK_END             
00000200  __STACK_SIZE            
20000200  __STACK_TOP             
000027b8  __TI_CINIT_Base         
000027c8  __TI_CINIT_Limit        
000027a0  __TI_Handler_Table_Base 
000027ac  __TI_Handler_Table_Limit
000020d9  __TI_auto_init          
20000230  __TI_cleanup_ptr        
0000252d  __TI_decompress_none    
00002581  __TI_decompress_rle24   
20000234  __TI_dtors_ptr          
00000000  __TI_static_base__      
00002547  __TI_zero_init          
000022a1  __aeabi_d2f             
00002335  __aeabi_d2iz            
00001777  __aeabi_dadd            
00001923  __aeabi_ddiv            
00001dd5  __aeabi_dmul            
0000176d  __aeabi_dsub            
00002401  __aeabi_f2d             
0000205d  __aeabi_memclr          
0000205d  __aeabi_memclr4         
0000205d  __aeabi_memclr8         
00001fc1  __aeabi_memcpy          
00001fc1  __aeabi_memcpy4         
00001fc1  __aeabi_memcpy8         
0000205f  __aeabi_memset          
0000205f  __aeabi_memset4         
0000205f  __aeabi_memset8         
ffffffff  __binit__               
ffffffff  __c_args__              
20000000  __stack                 
000024cd  _args_main              
00002205  _c_int00                
0000258c  _ctypes_                
20000228  _lock                   
00002507  _nop                    
000024ff  _register_lock          
000024f9  _register_unlock        
00002587  _system_pre_init        
2000022c  _unlock                 
00002381  abort                   
ffffffff  binit                   
20000218  buffIn                  
000005c5  checkCRC                
0000053d  computeCRC              
00002255  copy_in                 
0000132d  decimal_hex             
00002389  exit                    
00000000  g_pfnVectors            
000008b9  getInfoAndStatus        
00001061  getMPPCTemp             
000011c1  getOutputCurrent        
00001111  getOutputHV             
00001271  getStatus               
000021af  ltoa                    
000013df  main                    
2000023c  main_func_sp            
00001fc1  memcpy                  
00002065  memset                  
000015ed  msgProc                 
00000f49  pSReset                 
0000072d  readAnswer              
00000a65  readTempCorrFact        
00000e47  setHVOff                
00000dd3  setHVOn                 
00000c49  setTempCorrFact         
00000fbd  setTempHV               
000005fd  startCommunication      
00000645  startCommunicationUART1 
0000067b  startCommunicationUART2 
000006c1  startCommunicationUART3 
000006f7  startCommunicationUART5 
00001a59  strtol                  
00000ebb  switchTempComp          
20000200  tempCorrs               
0000026d  unitConv                


GLOBAL SYMBOLS: SORTED BY Symbol Address 

address   name                    
-------   ----                    
00000000  __TI_static_base__      
00000000  g_pfnVectors            
00000200  __STACK_SIZE            
0000026d  unitConv                
00000359  _Z11decimal_hexiPh      
00000431  _Z8charConvfcPh         
0000053d  computeCRC              
000005c5  checkCRC                
000005fd  startCommunication      
00000645  startCommunicationUART1 
0000067b  startCommunicationUART2 
000006c1  startCommunicationUART3 
000006f7  startCommunicationUART5 
0000072d  readAnswer              
000008b9  getInfoAndStatus        
00000a65  readTempCorrFact        
00000c49  setTempCorrFact         
00000dd3  setHVOn                 
00000e47  setHVOff                
00000ebb  switchTempComp          
00000f49  pSReset                 
00000fbd  setTempHV               
00001061  getMPPCTemp             
00001111  getOutputHV             
000011c1  getOutputCurrent        
00001271  getStatus               
0000132d  decimal_hex             
000013df  main                    
000015ed  msgProc                 
0000176d  __aeabi_dsub            
00001777  __aeabi_dadd            
00001923  __aeabi_ddiv            
00001a59  strtol                  
00001b8d  GPIOPadConfigSet        
00001cbd  SysCtlClockGet          
00001dd5  __aeabi_dmul            
00001ed1  SysCtlClockSet          
00001fc1  __aeabi_memcpy          
00001fc1  __aeabi_memcpy4         
00001fc1  __aeabi_memcpy8         
00001fc1  memcpy                  
0000205d  __aeabi_memclr          
0000205d  __aeabi_memclr4         
0000205d  __aeabi_memclr8         
0000205f  __aeabi_memset          
0000205f  __aeabi_memset4         
0000205f  __aeabi_memset8         
00002065  memset                  
000020d9  __TI_auto_init          
000021af  ltoa                    
00002205  _c_int00                
00002255  copy_in                 
000022a1  __aeabi_d2f             
000022ed  GPIOPinConfigure        
00002335  __aeabi_d2iz            
0000237d  C$$EXIT                 
00002381  abort                   
00002389  exit                    
000023c1  UARTConfigSetExpClk     
00002401  __aeabi_f2d             
00002439  SysCtlPeripheralEnable  
0000246d  GPIODirModeSet          
00002499  UARTDisable             
000024b5  GPIOPinTypeGPIOOutput   
000024cd  _args_main              
000024e5  UARTEnable              
000024f9  _register_unlock        
000024ff  _register_lock          
00002507  _nop                    
0000250d  GPIOPinTypeUART         
0000251f  UARTCharGetNonBlocking  
0000252d  __TI_decompress_none    
0000253b  UARTCharsAvail          
00002547  __TI_zero_init          
00002553  ResetISR                
0000255f  UARTCharGet             
00002569  UARTCharPut             
00002573  UARTBusy                
0000257b  SysCtlDelay             
00002581  __TI_decompress_rle24   
00002587  _system_pre_init        
0000258c  _ctypes_                
000027a0  __TI_Handler_Table_Base 
000027ac  __TI_Handler_Table_Limit
000027b8  __TI_CINIT_Base         
000027c8  __TI_CINIT_Limit        
20000000  __stack                 
20000200  __STACK_END             
20000200  __STACK_TOP             
20000200  tempCorrs               
20000218  buffIn                  
20000224  HVset                   
20000228  _lock                   
2000022c  _unlock                 
20000230  __TI_cleanup_ptr        
20000234  __TI_dtors_ptr          
20000238  _Errno                  
2000023c  main_func_sp            
ffffffff  __binit__               
ffffffff  __c_args__              
ffffffff  binit                   
UNDEFED   SHT$$INIT_ARRAY$$Base   
UNDEFED   SHT$$INIT_ARRAY$$Limit  

[103 symbols]
