******************************************************************************
                  TI ARM Linker PC v5.2.2                      
******************************************************************************
>> Linked Mon Dec 21 17:15:24 2015

OUTPUT FILE NAME:   <booster_C11204_4fuentes.out>
ENTRY POINT SYMBOL: "_c_int00"  address: 0000226d


MEMORY CONFIGURATION

         name            origin    length      used     unused   attr    fill
----------------------  --------  ---------  --------  --------  ----  --------
  FLASH                 00000000   00040000  0000282a  0003d7d6  R  X
  SRAM                  20000000   00008000  00000240  00007dc0  RW X


SEGMENT ALLOCATION MAP

run origin  load origin   length   init length attrs members
----------  ----------- ---------- ----------- ----- -------
00000000    00000000    00002830   00002830    r-x
  00000000    00000000    0000026c   0000026c    r-- .intvecs
  0000026c    0000026c    00002386   00002386    r-x .text
  000025f4    000025f4    00000200   00000200    r-- .const
  000027f8    000027f8    00000038   00000038    r-- .cinit
20000000    20000000    00000240   00000000    rw-
  20000000    20000000    00000200   00000000    rw- .stack
  20000200    20000200    00000028   00000000    rw- .bss
  20000228    20000228    00000018   00000000    rw- .data


SECTION ALLOCATION MAP

 output                                  attributes/
section   page    origin      length       input sections
--------  ----  ----------  ----------   ----------------
.intvecs   0    00000000    0000026c     
                  00000000    0000026c     tm4c123gh6pm_startup_ccs.obj (.intvecs)

.text      0    0000026c    00002386     
                  0000026c    000010f6     C11204PS.obj (.text)
                  00001362    00000002     --HOLE-- [fill = 0]
                  00001364    00000470     main.obj (.text)
                  000017d4    000001b6     rtsv7M4_T_le_v4SPD16_eabi.lib : fd_add_t2.obj (.text)
                  0000198a    00000136                                   : fd_div_t2.obj (.text)
                  00001ac0    00000134                                   : strtol.obj (.text)
                  00001bf4    00000130     driverlib.lib : gpio.obj (.text:GPIOPadConfigSet)
                  00001d24    00000118                   : sysctl.obj (.text:SysCtlClockGet)
                  00001e3c    000000fc     rtsv7M4_T_le_v4SPD16_eabi.lib : fd_mul_t2.obj (.text)
                  00001f38    000000f0     driverlib.lib : sysctl.obj (.text:SysCtlClockSet)
                  00002028    0000009c     rtsv7M4_T_le_v4SPD16_eabi.lib : memcpy_t2.obj (.text)
                  000020c4    0000007a                                   : memset_t2.obj (.text)
                  0000213e    00000002     --HOLE-- [fill = 0]
                  00002140    0000006c                                   : autoinit.obj (.text)
                  000021ac    0000006a                                   : copy_decompress_rle.obj (.text)
                  00002216    00000056                                   : ltoa.obj (.text)
                  0000226c    00000050                                   : boot.obj (.text)
                  000022bc    0000004c                                   : cpy_tbl.obj (.text)
                  00002308    0000004a                                   : fd_tos_t2.obj (.text)
                  00002352    00000002     --HOLE-- [fill = 0]
                  00002354    00000048     driverlib.lib : gpio.obj (.text:GPIOPinConfigure)
                  0000239c    00000048     rtsv7M4_T_le_v4SPD16_eabi.lib : fd_toi_t2.obj (.text)
                  000023e4    00000044                                   : exit.obj (.text)
                  00002428    00000040     driverlib.lib : uart.obj (.text:UARTConfigSetExpClk)
                  00002468    00000038     rtsv7M4_T_le_v4SPD16_eabi.lib : fs_tod_t2.obj (.text)
                  000024a0    00000034     driverlib.lib : sysctl.obj (.text:SysCtlPeripheralEnable)
                  000024d4    0000002a                   : gpio.obj (.text:GPIODirModeSet)
                  000024fe    00000002     --HOLE-- [fill = 0]
                  00002500    0000001c                   : uart.obj (.text:UARTDisable)
                  0000251c    00000018                   : gpio.obj (.text:GPIOPinTypeGPIOOutput)
                  00002534    00000018     rtsv7M4_T_le_v4SPD16_eabi.lib : args_main.obj (.text)
                  0000254c    00000014     driverlib.lib : uart.obj (.text:UARTEnable)
                  00002560    00000014     rtsv7M4_T_le_v4SPD16_eabi.lib : _lock.obj (.text)
                  00002574    00000012     driverlib.lib : gpio.obj (.text:GPIOPinTypeUART)
                  00002586    0000000e                   : uart.obj (.text:UARTCharGetNonBlocking)
                  00002594    0000000e     rtsv7M4_T_le_v4SPD16_eabi.lib : copy_decompress_none.obj (.text:decompress:none)
                  000025a2    0000000c     driverlib.lib : uart.obj (.text:UARTCharsAvail)
                  000025ae    0000000c     rtsv7M4_T_le_v4SPD16_eabi.lib : copy_zero_init.obj (.text:decompress:ZI)
                  000025ba    0000000c     tm4c123gh6pm_startup_ccs.obj (.text)
                  000025c6    0000000a     driverlib.lib : uart.obj (.text:UARTCharGet)
                  000025d0    0000000a                   : uart.obj (.text:UARTCharPut)
                  000025da    00000008                   : uart.obj (.text:UARTBusy)
                  000025e2    00000006                   : sysctl.obj (.text:SysCtlDelay)
                  000025e8    00000006     rtsv7M4_T_le_v4SPD16_eabi.lib : copy_decompress_rle.obj (.text:decompress:rle24)
                  000025ee    00000004                                   : pre_init.obj (.text)

.const     0    000025f4    00000200     
                  000025f4    00000101     rtsv7M4_T_le_v4SPD16_eabi.lib : ctype.obj (.const:.string:_ctypes_)
                  000026f5    00000003     --HOLE-- [fill = 0]
                  000026f8    00000090     driverlib.lib : gpio.obj (.const:g_pui32GPIOBaseAddrs)
                  00002788    0000006c                   : sysctl.obj (.const:g_pui32Xtals)

.cinit     0    000027f8    00000038     
                  000027f8    0000000f     (.cinit..data.load) [load image, compression = rle]
                  00002807    00000001     --HOLE-- [fill = 0]
                  00002808    0000000c     (__TI_handler_table)
                  00002814    00000004     --HOLE-- [fill = 0]
                  00002818    00000008     (.cinit..bss.load) [load image, compression = zero_init]
                  00002820    00000010     (__TI_cinit_table)

.init_array 
*          0    00000000    00000000     UNINITIALIZED

.stack     0    20000000    00000200     UNINITIALIZED
                  20000000    00000200     --HOLE--

.bss       0    20000200    00000028     UNINITIALIZED
                  20000200    00000018     (.common:tempCorrs)
                  20000218    0000000c     (.common:buffIn)
                  20000224    00000004     (.common:HVset)

.TI.noinit 
*          0    20000200    00000000     UNINITIALIZED

.data      0    20000228    00000018     UNINITIALIZED
                  20000228    00000008     rtsv7M4_T_le_v4SPD16_eabi.lib : _lock.obj (.data)
                  20000230    00000008                                   : exit.obj (.data)
                  20000238    00000004                                   : errno.obj (.data)
                  2000023c    00000004                                   : stkdepth_vars.obj (.data)

.TI.persistent 
*          0    20000228    00000000     UNINITIALIZED


LINKER GENERATED COPY TABLES

__TI_cinit_table @ 00002820 records: 2, size/record: 8, table size: 16
	.data: load addr=000027f8, load size=0000000f bytes, run addr=20000228, run size=00000018 bytes, compression=rle
	.bss: load addr=00002818, load size=00000008 bytes, run addr=20000200, run size=00000028 bytes, compression=zero_init


LINKER GENERATED HANDLER TABLE

__TI_handler_table @ 00002808 records: 3, size/record: 4, table size: 12
	index: 0, handler: __TI_decompress_rle24
	index: 1, handler: __TI_decompress_none
	index: 2, handler: __TI_zero_init


GLOBAL SYMBOLS: SORTED ALPHABETICALLY BY Name 

address   name                    
-------   ----                    
000023e5  C$$EXIT                 
000024d5  GPIODirModeSet          
00001bf5  GPIOPadConfigSet        
00002355  GPIOPinConfigure        
0000251d  GPIOPinTypeGPIOOutput   
00002575  GPIOPinTypeUART         
20000224  HVset                   
000025bb  ResetISR                
UNDEFED   SHT$$INIT_ARRAY$$Base   
UNDEFED   SHT$$INIT_ARRAY$$Limit  
00001d25  SysCtlClockGet          
00001f39  SysCtlClockSet          
000025e3  SysCtlDelay             
000024a1  SysCtlPeripheralEnable  
000025db  UARTBusy                
000025c7  UARTCharGet             
00002587  UARTCharGetNonBlocking  
000025d1  UARTCharPut             
000025a3  UARTCharsAvail          
00002429  UARTConfigSetExpClk     
00002501  UARTDisable             
0000254d  UARTEnable              
20000238  _Errno                  
00000359  _Z11decimal_hexiPh      
00000431  _Z8charConvfcPh         
20000200  __STACK_END             
00000200  __STACK_SIZE            
20000200  __STACK_TOP             
00002820  __TI_CINIT_Base         
00002830  __TI_CINIT_Limit        
00002808  __TI_Handler_Table_Base 
00002814  __TI_Handler_Table_Limit
00002141  __TI_auto_init          
20000230  __TI_cleanup_ptr        
00002595  __TI_decompress_none    
000025e9  __TI_decompress_rle24   
20000234  __TI_dtors_ptr          
00000000  __TI_static_base__      
000025af  __TI_zero_init          
00002309  __aeabi_d2f             
0000239d  __aeabi_d2iz            
000017df  __aeabi_dadd            
0000198b  __aeabi_ddiv            
00001e3d  __aeabi_dmul            
000017d5  __aeabi_dsub            
00002469  __aeabi_f2d             
000020c5  __aeabi_memclr          
000020c5  __aeabi_memclr4         
000020c5  __aeabi_memclr8         
00002029  __aeabi_memcpy          
00002029  __aeabi_memcpy4         
00002029  __aeabi_memcpy8         
000020c7  __aeabi_memset          
000020c7  __aeabi_memset4         
000020c7  __aeabi_memset8         
ffffffff  __binit__               
ffffffff  __c_args__              
20000000  __stack                 
00002535  _args_main              
0000226d  _c_int00                
000025f4  _ctypes_                
20000228  _lock                   
0000256f  _nop                    
00002567  _register_lock          
00002561  _register_unlock        
000025ef  _system_pre_init        
2000022c  _unlock                 
000023e9  abort                   
ffffffff  binit                   
20000218  buffIn                  
000005c5  checkCRC                
0000053d  computeCRC              
000022bd  copy_in                 
00001365  decimal_hex             
000023f1  exit                    
00000000  g_pfnVectors            
000008b9  getInfoAndStatus        
00001099  getMPPCTemp             
000011f9  getOutputCurrent        
00001149  getOutputHV             
000012a9  getStatus               
00002217  ltoa                    
00001417  main                    
2000023c  main_func_sp            
00002029  memcpy                  
000020cd  memset                  
0000165d  msgProc                 
00000f7d  pSReset                 
00000729  readAnswer              
00000a65  readTempCorrFact        
00000e7b  setHVOff                
00000e07  setHVOn                 
00000c49  setTempCorrFact         
00000ff1  setTempHV               
000005fd  startCommunication      
00000645  startCommunicationUART1 
0000067b  startCommunicationUART2 
000006c1  startCommunicationUART3 
000006f3  startCommunicationUART5 
00001ac1  strtol                  
00000eef  switchTempComp          
20000200  tempCorrs               
0000026d  unitConv                


GLOBAL SYMBOLS: SORTED BY Symbol Address 

address   name                    
-------   ----                    
00000000  __TI_static_base__      
00000000  g_pfnVectors            
00000200  __STACK_SIZE            
0000026d  unitConv                
00000359  _Z11decimal_hexiPh      
00000431  _Z8charConvfcPh         
0000053d  computeCRC              
000005c5  checkCRC                
000005fd  startCommunication      
00000645  startCommunicationUART1 
0000067b  startCommunicationUART2 
000006c1  startCommunicationUART3 
000006f3  startCommunicationUART5 
00000729  readAnswer              
000008b9  getInfoAndStatus        
00000a65  readTempCorrFact        
00000c49  setTempCorrFact         
00000e07  setHVOn                 
00000e7b  setHVOff                
00000eef  switchTempComp          
00000f7d  pSReset                 
00000ff1  setTempHV               
00001099  getMPPCTemp             
00001149  getOutputHV             
000011f9  getOutputCurrent        
000012a9  getStatus               
00001365  decimal_hex             
00001417  main                    
0000165d  msgProc                 
000017d5  __aeabi_dsub            
000017df  __aeabi_dadd            
0000198b  __aeabi_ddiv            
00001ac1  strtol                  
00001bf5  GPIOPadConfigSet        
00001d25  SysCtlClockGet          
00001e3d  __aeabi_dmul            
00001f39  SysCtlClockSet          
00002029  __aeabi_memcpy          
00002029  __aeabi_memcpy4         
00002029  __aeabi_memcpy8         
00002029  memcpy                  
000020c5  __aeabi_memclr          
000020c5  __aeabi_memclr4         
000020c5  __aeabi_memclr8         
000020c7  __aeabi_memset          
000020c7  __aeabi_memset4         
000020c7  __aeabi_memset8         
000020cd  memset                  
00002141  __TI_auto_init          
00002217  ltoa                    
0000226d  _c_int00                
000022bd  copy_in                 
00002309  __aeabi_d2f             
00002355  GPIOPinConfigure        
0000239d  __aeabi_d2iz            
000023e5  C$$EXIT                 
000023e9  abort                   
000023f1  exit                    
00002429  UARTConfigSetExpClk     
00002469  __aeabi_f2d             
000024a1  SysCtlPeripheralEnable  
000024d5  GPIODirModeSet          
00002501  UARTDisable             
0000251d  GPIOPinTypeGPIOOutput   
00002535  _args_main              
0000254d  UARTEnable              
00002561  _register_unlock        
00002567  _register_lock          
0000256f  _nop                    
00002575  GPIOPinTypeUART         
00002587  UARTCharGetNonBlocking  
00002595  __TI_decompress_none    
000025a3  UARTCharsAvail          
000025af  __TI_zero_init          
000025bb  ResetISR                
000025c7  UARTCharGet             
000025d1  UARTCharPut             
000025db  UARTBusy                
000025e3  SysCtlDelay             
000025e9  __TI_decompress_rle24   
000025ef  _system_pre_init        
000025f4  _ctypes_                
00002808  __TI_Handler_Table_Base 
00002814  __TI_Handler_Table_Limit
00002820  __TI_CINIT_Base         
00002830  __TI_CINIT_Limit        
20000000  __stack                 
20000200  __STACK_END             
20000200  __STACK_TOP             
20000200  tempCorrs               
20000218  buffIn                  
20000224  HVset                   
20000228  _lock                   
2000022c  _unlock                 
20000230  __TI_cleanup_ptr        
20000234  __TI_dtors_ptr          
20000238  _Errno                  
2000023c  main_func_sp            
ffffffff  __binit__               
ffffffff  __c_args__              
ffffffff  binit                   
UNDEFED   SHT$$INIT_ARRAY$$Base   
UNDEFED   SHT$$INIT_ARRAY$$Limit  

[103 symbols]
