------------------------------------------------------------
TimeQuest Timing Analyzer Summary
------------------------------------------------------------

Type  : Slow Model Setup 'IO_E13'
Slack : -4.936
TNS   : -1602.674

Type  : Slow Model Setup 'inst4|altpll_component|pll|clk[1]'
Slack : -3.712
TNS   : -61.664

Type  : Slow Model Setup 'ifclk'
Slack : -3.575
TNS   : -6.899

Type  : Slow Model Hold 'IO_E13'
Slack : -4.226
TNS   : -70.088

Type  : Slow Model Hold 'ifclk'
Slack : 0.445
TNS   : 0.000

Type  : Slow Model Hold 'inst4|altpll_component|pll|clk[1]'
Slack : 0.445
TNS   : 0.000

Type  : Slow Model Recovery 'ifclk'
Slack : 8.455
TNS   : 0.000

Type  : Slow Model Removal 'ifclk'
Slack : 11.603
TNS   : 0.000

Type  : Slow Model Minimum Pulse Width 'IO_E13'
Slack : -2.064
TNS   : -2058.673

Type  : Slow Model Minimum Pulse Width 'inst4|altpll_component|pll|clk[1]'
Slack : 0.555
TNS   : 0.000

Type  : Slow Model Minimum Pulse Width 'ifclk'
Slack : 7.852
TNS   : 0.000

Type  : Fast Model Setup 'inst4|altpll_component|pll|clk[1]'
Slack : -2.009
TNS   : -33.482

Type  : Fast Model Setup 'IO_E13'
Slack : -1.457
TNS   : -346.396

Type  : Fast Model Setup 'ifclk'
Slack : -1.009
TNS   : -1.896

Type  : Fast Model Hold 'IO_E13'
Slack : -2.613
TNS   : -43.223

Type  : Fast Model Hold 'ifclk'
Slack : 0.141
TNS   : 0.000

Type  : Fast Model Hold 'inst4|altpll_component|pll|clk[1]'
Slack : 0.215
TNS   : 0.000

Type  : Fast Model Recovery 'ifclk'
Slack : 9.513
TNS   : 0.000

Type  : Fast Model Removal 'ifclk'
Slack : 11.007
TNS   : 0.000

Type  : Fast Model Minimum Pulse Width 'IO_E13'
Slack : -1.880
TNS   : -1868.022

Type  : Fast Model Minimum Pulse Width 'inst4|altpll_component|pll|clk[1]'
Slack : 0.666
TNS   : 0.000

Type  : Fast Model Minimum Pulse Width 'ifclk'
Slack : 8.036
TNS   : 0.000

------------------------------------------------------------
