------------------------------------------------------------
TimeQuest Timing Analyzer Summary
------------------------------------------------------------

Type  : Slow Model Setup 'IO_E13'
Slack : -4.206
TNS   : -1323.280

Type  : Slow Model Setup 'ifclk'
Slack : -4.135
TNS   : -1203.956

Type  : Slow Model Hold 'IO_E13'
Slack : 0.118
TNS   : 0.000

Type  : Slow Model Hold 'ifclk'
Slack : 0.445
TNS   : 0.000

Type  : Slow Model Recovery 'ifclk'
Slack : -1.153
TNS   : -19.770

Type  : Slow Model Removal 'ifclk'
Slack : 1.670
TNS   : 0.000

Type  : Slow Model Minimum Pulse Width 'IO_E13'
Slack : -2.064
TNS   : -2051.341

Type  : Slow Model Minimum Pulse Width 'ifclk'
Slack : -2.064
TNS   : -1779.979

Type  : Fast Model Setup 'IO_E13'
Slack : -1.457
TNS   : -276.868

Type  : Fast Model Setup 'ifclk'
Slack : -0.979
TNS   : -211.437

Type  : Fast Model Hold 'IO_E13'
Slack : -0.085
TNS   : -0.085

Type  : Fast Model Hold 'ifclk'
Slack : 0.215
TNS   : 0.000

Type  : Fast Model Recovery 'ifclk'
Slack : -0.286
TNS   : -4.516

Type  : Fast Model Removal 'ifclk'
Slack : 1.080
TNS   : 0.000

Type  : Fast Model Minimum Pulse Width 'IO_E13'
Slack : -1.880
TNS   : -1862.022

Type  : Fast Model Minimum Pulse Width 'ifclk'
Slack : -1.880
TNS   : -1615.540

------------------------------------------------------------
