16:05:50 **** Build of project standalone_bsp_0 ****
make -k all 
libgen -hw ../module_1_hw_platform/system.xml\
	       \
	       -pe ps7_cortexa9_0 \
	       -log libgen.log \
	       system.mss
libgen
Xilinx EDK 14.5 Build EDK_P.58f
Copyright (c) 1995-2012 Xilinx, Inc.  All rights reserved.

Command Line: libgen -hw ../module_1_hw_platform/system.xml -pe ps7_cortexa9_0
-log libgen.log system.mss 


Staging source files.
Running DRCs.
Running generate.
Running post_generate.
Running include - 'make -s include "COMPILER=arm-xilinx-eabi-gcc"
"ARCHIVER=arm-xilinx-eabi-ar" "COMPILER_FLAGS= -O2 -c"
"EXTRA_COMPILER_FLAGS=-g"'.

Running libs - 'make -s libs "COMPILER=arm-xilinx-eabi-gcc"
"ARCHIVER=arm-xilinx-eabi-ar" "COMPILER_FLAGS= -O2 -c"
"EXTRA_COMPILER_FLAGS=-g"'.
"Compiling common"
arm-xilinx-eabi-ar: creating ../../../lib/libxil.a
"Compiling xadc"
"Compiling standalone"
"Compiling gpio"
"Compiling devcfg"
"Compiling dmaps"
"Compiling emacps"
"Compiling gpiops"
"Compiling qspips"
"Compiling scugic"
"Compiling scutimer"
"Compiling scuwdt"
"Compiling uartps"
"Compiling usbps"
"Compiling cpu_cortexa9"
Running execs_generate.
'Finished building libraries'
16:06:27 **** Clean-only build of configuration Debug for project Test1 ****
make clean 
rm -rf  ./src/main.o  ./src/main.d  Test1.elf.size  Test1.elf
' '
16:06:27 **** Build of configuration Debug for project Test1 ****
make all 
'Building file: ../src/main.c'
'Invoking: ARM gcc compiler'
arm-xilinx-eabi-gcc -Wall -O0 -g3 -c -fmessage-length=0 -I../../standalone_bsp_0/ps7_cortexa9_0/include -MMD -MP -MF"src/main.d" -MT"src/main.d" -o "src/main.o" "../src/main.c"
../src/main.c: In function 'main':
../src/main.c:117:2: warning: implicit declaration of function 'SetupInterruptSystem' [-Wimplicit-function-declaration]
../src/main.c: In function 'SetupInterruptSystem':
../src/main.c:254:169: warning: extra tokens at end of #ifdef directive [enabled by default]
'Finished building: ../src/main.c'
' '
'Building target: Test1.elf'
'Invoking: ARM gcc linker'
arm-xilinx-eabi-gcc -Wl,-T -Wl,../src/lscript.ld -L../../standalone_bsp_0/ps7_cortexa9_0/lib -o "Test1.elf"  ./src/main.o   -Wl,--start-group,-lxil,-lgcc,-lc,--end-group
'Finished building target: Test1.elf'
' '
'Invoking: ARM Print Size'
arm-xilinx-eabi-size Test1.elf  |tee "Test1.elf.size"
   text	   data	    bss	    dec	    hex	filename
  29000	   1888	  30228	  61116	   eebc	Test1.elf
'Finished building: Test1.elf.size'
' '
16:09:23 **** Incremental Build of configuration Debug for project Test1 ****
make all 
make: No se hace nada para `all'.
16:09:38 **** Incremental Build of configuration Debug for project Test1 ****
make all 
make: No se hace nada para `all'.
16:15:02 **** Auto Build of configuration Debug for project Test1 ****
make all 
'Building file: ../src/main.c'
'Invoking: ARM gcc compiler'
arm-xilinx-eabi-gcc -Wall -O0 -g3 -c -fmessage-length=0 -I../../standalone_bsp_0/ps7_cortexa9_0/include -MMD -MP -MF"src/main.d" -MT"src/main.d" -o "src/main.o" "../src/main.c"
../src/main.c: In function 'main':
../src/main.c:117:2: warning: implicit declaration of function 'SetupInterruptSystem' [-Wimplicit-function-declaration]
../src/main.c: In function 'SetupInterruptSystem':
../src/main.c:254:169: warning: extra tokens at end of #ifdef directive [enabled by default]
../src/main.c:302:56: warning: statement with no effect [-Wunused-value]
../src/main.c:304:2: error: expected ';' before '__asm__'
make: *** [src/main.o] Error 1
16:15:25 **** Auto Build of configuration Debug for project Test1 ****
make all 
'Building file: ../src/main.c'
'Invoking: ARM gcc compiler'
arm-xilinx-eabi-gcc -Wall -O0 -g3 -c -fmessage-length=0 -I../../standalone_bsp_0/ps7_cortexa9_0/include -MMD -MP -MF"src/main.d" -MT"src/main.d" -o "src/main.o" "../src/main.c"
../src/main.c: In function 'main':
../src/main.c:117:2: warning: implicit declaration of function 'SetupInterruptSystem' [-Wimplicit-function-declaration]
../src/main.c: In function 'SetupInterruptSystem':
../src/main.c:254:169: warning: extra tokens at end of #ifdef directive [enabled by default]
'Finished building: ../src/main.c'
' '
'Building target: Test1.elf'
'Invoking: ARM gcc linker'
arm-xilinx-eabi-gcc -Wl,-T -Wl,../src/lscript.ld -L../../standalone_bsp_0/ps7_cortexa9_0/lib -o "Test1.elf"  ./src/main.o   -Wl,--start-group,-lxil,-lgcc,-lc,--end-group
'Finished building target: Test1.elf'
' '
'Invoking: ARM Print Size'
arm-xilinx-eabi-size Test1.elf  |tee "Test1.elf.size"
   text	   data	    bss	    dec	    hex	filename
  29012	   1888	  33828	  64728	   fcd8	Test1.elf
'Finished building: Test1.elf.size'
' '
16:16:05 **** Incremental Build of configuration Debug for project Test1 ****
make all 
make: No se hace nada para `all'.
